Archive member included because of file (symbol)

c:/freescale/kds_3.0.0/toolchain/bin/../lib/gcc/arm-none-eabi/4.8.4/armv7e-m/fpu\libgcc.a(_aeabi_uldivmod.o)
                              ./SDK/platform/drivers/src/pit/fsl_pit_driver.o (__aeabi_uldivmod)
c:/freescale/kds_3.0.0/toolchain/bin/../lib/gcc/arm-none-eabi/4.8.4/armv7e-m/fpu\libgcc.a(bpabi.o)
                              c:/freescale/kds_3.0.0/toolchain/bin/../lib/gcc/arm-none-eabi/4.8.4/armv7e-m/fpu\libgcc.a(_aeabi_uldivmod.o) (__gnu_uldivmod_helper)
c:/freescale/kds_3.0.0/toolchain/bin/../lib/gcc/arm-none-eabi/4.8.4/armv7e-m/fpu\libgcc.a(_dvmd_tls.o)
                              c:/freescale/kds_3.0.0/toolchain/bin/../lib/gcc/arm-none-eabi/4.8.4/armv7e-m/fpu\libgcc.a(_aeabi_uldivmod.o) (__aeabi_ldiv0)
c:/freescale/kds_3.0.0/toolchain/bin/../lib/gcc/arm-none-eabi/4.8.4/armv7e-m/fpu\libgcc.a(_divdi3.o)
                              c:/freescale/kds_3.0.0/toolchain/bin/../lib/gcc/arm-none-eabi/4.8.4/armv7e-m/fpu\libgcc.a(bpabi.o) (__divdi3)
c:/freescale/kds_3.0.0/toolchain/bin/../lib/gcc/arm-none-eabi/4.8.4/armv7e-m/fpu\libgcc.a(_udivdi3.o)
                              c:/freescale/kds_3.0.0/toolchain/bin/../lib/gcc/arm-none-eabi/4.8.4/armv7e-m/fpu\libgcc.a(bpabi.o) (__udivdi3)
c:/freescale/kds_3.0.0/toolchain/bin/../lib/gcc/arm-none-eabi/4.8.4/../../../../arm-none-eabi/lib/armv7e-m/fpu\libg_s.a(lib_a-assert.o)
                              ./Sources/Events.o (__assert_func)
c:/freescale/kds_3.0.0/toolchain/bin/../lib/gcc/arm-none-eabi/4.8.4/../../../../arm-none-eabi/lib/armv7e-m/fpu\libg_s.a(lib_a-calloc.o)
                              ./SDK/platform/osa/src/fsl_os_abstraction_bm.o (calloc)
c:/freescale/kds_3.0.0/toolchain/bin/../lib/gcc/arm-none-eabi/4.8.4/../../../../arm-none-eabi/lib/armv7e-m/fpu\libg_s.a(lib_a-exit.o)
                              c:/freescale/kds_3.0.0/toolchain/bin/../lib/gcc/arm-none-eabi/4.8.4/../../../../arm-none-eabi/lib/armv7e-m/fpu/crt0.o (exit)
c:/freescale/kds_3.0.0/toolchain/bin/../lib/gcc/arm-none-eabi/4.8.4/../../../../arm-none-eabi/lib/armv7e-m/fpu\libg_s.a(lib_a-fprintf.o)
                              c:/freescale/kds_3.0.0/toolchain/bin/../lib/gcc/arm-none-eabi/4.8.4/../../../../arm-none-eabi/lib/armv7e-m/fpu\libg_s.a(lib_a-assert.o) (fiprintf)
c:/freescale/kds_3.0.0/toolchain/bin/../lib/gcc/arm-none-eabi/4.8.4/../../../../arm-none-eabi/lib/armv7e-m/fpu\libg_s.a(lib_a-impure.o)
                              c:/freescale/kds_3.0.0/toolchain/bin/../lib/gcc/arm-none-eabi/4.8.4/../../../../arm-none-eabi/lib/armv7e-m/fpu\libg_s.a(lib_a-exit.o) (_global_impure_ptr)
c:/freescale/kds_3.0.0/toolchain/bin/../lib/gcc/arm-none-eabi/4.8.4/../../../../arm-none-eabi/lib/armv7e-m/fpu\libg_s.a(lib_a-init.o)
                              c:/freescale/kds_3.0.0/toolchain/bin/../lib/gcc/arm-none-eabi/4.8.4/../../../../arm-none-eabi/lib/armv7e-m/fpu/crt0.o (__libc_init_array)
c:/freescale/kds_3.0.0/toolchain/bin/../lib/gcc/arm-none-eabi/4.8.4/../../../../arm-none-eabi/lib/armv7e-m/fpu\libg_s.a(lib_a-malloc.o)
                              ./SDK/platform/osa/src/fsl_os_abstraction_bm.o (malloc)
c:/freescale/kds_3.0.0/toolchain/bin/../lib/gcc/arm-none-eabi/4.8.4/../../../../arm-none-eabi/lib/armv7e-m/fpu\libg_s.a(lib_a-memset.o)
                              c:/freescale/kds_3.0.0/toolchain/bin/../lib/gcc/arm-none-eabi/4.8.4/../../../../arm-none-eabi/lib/armv7e-m/fpu/crt0.o (memset)
c:/freescale/kds_3.0.0/toolchain/bin/../lib/gcc/arm-none-eabi/4.8.4/../../../../arm-none-eabi/lib/armv7e-m/fpu\libg_s.a(lib_a-nano-callocr.o)
                              c:/freescale/kds_3.0.0/toolchain/bin/../lib/gcc/arm-none-eabi/4.8.4/../../../../arm-none-eabi/lib/armv7e-m/fpu\libg_s.a(lib_a-calloc.o) (_calloc_r)
c:/freescale/kds_3.0.0/toolchain/bin/../lib/gcc/arm-none-eabi/4.8.4/../../../../arm-none-eabi/lib/armv7e-m/fpu\libg_s.a(lib_a-nano-freer.o)
                              c:/freescale/kds_3.0.0/toolchain/bin/../lib/gcc/arm-none-eabi/4.8.4/../../../../arm-none-eabi/lib/armv7e-m/fpu\libg_s.a(lib_a-malloc.o) (_free_r)
c:/freescale/kds_3.0.0/toolchain/bin/../lib/gcc/arm-none-eabi/4.8.4/../../../../arm-none-eabi/lib/armv7e-m/fpu\libg_s.a(lib_a-nano-mallocr.o)
                              c:/freescale/kds_3.0.0/toolchain/bin/../lib/gcc/arm-none-eabi/4.8.4/../../../../arm-none-eabi/lib/armv7e-m/fpu\libg_s.a(lib_a-malloc.o) (_malloc_r)
c:/freescale/kds_3.0.0/toolchain/bin/../lib/gcc/arm-none-eabi/4.8.4/../../../../arm-none-eabi/lib/armv7e-m/fpu\libg_s.a(lib_a-sbrkr.o)
                              c:/freescale/kds_3.0.0/toolchain/bin/../lib/gcc/arm-none-eabi/4.8.4/../../../../arm-none-eabi/lib/armv7e-m/fpu\libg_s.a(lib_a-nano-mallocr.o) (_sbrk_r)
c:/freescale/kds_3.0.0/toolchain/bin/../lib/gcc/arm-none-eabi/4.8.4/../../../../arm-none-eabi/lib/armv7e-m/fpu\libg_s.a(lib_a-vfprintf.o)
[...]
Memory Configuration

Name             Origin             Length             Attributes
m_interrupts     0x00000000         0x00000400         xr
m_flash_config   0x00000400         0x00000010         xr
m_interrupts_ram 0x1fff0000         0x00000400         rw
m_text           0x00000410         0x0007fbf0         xr
m_data           0x1fff0400         0x0000fc00         rw
m_data_2         0x20000000         0x00010000         rw
*default*        0x00000000         0xffffffff

Linker script and memory map

LOAD c:/freescale/kds_3.0.0/toolchain/bin/../lib/gcc/arm-none-eabi/4.8.4/armv7e-m/fpu/crti.o
LOAD c:/freescale/kds_3.0.0/toolchain/bin/../lib/gcc/arm-none-eabi/4.8.4/armv7e-m/fpu/crtbegin.o
LOAD c:/freescale/kds_3.0.0/toolchain/bin/../lib/gcc/arm-none-eabi/4.8.4/../../../../arm-none-eabi/lib/armv7e-m/fpu/crt0.o
LOAD ./Static_Code/System/PE_low_level_init.o
LOAD ./Sources/Events.o
LOAD ./Sources/NRF24L01_DRIVER.o
LOAD ./Sources/main.o
LOAD ./SDK/platform/system/src/interrupt/fsl_interrupt_manager.o
LOAD ./SDK/platform/system/src/clock/MK22F51212/fsl_clock_MK22F51212.o
LOAD ./SDK/platform/system/src/clock/fsl_clock_manager.o
LOAD ./SDK/platform/system/src/clock/fsl_clock_manager_common.o
LOAD ./SDK/platform/osa/src/fsl_os_abstraction_bm.o
LOAD ./SDK/platform/hal/src/sim/MK22F51212/fsl_sim_hal_MK22F51212.o
LOAD ./SDK/platform/hal/src/rtc/fsl_rtc_hal.o
LOAD ./SDK/platform/hal/src/port/fsl_port_hal.o
LOAD ./SDK/platform/hal/src/pit/fsl_pit_hal.o
LOAD ./SDK/platform/hal/src/osc/fsl_osc_hal.o
LOAD ./SDK/platform/hal/src/mcg/fsl_mcg_hal.o
LOAD ./SDK/platform/hal/src/mcg/fsl_mcg_hal_modes.o
LOAD ./SDK/platform/hal/src/gpio/fsl_gpio_hal.o
LOAD ./SDK/platform/hal/src/dspi/fsl_dspi_hal.o
LOAD ./SDK/platform/drivers/src/rtc/fsl_rtc_common.o
LOAD ./SDK/platform/drivers/src/pit/fsl_pit_common.o
LOAD ./SDK/platform/drivers/src/pit/fsl_pit_driver.o
LOAD ./SDK/platform/drivers/src/gpio/fsl_gpio_common.o
LOAD ./SDK/platform/drivers/src/gpio/fsl_gpio_driver.o
LOAD ./SDK/platform/drivers/src/dspi/fsl_dspi_common.o
LOAD ./SDK/platform/drivers/src/dspi/fsl_dspi_master_driver.o
LOAD ./SDK/platform/drivers/src/dspi/fsl_dspi_shared_function.o
LOAD ./SDK/platform/drivers/src/dspi/fsl_dspi_slave_driver.o
LOAD ./SDK/platform/devices/MK22F51212/startup/gcc/startup_MK22F51212.o
LOAD ./SDK/platform/devices/MK22F51212/startup/system_MK22F51212.o
LOAD ./SDK/platform/devices/startup.o
LOAD ./Generated_Code/Cpu.o
LOAD ./Generated_Code/clockMan1.o
LOAD ./Generated_Code/dspiCom1.o
LOAD ./Generated_Code/gpio1.o
LOAD ./Generated_Code/hardware_init.o
LOAD ./Generated_Code/osa1.o
LOAD ./Generated_Code/pin_init.o
LOAD ./Generated_Code/pitTimer1.o
LOAD c:/freescale/kds_3.0.0/toolchain/bin/../lib/gcc/arm-none-eabi/4.8.4/../../../../arm-none-eabi/lib/armv7e-m/fpu\libstdc++_s.a
LOAD c:/freescale/kds_3.0.0/toolchain/bin/../lib/gcc/arm-none-eabi/4.8.4/../../../../arm-none-eabi/lib/armv7e-m/fpu\libm.a
START GROUP
LOAD c:/freescale/kds_3.0.0/toolchain/bin/../lib/gcc/arm-none-eabi/4.8.4/armv7e-m/fpu\libgcc.a
LOAD c:/freescale/kds_3.0.0/toolchain/bin/../lib/gcc/arm-none-eabi/4.8.4/../../../../arm-none-eabi/lib/armv7e-m/fpu\libg_s.a
LOAD c:/freescale/kds_3.0.0/toolchain/bin/../lib/gcc/arm-none-eabi/4.8.4/../../../../arm-none-eabi/lib/armv7e-m/fpu\libc_s.a
END GROUP
START GROUP
LOAD c:/freescale/kds_3.0.0/toolchain/bin/../lib/gcc/arm-none-eabi/4.8.4/armv7e-m/fpu\libgcc.a
LOAD c:/freescale/kds_3.0.0/toolchain/bin/../lib/gcc/arm-none-eabi/4.8.4/../../../../arm-none-eabi/lib/armv7e-m/fpu\libc_s.a
LOAD c:/freescale/kds_3.0.0/toolchain/bin/../lib/gcc/arm-none-eabi/4.8.4/../../../../arm-none-eabi/lib/armv7e-m/fpu\libnosys.a
END GROUP
START GROUP
LOAD c:/freescale/kds_3.0.0/toolchain/bin/../lib/gcc/arm-none-eabi/4.8.4/armv7e-m/fpu\libgcc.a
LOAD c:/freescale/kds_3.0.0/toolchain/bin/../lib/gcc/arm-none-eabi/4.8.4/../../../../arm-none-eabi/lib/armv7e-m/fpu\libc_s.a
LOAD c:/freescale/kds_3.0.0/toolchain/bin/../lib/gcc/arm-none-eabi/4.8.4/../../../../arm-none-eabi/lib/armv7e-m/fpu\libnosys.a
END GROUP
LOAD c:/freescale/kds_3.0.0/toolchain/bin/../lib/gcc/arm-none-eabi/4.8.4/armv7e-m/fpu/crtend.o
LOAD c:/freescale/kds_3.0.0/toolchain/bin/../lib/gcc/arm-none-eabi/4.8.4/armv7e-m/fpu/crtn.o
                0x00000000                HEAP_SIZE = DEFINED (__heap_size__)?__heap_size__:0x0
                0x00000400                STACK_SIZE = DEFINED (__stack_size__)?__stack_size__:0x400

.interrupts     0x00000000      0x400
                0x00000000                __VECTOR_TABLE = .
                0x00000000                . = ALIGN (0x4)
 *(.isr_vector)
 .isr_vector    0x00000000      0x400 ./SDK/platform/devices/MK22F51212/startup/gcc/startup_MK22F51212.o
                0x00000000                __isr_vector
                0x00000400                . = ALIGN (0x4)
                0x1fff0000                __VECTOR_RAM = ORIGIN (m_interrupts_ram)

.flash_config   0x00000400       0x10
                0x00000400                . = ALIGN (0x4)
 *(.FlashConfig)
 .FlashConfig   0x00000400       0x10 ./SDK/platform/devices/MK22F51212/startup/gcc/startup_MK22F51212.o
                0x00000410                . = ALIGN (0x4)

.text           0x00000410     0x59d0
                0x00000410                . = ALIGN (0x4)
 *(.text)
 .text          0x00000410       0x54 c:/freescale/kds_3.0.0/toolchain/bin/../lib/gcc/arm-none-eabi/4.8.4/armv7e-m/fpu/crtbegin.o
 .text          0x00000464       0x74 c:/freescale/kds_3.0.0/toolchain/bin/../lib/gcc/arm-none-eabi/4.8.4/../../../../arm-none-eabi/lib/armv7e-m/fpu/crt0.o
                0x00000464                _start
                0x00000464                _mainCRTStartup
 .text          0x000004d8       0x14 ./SDK/platform/devices/MK22F51212/startup/gcc/startup_MK22F51212.o
                0x000004d8                Reset_Handler
                0x000004e8                Reserved54_IRQHandler
                0x000004e8                DebugMon_Handler
                0x000004e8                I2C0_IRQHandler
                0x000004e8                HardFault_Handler
                0x000004e8                Reserved86_IRQHandler
                0x000004e8                Reserved85_IRQHandler
                0x000004e8                PendSV_Handler
                0x000004e8                NMI_Handler
                0x000004e8                UART0_RX_TX_IRQHandler
                0x000004e8                I2C1_IRQHandler
                0x000004e8                DMA2_IRQHandler
                0x000004e8                Reserved99_IRQHandler
                0x000004e8                LLWU_IRQHandler
                0x000004e8                Reserved84_IRQHandler
                0x000004e8                Reserved92_IRQHandler
                0x000004e8                UART2_RX_TX_IRQHandler
                0x000004e8                SWI_IRQHandler
                0x000004e8                ADC0_IRQHandler
                0x000004e8                UsageFault_Handler
                0x000004e8                I2S0_Tx_IRQHandler
                0x000004e8                SPI1_IRQHandler
                0x000004e8                DefaultISR
                0x000004e8                DMA9_IRQHandler
                0x000004e8                DMA14_IRQHandler
                0x000004e8                Reserved82_IRQHandler
                0x000004e8                CMP1_IRQHandler
                0x000004e8                Reserved71_IRQHandler
                0x000004e8                PORTD_IRQHandler
                0x000004e8                PORTB_IRQHandler
                0x000004e8                Reserved70_IRQHandler
                0x000004e8                ADC1_IRQHandler
                0x000004e8                PIT2_IRQHandler
                0x000004e8                I2S0_Rx_IRQHandler
                0x000004e8                Reserved53_IRQHandler
                0x000004e8                DMA5_IRQHandler
                0x000004e8                RTC_IRQHandler
                0x000004e8                PDB0_IRQHandler
                0x000004e8                Reserved96_IRQHandler
                0x000004e8                FTM1_IRQHandler
                0x000004e8                Reserved61_IRQHandler
                0x000004e8                Reserved95_IRQHandler
                0x000004e8                PIT3_IRQHandler
                0x000004e8                RTC_Seconds_IRQHandler
                0x000004e8                MCG_IRQHandler
                0x000004e8                UART2_ERR_IRQHandler
                0x000004e8                DMA11_IRQHandler
                0x000004e8                Read_Collision_IRQHandler
                0x000004e8                Reserved98_IRQHandler
                0x000004e8                DMA7_IRQHandler
                0x000004e8                Reserved101_IRQHandler
                0x000004e8                USB0_IRQHandler
                0x000004e8                WDOG_EWM_IRQHandler
                0x000004e8                MemManage_Handler
                0x000004e8                Reserved90_IRQHandler
                0x000004e8                Reserved83_IRQHandler
                0x000004e8                SVC_Handler
                0x000004e8                DMA13_IRQHandler
                0x000004e8                DMA3_IRQHandler
                0x000004e8                Reserved100_IRQHandler
                0x000004e8                RNG_IRQHandler
                0x000004e8                DMA0_IRQHandler
                0x000004e8                Reserved97_IRQHandler
                0x000004e8                Reserved91_IRQHandler
                0x000004e8                LPUART0_IRQHandler
                0x000004e8                DMA15_IRQHandler
                0x000004e8                DAC0_IRQHandler
                0x000004e8                Reserved81_IRQHandler
                0x000004e8                Reserved94_IRQHandler
                0x000004e8                DMA4_IRQHandler
                0x000004e8                PIT1_IRQHandler
                0x000004e8                UART0_ERR_IRQHandler
                0x000004e8                DMA_Error_IRQHandler
                0x000004e8                LVD_LVW_IRQHandler
                0x000004e8                FTM0_IRQHandler
                0x000004e8                PORTA_IRQHandler
                0x000004e8                DAC1_IRQHandler
                0x000004e8                MCM_IRQHandler
                0x000004e8                DMA12_IRQHandler
                0x000004e8                FTM3_IRQHandler
                0x000004e8                PORTE_IRQHandler
                0x000004e8                FTM2_IRQHandler
                0x000004e8                LPTMR0_IRQHandler
                0x000004e8                BusFault_Handler
                0x000004e8                DMA8_IRQHandler
                0x000004e8                Reserved93_IRQHandler
                0x000004e8                DMA10_IRQHandler
                0x000004e8                UART1_ERR_IRQHandler
                0x000004e8                UART1_RX_TX_IRQHandler
                0x000004e8                CMP0_IRQHandler
                0x000004e8                PORTC_IRQHandler
                0x000004e8                DMA6_IRQHandler
                0x000004e8                FTF_IRQHandler
                0x000004e8                DMA1_IRQHandler
 .text          0x000004ec       0x2c c:/freescale/kds_3.0.0/toolchain/bin/../lib/gcc/arm-none-eabi/4.8.4/armv7e-m/fpu\libgcc.a(_aeabi_uldivmod.o)
                0x000004ec                __aeabi_uldivmod
 .text          0x00000518       0x60 c:/freescale/kds_3.0.0/toolchain/bin/../lib/gcc/arm-none-eabi/4.8.4/armv7e-m/fpu\libgcc.a(bpabi.o)
                0x00000518                __gnu_ldivmod_helper
                0x00000548                __gnu_uldivmod_helper
 .text          0x00000578        0x4 c:/freescale/kds_3.0.0/toolchain/bin/../lib/gcc/arm-none-eabi/4.8.4/armv7e-m/fpu\libgcc.a(_dvmd_tls.o)
                0x00000578                __aeabi_idiv0
                0x00000578                __aeabi_ldiv0
 .text          0x0000057c      0x298 c:/freescale/kds_3.0.0/toolchain/bin/../lib/gcc/arm-none-eabi/4.8.4/armv7e-m/fpu\libgcc.a(_divdi3.o)
                0x0000057c                __divdi3
 .text          0x00000814      0x284 c:/freescale/kds_3.0.0/toolchain/bin/../lib/gcc/arm-none-eabi/4.8.4/armv7e-m/fpu\libgcc.a(_udivdi3.o)
                0x00000814                __udivdi3
 *(.text*)
 .text.PEX_components_init
                0x00000a98        0xc ./Static_Code/System/PE_low_level_init.o
                0x00000a98                PEX_components_init
 .text.PE_low_level_init
                0x00000aa4       0x14 ./Static_Code/System/PE_low_level_init.o
                0x00000aa4                PE_low_level_init
 .text.PIT_HAL_ClearIntFlag
                0x00000ab8       0x40 ./Sources/Events.o
 .text.SPI0_IRQHandler
                0x00000af8        0xc ./Sources/Events.o
                0x00000af8                SPI0_IRQHandler
 .text.Delay_ms
                0x00000b04       0x28 ./Sources/Events.o
                0x00000b04                Delay_ms
 .text.PIT0_IRQHandler
                0x00000b2c       0x44 ./Sources/Events.o
                0x00000b2c                PIT0_IRQHandler
 .text.Clear_NRF_Int_Flags
                0x00000b70       0x40 ./Sources/NRF24L01_DRIVER.o
                0x00000b70                Clear_NRF_Int_Flags
 .text.Set_NRF24L_Rx_Mode
                0x00000bb0       0x64 ./Sources/NRF24L01_DRIVER.o
                0x00000bb0                Set_NRF24L_Rx_Mode
 .text.Set_NRF24L_Tx_Mode
                0x00000c14       0x5c ./Sources/NRF24L01_DRIVER.o
                0x00000c14                Set_NRF24L_Tx_Mode
 .text.Init_NRF24L
                0x00000c70      0x118 ./Sources/NRF24L01_DRIVER.o
                0x00000c70                Init_NRF24L
 .text.Write_Reg_Varified
                0x00000d88       0x5c ./Sources/NRF24L01_DRIVER.o
                0x00000d88                Write_Reg_Varified
 .text.Read_Register
                0x00000de4       0x84 ./Sources/NRF24L01_DRIVER.o
                0x00000de4                Read_Register
 .text.Write_Register
                0x00000e68       0xc0 ./Sources/NRF24L01_DRIVER.o
                0x00000e68                Write_Register
 .text.ReadPayload
                0x00000f28       0x7c ./Sources/NRF24L01_DRIVER.o
                0x00000f28                ReadPayload
 .text.Read_Status
                0x00000fa4       0x2c ./Sources/NRF24L01_DRIVER.o
                0x00000fa4                Read_Status
 .text.SendNewPayload
                0x00000fd0       0xb8 ./Sources/NRF24L01_DRIVER.o
                0x00000fd0                SendNewPayload
 .text.Flush_Tx
                0x00001088       0x40 ./Sources/NRF24L01_DRIVER.o
                0x00001088                Flush_Tx
 .text.Flush_Rx
                0x000010c8       0x40 ./Sources/NRF24L01_DRIVER.o
                0x000010c8                Flush_Rx
 .text.main     0x00001108      0x160 ./Sources/main.o
                0x00001108                main
 .text.INT_SYS_EnableIRQGlobal
                0x00001268       0x30 ./SDK/platform/system/src/interrupt/fsl_interrupt_manager.o
                0x00001268                INT_SYS_EnableIRQGlobal
 .text.INT_SYS_DisableIRQGlobal
                0x00001298       0x1c ./SDK/platform/system/src/interrupt/fsl_interrupt_manager.o
                0x00001298                INT_SYS_DisableIRQGlobal
 .text.SIM_HAL_EnableClock
                0x000012b4       0x44 ./SDK/platform/system/src/clock/MK22F51212/fsl_clock_MK22F51212.o
 .text.CLOCK_HAL_GetOutDiv1
                0x000012f8       0x24 ./SDK/platform/system/src/clock/MK22F51212/fsl_clock_MK22F51212.o
 .text.CLOCK_HAL_GetOutDiv2
                0x0000131c       0x28 ./SDK/platform/system/src/clock/MK22F51212/fsl_clock_MK22F51212.o
 .text.CLOCK_SYS_GetCoreClockFreq
                0x00001344       0x28 ./SDK/platform/system/src/clock/MK22F51212/fsl_clock_MK22F51212.o
                0x00001344                CLOCK_SYS_GetCoreClockFreq
 .text.CLOCK_SYS_GetBusClockFreq
                0x0000136c       0x28 ./SDK/platform/system/src/clock/MK22F51212/fsl_clock_MK22F51212.o
                0x0000136c                CLOCK_SYS_GetBusClockFreq
 .text.CLOCK_SYS_EnablePortClock
                0x00001394       0x48 ./SDK/platform/system/src/clock/MK22F51212/fsl_clock_MK22F51212.o
                0x00001394                CLOCK_SYS_EnablePortClock
 .text.CLOCK_SYS_EnableSpiClock
                0x000013dc       0x48 ./SDK/platform/system/src/clock/MK22F51212/fsl_clock_MK22F51212.o
                0x000013dc                CLOCK_SYS_EnableSpiClock
 .text.OSA_SemaCreate
                0x00001424       0x4c ./SDK/platform/osa/src/fsl_os_abstraction_bm.o
                0x00001424                OSA_SemaCreate
 .text.OSA_SemaWait
                0x00001470       0xc4 ./SDK/platform/osa/src/fsl_os_abstraction_bm.o
                0x00001470                OSA_SemaWait
 .text.OSA_SemaPost
                0x00001534       0x54 ./SDK/platform/osa/src/fsl_os_abstraction_bm.o
                0x00001534                OSA_SemaPost
 .text.OSA_EventSet
                0x00001588       0x48 ./SDK/platform/osa/src/fsl_os_abstraction_bm.o
                0x00001588                OSA_EventSet
 .text.task_init
                0x000015d0       0x64 ./SDK/platform/osa/src/fsl_os_abstraction_bm.o
                0x000015d0                task_init
 .text.OSA_Init
                0x00001634       0x14 ./SDK/platform/osa/src/fsl_os_abstraction_bm.o
                0x00001634                OSA_Init
 .text.CLOCK_HAL_GetClkOutStat
                0x00001648       0x24 ./SDK/platform/hal/src/mcg/fsl_mcg_hal.o
 .text.CLOCK_HAL_IsPllSelected
                0x0000166c       0x30 ./SDK/platform/hal/src/mcg/fsl_mcg_hal.o
 .text.CLOCK_HAL_TestOscFreq
                0x0000169c       0x50 ./SDK/platform/hal/src/mcg/fsl_mcg_hal.o
                0x0000169c                CLOCK_HAL_TestOscFreq
 .text.CLOCK_HAL_GetMcgExternalClkFreq
                0x000016ec       0x28 ./SDK/platform/hal/src/mcg/fsl_mcg_hal.o
 .text.CLOCK_HAL_TestFllExternalRefFreq
                0x00001714       0x90 ./SDK/platform/hal/src/mcg/fsl_mcg_hal.o
                0x00001714                CLOCK_HAL_TestFllExternalRefFreq
 .text.CLOCK_HAL_GetFllRefClk
                0x000017a4       0x74 ./SDK/platform/hal/src/mcg/fsl_mcg_hal.o
                0x000017a4                CLOCK_HAL_GetFllRefClk
 .text.CLOCK_HAL_TestFllFreq
                0x00001818       0x5c ./SDK/platform/hal/src/mcg/fsl_mcg_hal.o
                0x00001818                CLOCK_HAL_TestFllFreq
 .text.CLOCK_HAL_GetFllClk
                0x00001874       0x60 ./SDK/platform/hal/src/mcg/fsl_mcg_hal.o
                0x00001874                CLOCK_HAL_GetFllClk
 .text.CLOCK_HAL_GetPll0RefFreq
                0x000018d4       0x18 ./SDK/platform/hal/src/mcg/fsl_mcg_hal.o
                0x000018d4                CLOCK_HAL_GetPll0RefFreq
 .text.CLOCK_HAL_GetPll0Clk
                0x000018ec       0x7c ./SDK/platform/hal/src/mcg/fsl_mcg_hal.o
                0x000018ec                CLOCK_HAL_GetPll0Clk
 .text.CLOCK_HAL_GetInternalRefClk
                0x00001968       0x64 ./SDK/platform/hal/src/mcg/fsl_mcg_hal.o
                0x00001968                CLOCK_HAL_GetInternalRefClk
 .text.CLOCK_HAL_GetOutClk
                0x000019cc       0x68 ./SDK/platform/hal/src/mcg/fsl_mcg_hal.o
                0x000019cc                CLOCK_HAL_GetOutClk
 .text.GPIO_HAL_SetPinDir
                0x00001a34       0x60 ./SDK/platform/hal/src/gpio/fsl_gpio_hal.o
                0x00001a34                GPIO_HAL_SetPinDir
 .text.GPIO_HAL_WritePinOutput
                0x00001a94       0x4c ./SDK/platform/hal/src/gpio/fsl_gpio_hal.o
                0x00001a94                GPIO_HAL_WritePinOutput
 .text.DSPI_HAL_Enable
                0x00001ae0       0x20 ./SDK/platform/hal/src/dspi/fsl_dspi_hal.o
 .text.DSPI_HAL_Disable
                0x00001b00       0x20 ./SDK/platform/hal/src/dspi/fsl_dspi_hal.o
 .text.DSPI_HAL_IsMaster
                0x00001b20       0x1c ./SDK/platform/hal/src/dspi/fsl_dspi_hal.o
 .text.DSPI_HAL_Init
                0x00001b3c       0x7c ./SDK/platform/hal/src/dspi/fsl_dspi_hal.o
                0x00001b3c                DSPI_HAL_Init
 .text.DSPI_HAL_SetBaudRate
                0x00001bb8      0x14c ./SDK/platform/hal/src/dspi/fsl_dspi_hal.o
                0x00001bb8                DSPI_HAL_SetBaudRate
 .text.DSPI_HAL_SetPcsPolarityMode
                0x00001d04       0x58 ./SDK/platform/hal/src/dspi/fsl_dspi_hal.o
                0x00001d04                DSPI_HAL_SetPcsPolarityMode
 .text.DSPI_HAL_SetFifoCmd
                0x00001d5c       0x64 ./SDK/platform/hal/src/dspi/fsl_dspi_hal.o
                0x00001d5c                DSPI_HAL_SetFifoCmd
 .text.DSPI_HAL_SetFlushFifoCmd
                0x00001dc0       0x38 ./SDK/platform/hal/src/dspi/fsl_dspi_hal.o
                0x00001dc0                DSPI_HAL_SetFlushFifoCmd
 .text.DSPI_HAL_SetDataFormat
                0x00001df8      0x128 ./SDK/platform/hal/src/dspi/fsl_dspi_hal.o
                0x00001df8                DSPI_HAL_SetDataFormat
 .text.DSPI_HAL_SetDelay
                0x00001f20      0x114 ./SDK/platform/hal/src/dspi/fsl_dspi_hal.o
                0x00001f20                DSPI_HAL_SetDelay
 .text.DSPI_HAL_SetTxFifoFillDmaIntMode
                0x00002034       0x3c ./SDK/platform/hal/src/dspi/fsl_dspi_hal.o
                0x00002034                DSPI_HAL_SetTxFifoFillDmaIntMode
 .text.DSPI_HAL_SetRxFifoDrainDmaIntMode
                0x00002070       0x3c ./SDK/platform/hal/src/dspi/fsl_dspi_hal.o
                0x00002070                DSPI_HAL_SetRxFifoDrainDmaIntMode
 .text.DSPI_HAL_SetIntMode
                0x000020ac       0x3c ./SDK/platform/hal/src/dspi/fsl_dspi_hal.o
                0x000020ac                DSPI_HAL_SetIntMode
 .text.DSPI_HAL_GetFormattedCommand
                0x000020e8       0x40 ./SDK/platform/hal/src/dspi/fsl_dspi_hal.o
                0x000020e8                DSPI_HAL_GetFormattedCommand
 .text.NVIC_EnableIRQ
                0x00002128       0x30 ./SDK/platform/drivers/src/pit/fsl_pit_driver.o
 .text.PIT_HAL_Enable
                0x00002158       0x20 ./SDK/platform/drivers/src/pit/fsl_pit_driver.o
 .text.PIT_HAL_SetTimerRunInDebugCmd
                0x00002178       0x28 ./SDK/platform/drivers/src/pit/fsl_pit_driver.o
 .text.PIT_HAL_StartTimer
                0x000021a0       0x44 ./SDK/platform/drivers/src/pit/fsl_pit_driver.o
 .text.PIT_HAL_SetTimerPeriodByCount
                0x000021e4       0x40 ./SDK/platform/drivers/src/pit/fsl_pit_driver.o
 .text.PIT_HAL_SetIntCmd
                0x00002224       0x4c ./SDK/platform/drivers/src/pit/fsl_pit_driver.o
 .text.SIM_HAL_EnableClock
                0x00002270       0x44 ./SDK/platform/drivers/src/pit/fsl_pit_driver.o
 .text.CLOCK_SYS_GetPitFreq
                0x000022b4       0x18 ./SDK/platform/drivers/src/pit/fsl_pit_driver.o
 .text.CLOCK_SYS_EnablePitClock
                0x000022cc       0x1c ./SDK/platform/drivers/src/pit/fsl_pit_driver.o
 .text.INT_SYS_EnableIRQ
                0x000022e8       0x54 ./SDK/platform/drivers/src/pit/fsl_pit_driver.o
 .text.PIT_DRV_Init
                0x0000233c       0x70 ./SDK/platform/drivers/src/pit/fsl_pit_driver.o
                0x0000233c                PIT_DRV_Init
 .text.PIT_DRV_InitChannel
                0x000023ac       0x78 ./SDK/platform/drivers/src/pit/fsl_pit_driver.o
                0x000023ac                PIT_DRV_InitChannel
 .text.PIT_DRV_StartTimer
                0x00002424       0x44 ./SDK/platform/drivers/src/pit/fsl_pit_driver.o
                0x00002424                PIT_DRV_StartTimer
 .text.PIT_DRV_SetTimerPeriodByUs
                0x00002468       0x88 ./SDK/platform/drivers/src/pit/fsl_pit_driver.o
                0x00002468                PIT_DRV_SetTimerPeriodByUs
 .text.NVIC_EnableIRQ
                0x000024f0       0x30 ./SDK/platform/drivers/src/gpio/fsl_gpio_driver.o
 .text.PORT_HAL_SetPullMode
                0x00002520       0x44 ./SDK/platform/drivers/src/gpio/fsl_gpio_driver.o
 .text.PORT_HAL_SetPullCmd
                0x00002564       0x48 ./SDK/platform/drivers/src/gpio/fsl_gpio_driver.o
 .text.PORT_HAL_SetSlewRateMode
                0x000025ac       0x48 ./SDK/platform/drivers/src/gpio/fsl_gpio_driver.o
 .text.PORT_HAL_SetPassiveFilterCmd
                0x000025f4       0x48 ./SDK/platform/drivers/src/gpio/fsl_gpio_driver.o
 .text.PORT_HAL_SetOpenDrainCmd
                0x0000263c       0x48 ./SDK/platform/drivers/src/gpio/fsl_gpio_driver.o
 .text.PORT_HAL_SetDriveStrengthMode
                0x00002684       0x48 ./SDK/platform/drivers/src/gpio/fsl_gpio_driver.o
 .text.PORT_HAL_SetMuxMode
                0x000026cc       0x58 ./SDK/platform/drivers/src/gpio/fsl_gpio_driver.o
 .text.PORT_HAL_SetDigitalFilterCmd
                0x00002724       0x4c ./SDK/platform/drivers/src/gpio/fsl_gpio_driver.o
 .text.PORT_HAL_SetPinIntMode
                0x00002770       0x58 ./SDK/platform/drivers/src/gpio/fsl_gpio_driver.o
 .text.GPIO_HAL_SetPinOutput
                0x000027c8       0x38 ./SDK/platform/drivers/src/gpio/fsl_gpio_driver.o
 .text.GPIO_HAL_ClearPinOutput
                0x00002800       0x38 ./SDK/platform/drivers/src/gpio/fsl_gpio_driver.o
 .text.GPIO_HAL_ReadPinInput
                0x00002838       0x40 ./SDK/platform/drivers/src/gpio/fsl_gpio_driver.o
 .text.INT_SYS_EnableIRQ
                0x00002878       0x54 ./SDK/platform/drivers/src/gpio/fsl_gpio_driver.o
 .text.GPIO_DRV_Init
                0x000028cc       0x50 ./SDK/platform/drivers/src/gpio/fsl_gpio_driver.o
                0x000028cc                GPIO_DRV_Init
 .text.GPIO_DRV_InputPinInit
                0x0000291c       0xc4 ./SDK/platform/drivers/src/gpio/fsl_gpio_driver.o
                0x0000291c                GPIO_DRV_InputPinInit
 .text.GPIO_DRV_OutputPinInit
                0x000029e0       0x90 ./SDK/platform/drivers/src/gpio/fsl_gpio_driver.o
                0x000029e0                GPIO_DRV_OutputPinInit
 .text.GPIO_DRV_SetPinOutput
                0x00002a70       0x30 ./SDK/platform/drivers/src/gpio/fsl_gpio_driver.o
                0x00002a70                GPIO_DRV_SetPinOutput
 .text.GPIO_DRV_ClearPinOutput
                0x00002aa0       0x30 ./SDK/platform/drivers/src/gpio/fsl_gpio_driver.o
                0x00002aa0                GPIO_DRV_ClearPinOutput
 .text.GPIO_DRV_ReadPinInput
                0x00002ad0       0x34 ./SDK/platform/drivers/src/gpio/fsl_gpio_driver.o
                0x00002ad0                GPIO_DRV_ReadPinInput
 .text.NVIC_EnableIRQ
                0x00002b04       0x30 ./SDK/platform/drivers/src/dspi/fsl_dspi_master_driver.o
 .text.DSPI_HAL_Enable
                0x00002b34       0x20 ./SDK/platform/drivers/src/dspi/fsl_dspi_master_driver.o
 .text.DSPI_HAL_SetMasterSlaveMode
                0x00002b54       0x24 ./SDK/platform/drivers/src/dspi/fsl_dspi_master_driver.o
 .text.DSPI_HAL_SetContinuousSckCmd
                0x00002b78       0x24 ./SDK/platform/drivers/src/dspi/fsl_dspi_master_driver.o
 .text.DSPI_HAL_StartTransfer
                0x00002b9c       0x20 ./SDK/platform/drivers/src/dspi/fsl_dspi_master_driver.o
 .text.DSPI_HAL_StopTransfer
                0x00002bbc       0x20 ./SDK/platform/drivers/src/dspi/fsl_dspi_master_driver.o
 .text.DSPI_HAL_GetStatusFlag
                0x00002bdc       0x30 ./SDK/platform/drivers/src/dspi/fsl_dspi_master_driver.o
 .text.DSPI_HAL_ClearStatusFlag
                0x00002c0c       0x20 ./SDK/platform/drivers/src/dspi/fsl_dspi_master_driver.o
 .text.DSPI_HAL_ReadData
                0x00002c2c       0x18 ./SDK/platform/drivers/src/dspi/fsl_dspi_master_driver.o
 .text.DSPI_HAL_WriteCmdDataMastermode
                0x00002c44       0x1c ./SDK/platform/drivers/src/dspi/fsl_dspi_master_driver.o
 .text.DSPI_HAL_PresetTransferCount
                0x00002c60       0x28 ./SDK/platform/drivers/src/dspi/fsl_dspi_master_driver.o
 .text.CLOCK_SYS_GetSpiFreq
                0x00002c88       0x18 ./SDK/platform/drivers/src/dspi/fsl_dspi_master_driver.o
 .text.INT_SYS_EnableIRQ
                0x00002ca0       0x54 ./SDK/platform/drivers/src/dspi/fsl_dspi_master_driver.o
 .text.DSPI_DRV_MasterInit
                0x00002cf4       0xe4 ./SDK/platform/drivers/src/dspi/fsl_dspi_master_driver.o
                0x00002cf4                DSPI_DRV_MasterInit
 .text.DSPI_DRV_MasterConfigureBus
                0x00002dd8       0x8c ./SDK/platform/drivers/src/dspi/fsl_dspi_master_driver.o
                0x00002dd8                DSPI_DRV_MasterConfigureBus
 .text.DSPI_DRV_MasterTransferBlocking
                0x00002e64       0xb0 ./SDK/platform/drivers/src/dspi/fsl_dspi_master_driver.o
                0x00002e64                DSPI_DRV_MasterTransferBlocking
 .text.DSPI_DRV_MasterStartTransfer
                0x00002f14       0xf8 ./SDK/platform/drivers/src/dspi/fsl_dspi_master_driver.o
 .text.DSPI_DRV_MasterFillupTxFifo
                0x0000300c      0x1e4 ./SDK/platform/drivers/src/dspi/fsl_dspi_master_driver.o
 .text.DSPI_DRV_MasterCompleteTransfer
                0x000031f0       0x5c ./SDK/platform/drivers/src/dspi/fsl_dspi_master_driver.o
 .text.DSPI_DRV_MasterIRQHandler
                0x0000324c      0x13c ./SDK/platform/drivers/src/dspi/fsl_dspi_master_driver.o
                0x0000324c                DSPI_DRV_MasterIRQHandler
 .text.DSPI_HAL_IsMaster
                0x00003388       0x1c ./SDK/platform/drivers/src/dspi/fsl_dspi_shared_function.o
 .text.DSPI_DRV_IRQHandler
                0x000033a4       0x54 ./SDK/platform/drivers/src/dspi/fsl_dspi_shared_function.o
                0x000033a4                DSPI_DRV_IRQHandler
 .text.DSPI_HAL_GetIntMode
                0x000033f8       0x30 ./SDK/platform/drivers/src/dspi/fsl_dspi_slave_driver.o
 .text.DSPI_HAL_GetStatusFlag
                0x00003428       0x30 ./SDK/platform/drivers/src/dspi/fsl_dspi_slave_driver.o
 .text.DSPI_HAL_ClearStatusFlag
                0x00003458       0x20 ./SDK/platform/drivers/src/dspi/fsl_dspi_slave_driver.o
 .text.DSPI_HAL_ReadData
                0x00003478       0x18 ./SDK/platform/drivers/src/dspi/fsl_dspi_slave_driver.o
 .text.DSPI_HAL_WriteDataSlavemode
                0x00003490       0x1c ./SDK/platform/drivers/src/dspi/fsl_dspi_slave_driver.o
 .text.DSPI_DRV_SlaveIRQHandler
                0x000034ac      0x1fc ./SDK/platform/drivers/src/dspi/fsl_dspi_slave_driver.o
                0x000034ac                DSPI_DRV_SlaveIRQHandler
 .text.DSPI_DRV_SlaveCompleteTransfer
                0x000036a8       0x84 ./SDK/platform/drivers/src/dspi/fsl_dspi_slave_driver.o
 .text.SystemInit
                0x0000372c      0x214 ./SDK/platform/devices/MK22F51212/startup/system_MK22F51212.o
                0x0000372c                SystemInit
 .text.init_data_bss
                0x00003940       0xcc ./SDK/platform/devices/startup.o
                0x00003940                init_data_bss
 .text.NVIC_SetPriority
                0x00003a0c       0x54 ./Generated_Code/Cpu.o
 .text.Components_Init
                0x00003a60       0x60 ./Generated_Code/Cpu.o
                0x00003a60                Components_Init
 .text.SIM_HAL_EnableClock
                0x00003ac0       0x44 ./Generated_Code/hardware_init.o
 .text.hardware_init
                0x00003b04       0x74 ./Generated_Code/hardware_init.o
                0x00003b04                hardware_init
 .text.NVIC_SetPriority
                0x00003b78       0x54 ./Generated_Code/osa1.o
 .text.CLOCK_SYS_GetSystickFreq
                0x00003bcc       0x10 ./Generated_Code/osa1.o
 .text.SysTick_Handler
                0x00003bdc       0x20 ./Generated_Code/osa1.o
                0x00003bdc                SysTick_Handler
 .text.OSA_TimeInit
                0x00003bfc       0xbc ./Generated_Code/osa1.o
                0x00003bfc                OSA_TimeInit
 .text.OSA_TimeDiff
                0x00003cb8       0x30 ./Generated_Code/osa1.o
                0x00003cb8                OSA_TimeDiff
 .text.OSA_TimeGetMsec
                0x00003ce8       0x18 ./Generated_Code/osa1.o
                0x00003ce8                OSA_TimeGetMsec
 .text.PORT_HAL_SetPullMode
                0x00003d00       0x44 ./Generated_Code/pin_init.o
 .text.PORT_HAL_SetPullCmd
                0x00003d44       0x48 ./Generated_Code/pin_init.o
 .text.PORT_HAL_SetSlewRateMode
                0x00003d8c       0x48 ./Generated_Code/pin_init.o
 .text.PORT_HAL_SetOpenDrainCmd
                0x00003dd4       0x48 ./Generated_Code/pin_init.o
 .text.PORT_HAL_SetDriveStrengthMode
                0x00003e1c       0x48 ./Generated_Code/pin_init.o
 .text.PORT_HAL_SetMuxMode
                0x00003e64       0x58 ./Generated_Code/pin_init.o
 .text.init_gpio_pins
                0x00003ebc      0x118 ./Generated_Code/pin_init.o
                0x00003ebc                init_gpio_pins
 .text.init_jtag_pins
                0x00003fd4       0x3c ./Generated_Code/pin_init.o
                0x00003fd4                init_jtag_pins
 .text.init_llwu_pins
                0x00004010       0x90 ./Generated_Code/pin_init.o
                0x00004010                init_llwu_pins
 .text.init_osc_pins
                0x000040a0       0x28 ./Generated_Code/pin_init.o
                0x000040a0                init_osc_pins
 .text.init_spi_pins
                0x000040c8       0x44 ./Generated_Code/pin_init.o
                0x000040c8                init_spi_pins
 .text.init_tpiu_pins
                0x0000410c       0x1c ./Generated_Code/pin_init.o
                0x0000410c                init_tpiu_pins
 .text.__assert_func
                0x00004128       0x38 c:/freescale/kds_3.0.0/toolchain/bin/../lib/gcc/arm-none-eabi/4.8.4/../../../../arm-none-eabi/lib/armv7e-m/fpu\libg_s.a(lib_a-assert.o)
                0x00004128                __assert_func
 .text.exit     0x00004160       0x28 c:/freescale/kds_3.0.0/toolchain/bin/../lib/gcc/arm-none-eabi/4.8.4/../../../../arm-none-eabi/lib/armv7e-m/fpu\libg_s.a(lib_a-exit.o)
                0x00004160                exit
 .text.fprintf  0x00004188       0x24 c:/freescale/kds_3.0.0/toolchain/bin/../lib/gcc/arm-none-eabi/4.8.4/../../../../arm-none-eabi/lib/armv7e-m/fpu\libg_s.a(lib_a-fprintf.o)
                0x00004188                fiprintf
                0x00004188                fprintf
 .text.__libc_init_array
                0x000041ac       0x4c c:/freescale/kds_3.0.0/toolchain/bin/../lib/gcc/arm-none-eabi/4.8.4/../../../../arm-none-eabi/lib/armv7e-m/fpu\libg_s.a(lib_a-init.o)
                0x000041ac                __libc_init_array
 .text.memset   0x000041f8       0x10 c:/freescale/kds_3.0.0/toolchain/bin/../lib/gcc/arm-none-eabi/4.8.4/../../../../arm-none-eabi/lib/armv7e-m/fpu\libg_s.a(lib_a-memset.o)
                0x000041f8                memset
 .text._free_r  0x00004208       0x88 c:/freescale/kds_3.0.0/toolchain/bin/../lib/gcc/arm-none-eabi/4.8.4/../../../../arm-none-eabi/lib/armv7e-m/fpu\libg_s.a(lib_a-nano-freer.o)
                0x00004208                _free_r
 .text._malloc_r
                0x00004290       0xa8 c:/freescale/kds_3.0.0/toolchain/bin/../lib/gcc/arm-none-eabi/4.8.4/../../../../arm-none-eabi/lib/armv7e-m/fpu\libg_s.a(lib_a-nano-mallocr.o)
                0x00004290                _malloc_r
 .text._sbrk_r  0x00004338       0x20 c:/freescale/kds_3.0.0/toolchain/bin/../lib/gcc/arm-none-eabi/4.8.4/../../../../arm-none-eabi/lib/armv7e-m/fpu\libg_s.a(lib_a-sbrkr.o)
                0x00004338                _sbrk_r
 .text.__sfputc_r
                0x00004358       0x2c c:/freescale/kds_3.0.0/toolchain/bin/../lib/gcc/arm-none-eabi/4.8.4/../../../../arm-none-eabi/lib/armv7e-m/fpu\libg_s.a(lib_a-vfprintf.o)
 .text.__sfputs_r
                0x00004384       0x24 c:/freescale/kds_3.0.0/toolchain/bin/../lib/gcc/arm-none-eabi/4.8.4/../../../../arm-none-eabi/lib/armv7e-m/fpu\libg_s.a(lib_a-vfprintf.o)
                0x00004384                __sfputs_r
 .text._vfprintf_r
                0x000043a8      0x208 c:/freescale/kds_3.0.0/toolchain/bin/../lib/gcc/arm-none-eabi/4.8.4/../../../../arm-none-eabi/lib/armv7e-m/fpu\libg_s.a(lib_a-vfprintf.o)
                0x000043a8                _vfprintf_r
                0x000043a8                _vfiprintf_r
 .text._printf_common
                0x000045b0       0xe4 c:/freescale/kds_3.0.0/toolchain/bin/../lib/gcc/arm-none-eabi/4.8.4/../../../../arm-none-eabi/lib/armv7e-m/fpu\libg_s.a(lib_a-vfprintf_i.o)
                0x000045b0                _printf_common
 .text._printf_i
                0x00004694      0x228 c:/freescale/kds_3.0.0/toolchain/bin/../lib/gcc/arm-none-eabi/4.8.4/../../../../arm-none-eabi/lib/armv7e-m/fpu\libg_s.a(lib_a-vfprintf_i.o)
                0x00004694                _printf_i
 .text.__swbuf_r
                0x000048bc       0xa8 c:/freescale/kds_3.0.0/toolchain/bin/../lib/gcc/arm-none-eabi/4.8.4/../../../../arm-none-eabi/lib/armv7e-m/fpu\libg_s.a(lib_a-wbuf.o)
                0x000048bc                __swbuf_r
 .text.__swsetup_r
                0x00004964       0xdc c:/freescale/kds_3.0.0/toolchain/bin/../lib/gcc/arm-none-eabi/4.8.4/../../../../arm-none-eabi/lib/armv7e-m/fpu\libg_s.a(lib_a-wsetup.o)
                0x00004964                __swsetup_r
 .text.abort    0x00004a40        0xe c:/freescale/kds_3.0.0/toolchain/bin/../lib/gcc/arm-none-eabi/4.8.4/../../../../arm-none-eabi/lib/armv7e-m/fpu\libg_s.a(lib_a-abort.o)
                0x00004a40                abort
 .text.__sflush_r
                0x00004a4e      0x106 c:/freescale/kds_3.0.0/toolchain/bin/../lib/gcc/arm-none-eabi/4.8.4/../../../../arm-none-eabi/lib/armv7e-m/fpu\libg_s.a(lib_a-fflush.o)
                0x00004a4e                __sflush_r
 .text._fflush_r
                0x00004b54       0x54 c:/freescale/kds_3.0.0/toolchain/bin/../lib/gcc/arm-none-eabi/4.8.4/../../../../arm-none-eabi/lib/armv7e-m/fpu\libg_s.a(lib_a-fflush.o)
                0x00004b54                _fflush_r
 .text._cleanup_r
                0x00004ba8       0x32 c:/freescale/kds_3.0.0/toolchain/bin/../lib/gcc/arm-none-eabi/4.8.4/../../../../arm-none-eabi/lib/armv7e-m/fpu\libg_s.a(lib_a-findfp.o)
                0x00004ba8                _cleanup_r
 *fill*         0x00004bda        0x2 
 .text.std.isra.0
                0x00004bdc       0x48 c:/freescale/kds_3.0.0/toolchain/bin/../lib/gcc/arm-none-eabi/4.8.4/../../../../arm-none-eabi/lib/armv7e-m/fpu\libg_s.a(lib_a-findfp.o)
 .text.__sfmoreglue
                0x00004c24       0x2c c:/freescale/kds_3.0.0/toolchain/bin/../lib/gcc/arm-none-eabi/4.8.4/../../../../arm-none-eabi/lib/armv7e-m/fpu\libg_s.a(lib_a-findfp.o)
                0x00004c24                __sfmoreglue
 .text.__sinit  0x00004c50       0x60 c:/freescale/kds_3.0.0/toolchain/bin/../lib/gcc/arm-none-eabi/4.8.4/../../../../arm-none-eabi/lib/armv7e-m/fpu\libg_s.a(lib_a-findfp.o)
                0x00004c50                __sinit
 .text.__sfp    0x00004cb0       0x74 c:/freescale/kds_3.0.0/toolchain/bin/../lib/gcc/arm-none-eabi/4.8.4/../../../../arm-none-eabi/lib/armv7e-m/fpu\libg_s.a(lib_a-findfp.o)
                0x00004cb0                __sfp
 .text.__smakebuf_r
                0x00004d24       0x9c c:/freescale/kds_3.0.0/toolchain/bin/../lib/gcc/arm-none-eabi/4.8.4/../../../../arm-none-eabi/lib/armv7e-m/fpu\libg_s.a(lib_a-makebuf.o)
                0x00004d24                __smakebuf_r
 .text.memchr   0x00004dc0       0x1e c:/freescale/kds_3.0.0/toolchain/bin/../lib/gcc/arm-none-eabi/4.8.4/../../../../arm-none-eabi/lib/armv7e-m/fpu\libg_s.a(lib_a-memchr-stub.o)
                0x00004dc0                memchr
 .text._raise_r
                0x00004dde       0x50 c:/freescale/kds_3.0.0/toolchain/bin/../lib/gcc/arm-none-eabi/4.8.4/../../../../arm-none-eabi/lib/armv7e-m/fpu\libg_s.a(lib_a-signal.o)
                0x00004dde                _raise_r
 *fill*         0x00004e2e        0x2 
 .text.raise    0x00004e30       0x10 c:/freescale/kds_3.0.0/toolchain/bin/../lib/gcc/arm-none-eabi/4.8.4/../../../../arm-none-eabi/lib/armv7e-m/fpu\libg_s.a(lib_a-signal.o)
                0x00004e30                raise
 .text._kill_r  0x00004e40       0x24 c:/freescale/kds_3.0.0/toolchain/bin/../lib/gcc/arm-none-eabi/4.8.4/../../../../arm-none-eabi/lib/armv7e-m/fpu\libg_s.a(lib_a-signalr.o)
                0x00004e40                _kill_r
 .text._getpid_r
                0x00004e64        0x4 c:/freescale/kds_3.0.0/toolchain/bin/../lib/gcc/arm-none-eabi/4.8.4/../../../../arm-none-eabi/lib/armv7e-m/fpu\libg_s.a(lib_a-signalr.o)
                0x00004e64                _getpid_r
 .text.__sread  0x00004e68       0x22 c:/freescale/kds_3.0.0/toolchain/bin/../lib/gcc/arm-none-eabi/4.8.4/../../../../arm-none-eabi/lib/armv7e-m/fpu\libg_s.a(lib_a-stdio.o)
                0x00004e68                __sread
 .text.__swrite
                0x00004e8a       0x38 c:/freescale/kds_3.0.0/toolchain/bin/../lib/gcc/arm-none-eabi/4.8.4/../../../../arm-none-eabi/lib/armv7e-m/fpu\libg_s.a(lib_a-stdio.o)
                0x00004e8a                __swrite
 .text.__sseek  0x00004ec2       0x24 c:/freescale/kds_3.0.0/toolchain/bin/../lib/gcc/arm-none-eabi/4.8.4/../../../../arm-none-eabi/lib/armv7e-m/fpu\libg_s.a(lib_a-stdio.o)
                0x00004ec2                __sseek
 .text.__sclose
                0x00004ee6        0x8 c:/freescale/kds_3.0.0/toolchain/bin/../lib/gcc/arm-none-eabi/4.8.4/../../../../arm-none-eabi/lib/armv7e-m/fpu\libg_s.a(lib_a-stdio.o)
                0x00004ee6                __sclose
 .text.strlen   0x00004eee       0x10 c:/freescale/kds_3.0.0/toolchain/bin/../lib/gcc/arm-none-eabi/4.8.4/../../../../arm-none-eabi/lib/armv7e-m/fpu\libg_s.a(lib_a-strlen.o)
                0x00004eee                strlen
 *fill*         0x00004efe        0x2 
 .text._write_r
                0x00004f00       0x24 c:/freescale/kds_3.0.0/toolchain/bin/../lib/gcc/arm-none-eabi/4.8.4/../../../../arm-none-eabi/lib/armv7e-m/fpu\libg_s.a(lib_a-writer.o)
                0x00004f00                _write_r
 .text._close_r
                0x00004f24       0x20 c:/freescale/kds_3.0.0/toolchain/bin/../lib/gcc/arm-none-eabi/4.8.4/../../../../arm-none-eabi/lib/armv7e-m/fpu\libg_s.a(lib_a-closer.o)
                0x00004f24                _close_r
 .text._fstat_r
                0x00004f44       0x24 c:/freescale/kds_3.0.0/toolchain/bin/../lib/gcc/arm-none-eabi/4.8.4/../../../../arm-none-eabi/lib/armv7e-m/fpu\libg_s.a(lib_a-fstatr.o)
                0x00004f44                _fstat_r
 .text._isatty_r
                0x00004f68       0x20 c:/freescale/kds_3.0.0/toolchain/bin/../lib/gcc/arm-none-eabi/4.8.4/../../../../arm-none-eabi/lib/armv7e-m/fpu\libg_s.a(lib_a-isattyr.o)
                0x00004f68                _isatty_r
 .text._lseek_r
                0x00004f88       0x24 c:/freescale/kds_3.0.0/toolchain/bin/../lib/gcc/arm-none-eabi/4.8.4/../../../../arm-none-eabi/lib/armv7e-m/fpu\libg_s.a(lib_a-lseekr.o)
                0x00004f88                _lseek_r
 .text._read_r  0x00004fac       0x24 c:/freescale/kds_3.0.0/toolchain/bin/../lib/gcc/arm-none-eabi/4.8.4/../../../../arm-none-eabi/lib/armv7e-m/fpu\libg_s.a(lib_a-readr.o)
                0x00004fac                _read_r
 .text._close   0x00004fd0       0x10 c:/freescale/kds_3.0.0/toolchain/bin/../lib/gcc/arm-none-eabi/4.8.4/../../../../arm-none-eabi/lib/armv7e-m/fpu\libnosys.a(close.o)
                0x00004fd0                _close
 .text._fstat   0x00004fe0       0x10 c:/freescale/kds_3.0.0/toolchain/bin/../lib/gcc/arm-none-eabi/4.8.4/../../../../arm-none-eabi/lib/armv7e-m/fpu\libnosys.a(fstat.o)
                0x00004fe0                _fstat
 .text._getpid  0x00004ff0       0x10 c:/freescale/kds_3.0.0/toolchain/bin/../lib/gcc/arm-none-eabi/4.8.4/../../../../arm-none-eabi/lib/armv7e-m/fpu\libnosys.a(getpid.o)
                0x00004ff0                _getpid
 .text._isatty  0x00005000       0x10 c:/freescale/kds_3.0.0/toolchain/bin/../lib/gcc/arm-none-eabi/4.8.4/../../../../arm-none-eabi/lib/armv7e-m/fpu\libnosys.a(isatty.o)
                0x00005000                _isatty
 .text._kill    0x00005010       0x10 c:/freescale/kds_3.0.0/toolchain/bin/../lib/gcc/arm-none-eabi/4.8.4/../../../../arm-none-eabi/lib/armv7e-m/fpu\libnosys.a(kill.o)
                0x00005010                _kill
 .text._lseek   0x00005020       0x10 c:/freescale/kds_3.0.0/toolchain/bin/../lib/gcc/arm-none-eabi/4.8.4/../../../../arm-none-eabi/lib/armv7e-m/fpu\libnosys.a(lseek.o)
                0x00005020                _lseek
 .text._read    0x00005030       0x10 c:/freescale/kds_3.0.0/toolchain/bin/../lib/gcc/arm-none-eabi/4.8.4/../../../../arm-none-eabi/lib/armv7e-m/fpu\libnosys.a(read.o)
                0x00005030                _read
 .text._sbrk    0x00005040       0x34 c:/freescale/kds_3.0.0/toolchain/bin/../lib/gcc/arm-none-eabi/4.8.4/../../../../arm-none-eabi/lib/armv7e-m/fpu\libnosys.a(sbrk.o)
                0x00005040                _sbrk
 .text._write   0x00005074       0x10 c:/freescale/kds_3.0.0/toolchain/bin/../lib/gcc/arm-none-eabi/4.8.4/../../../../arm-none-eabi/lib/armv7e-m/fpu\libnosys.a(write.o)
                0x00005074                _write
 .text._exit    0x00005084        0x4 c:/freescale/kds_3.0.0/toolchain/bin/../lib/gcc/arm-none-eabi/4.8.4/../../../../arm-none-eabi/lib/armv7e-m/fpu\libnosys.a(_exit.o)
                0x00005084                _exit
 *(.rodata)
 .rodata        0x00005088       0x78 ./Sources/Events.o
 .rodata        0x00005100        0x8 ./Sources/main.o
 .rodata        0x00005108      0x1e4 ./SDK/platform/system/src/clock/MK22F51212/fsl_clock_MK22F51212.o
 .rodata        0x000052ec       0x64 ./SDK/platform/osa/src/fsl_os_abstraction_bm.o
 .rodata        0x00005350       0x38 ./SDK/platform/hal/src/gpio/fsl_gpio_hal.o
 .rodata        0x00005388      0x174 ./SDK/platform/drivers/src/pit/fsl_pit_driver.o
 .rodata        0x000054fc      0x150 ./SDK/platform/drivers/src/gpio/fsl_gpio_driver.o
 .rodata        0x0000564c       0xdc ./SDK/platform/drivers/src/dspi/fsl_dspi_master_driver.o
 .rodata        0x00005728       0x5c ./SDK/platform/drivers/src/dspi/fsl_dspi_shared_function.o
 .rodata        0x00005784       0x2c ./Generated_Code/osa1.o
 .rodata        0x000057b0       0x5c ./Generated_Code/pin_init.o
 *(.rodata*)
 .rodata.__func__.8426
                0x0000580c       0x18 ./Sources/Events.o
 .rodata.portGateTable
                0x00005824        0x8 ./SDK/platform/system/src/clock/MK22F51212/fsl_clock_MK22F51212.o
 .rodata.spiGateTable
                0x0000582c        0x4 ./SDK/platform/system/src/clock/MK22F51212/fsl_clock_MK22F51212.o
 .rodata.__func__.7510
                0x00005830       0x1c ./SDK/platform/system/src/clock/MK22F51212/fsl_clock_MK22F51212.o
 .rodata.__func__.7562
                0x0000584c       0x1c ./SDK/platform/system/src/clock/MK22F51212/fsl_clock_MK22F51212.o
 .rodata.__func__.7551
                0x00005868       0x10 ./SDK/platform/osa/src/fsl_os_abstraction_bm.o
 .rodata.__func__.7557
                0x00005878       0x10 ./SDK/platform/osa/src/fsl_os_abstraction_bm.o
 .rodata.__func__.7561
                0x00005888       0x10 ./SDK/platform/osa/src/fsl_os_abstraction_bm.o
 .rodata.__func__.7607
                0x00005898       0x10 ./SDK/platform/osa/src/fsl_os_abstraction_bm.o
 .rodata.fllFactorTable.6182
                0x000058a8       0x10 ./SDK/platform/hal/src/mcg/fsl_mcg_hal.o
 .rodata.__func__.5961
                0x000058b8       0x14 ./SDK/platform/hal/src/gpio/fsl_gpio_hal.o
 .rodata.__func__.5967
                0x000058cc       0x18 ./SDK/platform/hal/src/gpio/fsl_gpio_hal.o
 .rodata.s_baudratePrescaler
                0x000058e4       0x10 ./SDK/platform/hal/src/dspi/fsl_dspi_hal.o
 .rodata.s_baudrateScaler
                0x000058f4       0x40 ./SDK/platform/hal/src/dspi/fsl_dspi_hal.o
 .rodata.g_pitBase
                0x00005934        0x4 ./SDK/platform/drivers/src/pit/fsl_pit_common.o
                0x00005934                g_pitBase
 .rodata.g_pitIrqId
                0x00005938        0x4 ./SDK/platform/drivers/src/pit/fsl_pit_common.o
                0x00005938                g_pitIrqId
 .rodata.__func__.7520
                0x0000593c       0x10 ./SDK/platform/drivers/src/pit/fsl_pit_driver.o
 .rodata.__func__.7527
                0x0000594c       0x14 ./SDK/platform/drivers/src/pit/fsl_pit_driver.o
 .rodata.__func__.5941
                0x00005960       0x14 ./SDK/platform/drivers/src/pit/fsl_pit_driver.o
 .rodata.__func__.7504
                0x00005974       0x14 ./SDK/platform/drivers/src/pit/fsl_pit_driver.o
 .rodata.__func__.7542
                0x00005988       0x14 ./SDK/platform/drivers/src/pit/fsl_pit_driver.o
 .rodata.__func__.5909
                0x0000599c       0x14 ./SDK/platform/drivers/src/pit/fsl_pit_driver.o
 .rodata.__func__.7555
                0x000059b0       0x1c ./SDK/platform/drivers/src/pit/fsl_pit_driver.o
 .rodata.__func__.5925
                0x000059cc       0x20 ./SDK/platform/drivers/src/pit/fsl_pit_driver.o
 .rodata.g_gpioBase
                0x000059ec       0x14 ./SDK/platform/drivers/src/gpio/fsl_gpio_common.o
                0x000059ec                g_gpioBase
 .rodata.g_portBase
                0x00005a00       0x14 ./SDK/platform/drivers/src/gpio/fsl_gpio_common.o
                0x00005a00                g_portBase
 .rodata.g_portIrqId
                0x00005a14        0x8 ./SDK/platform/drivers/src/gpio/fsl_gpio_common.o
                0x00005a14                g_portIrqId
 .rodata.__func__.5963
                0x00005a1c       0x14 ./SDK/platform/drivers/src/gpio/fsl_gpio_driver.o
 .rodata.__func__.5933
                0x00005a30       0x14 ./SDK/platform/drivers/src/gpio/fsl_gpio_driver.o
 .rodata.__func__.5927
                0x00005a44       0x18 ./SDK/platform/drivers/src/gpio/fsl_gpio_driver.o
 .rodata.__func__.5945
                0x00005a5c       0x20 ./SDK/platform/drivers/src/gpio/fsl_gpio_driver.o
 .rodata.__func__.5975
                0x00005a7c       0x20 ./SDK/platform/drivers/src/gpio/fsl_gpio_driver.o
 .rodata.__func__.5997
                0x00005a9c       0x18 ./SDK/platform/drivers/src/gpio/fsl_gpio_driver.o
 .rodata.__func__.7646
                0x00005ab4       0x14 ./SDK/platform/drivers/src/gpio/fsl_gpio_driver.o
 .rodata.__func__.5939
                0x00005ac8       0x1c ./SDK/platform/drivers/src/gpio/fsl_gpio_driver.o
 .rodata.__func__.5957
                0x00005ae4       0x20 ./SDK/platform/drivers/src/gpio/fsl_gpio_driver.o
 .rodata.__func__.5951
                0x00005b04       0x1c ./SDK/platform/drivers/src/gpio/fsl_gpio_driver.o
 .rodata.__func__.6061
                0x00005b20       0x18 ./SDK/platform/drivers/src/gpio/fsl_gpio_driver.o
 .rodata.__func__.6066
                0x00005b38       0x18 ./SDK/platform/drivers/src/gpio/fsl_gpio_driver.o
 .rodata.__func__.6095
                0x00005b50       0x18 ./SDK/platform/drivers/src/gpio/fsl_gpio_driver.o
 .rodata.g_dspiBase
                0x00005b68        0x8 ./SDK/platform/drivers/src/dspi/fsl_dspi_common.o
                0x00005b68                g_dspiBase
 .rodata.g_dspiFifoSize
                0x00005b70        0x8 ./SDK/platform/drivers/src/dspi/fsl_dspi_common.o
                0x00005b70                g_dspiFifoSize
 .rodata.g_dspiIrqId
                0x00005b78        0x4 ./SDK/platform/drivers/src/dspi/fsl_dspi_common.o
                0x00005b78                g_dspiIrqId
 .rodata.__func__.7894
                0x00005b7c       0x14 ./SDK/platform/drivers/src/dspi/fsl_dspi_master_driver.o
 .rodata.__func__.7939
                0x00005b90       0x1c ./SDK/platform/drivers/src/dspi/fsl_dspi_master_driver.o
 .rodata.__func__.6132
                0x00005bac       0x14 ./SDK/platform/drivers/src/dspi/fsl_dspi_shared_function.o
 .rodata.dspiCom1_BusConfig0
                0x00005bc0        0xc ./Generated_Code/dspiCom1.o
                0x00005bc0                dspiCom1_BusConfig0
 .rodata.dspiCom1_MasterConfig0
                0x00005bcc        0x8 ./Generated_Code/dspiCom1.o
                0x00005bcc                dspiCom1_MasterConfig0
 .rodata.gpio1_InpConfig0
                0x00005bd4       0x3c ./Generated_Code/gpio1.o
                0x00005bd4                gpio1_InpConfig0
 .rodata.gpio1_OutConfig0
                0x00005c10       0x30 ./Generated_Code/gpio1.o
                0x00005c10                gpio1_OutConfig0
 .rodata.__func__.8507
                0x00005c40       0x10 ./Generated_Code/osa1.o
 .rodata.__func__.5927
                0x00005c50       0x18 ./Generated_Code/pin_init.o
 .rodata.__func__.5933
                0x00005c68       0x14 ./Generated_Code/pin_init.o
 .rodata.__func__.5957
                0x00005c7c       0x20 ./Generated_Code/pin_init.o
 .rodata.__func__.5963
                0x00005c9c       0x14 ./Generated_Code/pin_init.o
 .rodata.__func__.5939
                0x00005cb0       0x1c ./Generated_Code/pin_init.o
 .rodata.__func__.5951
                0x00005ccc       0x1c ./Generated_Code/pin_init.o
 .rodata.pitTimer1_InitConfig0
                0x00005ce8        0x8 ./Generated_Code/pitTimer1.o
                0x00005ce8                pitTimer1_InitConfig0
 .rodata.str1.1
                0x00005cf0       0x3c c:/freescale/kds_3.0.0/toolchain/bin/../lib/gcc/arm-none-eabi/4.8.4/../../../../arm-none-eabi/lib/armv7e-m/fpu\libg_s.a(lib_a-assert.o)
                                 0x3d (size before relaxing)
 .rodata.str1.1
                0x00005d2c        0x2 c:/freescale/kds_3.0.0/toolchain/bin/../lib/gcc/arm-none-eabi/4.8.4/../../../../arm-none-eabi/lib/armv7e-m/fpu\libg_s.a(lib_a-impure.o)
 *fill*         0x00005d2e        0x2 
 .rodata._global_impure_ptr
                0x00005d30        0x4 c:/freescale/kds_3.0.0/toolchain/bin/../lib/gcc/arm-none-eabi/4.8.4/../../../../arm-none-eabi/lib/armv7e-m/fpu\libg_s.a(lib_a-impure.o)
                0x00005d30                _global_impure_ptr
 .rodata.str1.1
                0x00005d34       0x11 c:/freescale/kds_3.0.0/toolchain/bin/../lib/gcc/arm-none-eabi/4.8.4/../../../../arm-none-eabi/lib/armv7e-m/fpu\libg_s.a(lib_a-vfprintf.o)
 .rodata.str1.1
                0x00005d45       0x22 c:/freescale/kds_3.0.0/toolchain/bin/../lib/gcc/arm-none-eabi/4.8.4/../../../../arm-none-eabi/lib/armv7e-m/fpu\libg_s.a(lib_a-vfprintf_i.o)
 *fill*         0x00005d67        0x1 
 .rodata.__sf_fake_stdin
                0x00005d68       0x20 c:/freescale/kds_3.0.0/toolchain/bin/../lib/gcc/arm-none-eabi/4.8.4/../../../../arm-none-eabi/lib/armv7e-m/fpu\libg_s.a(lib_a-findfp.o)
                0x00005d68                __sf_fake_stdin
 .rodata.__sf_fake_stdout
                0x00005d88       0x20 c:/freescale/kds_3.0.0/toolchain/bin/../lib/gcc/arm-none-eabi/4.8.4/../../../../arm-none-eabi/lib/armv7e-m/fpu\libg_s.a(lib_a-findfp.o)
                0x00005d88                __sf_fake_stdout
 .rodata.__sf_fake_stderr
                0x00005da8       0x20 c:/freescale/kds_3.0.0/toolchain/bin/../lib/gcc/arm-none-eabi/4.8.4/../../../../arm-none-eabi/lib/armv7e-m/fpu\libg_s.a(lib_a-findfp.o)
                0x00005da8                __sf_fake_stderr
 *(.glue_7)
 .glue_7        0x00000000        0x0 linker stubs
 *(.glue_7t)
 .glue_7t       0x00000000        0x0 linker stubs
 *(.eh_frame)
 .eh_frame      0x00005dc8        0x0 c:/freescale/kds_3.0.0/toolchain/bin/../lib/gcc/arm-none-eabi/4.8.4/armv7e-m/fpu/crtbegin.o
 *(.init)
 .init          0x00005dc8        0x4 c:/freescale/kds_3.0.0/toolchain/bin/../lib/gcc/arm-none-eabi/4.8.4/armv7e-m/fpu/crti.o
                0x00005dc8                _init
 .init          0x00005dcc        0x8 c:/freescale/kds_3.0.0/toolchain/bin/../lib/gcc/arm-none-eabi/4.8.4/armv7e-m/fpu/crtn.o
 *(.fini)
 .fini          0x00005dd4        0x4 c:/freescale/kds_3.0.0/toolchain/bin/../lib/gcc/arm-none-eabi/4.8.4/armv7e-m/fpu/crti.o
                0x00005dd4                _fini
 .fini          0x00005dd8        0x8 c:/freescale/kds_3.0.0/toolchain/bin/../lib/gcc/arm-none-eabi/4.8.4/armv7e-m/fpu/crtn.o
                0x00005de0                . = ALIGN (0x4)

.vfp11_veneer   0x00005de0        0x0
 .vfp11_veneer  0x00000000        0x0 linker stubs

.v4_bx          0x00005de0        0x0
 .v4_bx         0x00000000        0x0 linker stubs

.iplt           0x00005de0        0x0
 .iplt          0x00000000        0x0 c:/freescale/kds_3.0.0/toolchain/bin/../lib/gcc/arm-none-eabi/4.8.4/armv7e-m/fpu/crtbegin.o

.ARM.extab
 *(.ARM.extab* .gnu.linkonce.armextab.*)

.ARM            0x00005de0        0x8
                0x00005de0                __exidx_start = .
 *(.ARM.exidx*)
 .ARM.exidx     0x00005de0        0x8 c:/freescale/kds_3.0.0/toolchain/bin/../lib/gcc/arm-none-eabi/4.8.4/../../../../arm-none-eabi/lib/armv7e-m/fpu/crt0.o
 .ARM.exidx     0x00005de8        0x0 c:/freescale/kds_3.0.0/toolchain/bin/../lib/gcc/arm-none-eabi/4.8.4/armv7e-m/fpu\libgcc.a(_divdi3.o)
                                  0x8 (size before relaxing)
 .ARM.exidx     0x00005de8        0x0 c:/freescale/kds_3.0.0/toolchain/bin/../lib/gcc/arm-none-eabi/4.8.4/armv7e-m/fpu\libgcc.a(_udivdi3.o)
                                  0x8 (size before relaxing)
                0x00005de8                __exidx_end = .

.rel.dyn        0x00005de8        0x0
 .rel.iplt      0x00000000        0x0 c:/freescale/kds_3.0.0/toolchain/bin/../lib/gcc/arm-none-eabi/4.8.4/armv7e-m/fpu/crtbegin.o

.ctors          0x00005de8        0x0
                0x00005de8                __CTOR_LIST__ = .
 *crtbegin.o(.ctors)
 *crtbegin?.o(.ctors)
 *(EXCLUDE_FILE(*crtend.o *crtend?.o) .ctors)
 *(SORT(.ctors.*))
 *(.ctors)
                0x00005de8                __CTOR_END__ = .

.dtors          0x00005de8        0x0
                0x00005de8                __DTOR_LIST__ = .
 *crtbegin.o(.dtors)
 *crtbegin?.o(.dtors)
 *(EXCLUDE_FILE(*crtend.o *crtend?.o) .dtors)
 *(SORT(.dtors.*))
 *(.dtors)
                0x00005de8                __DTOR_END__ = .

.preinit_array  0x00005de8        0x0
                0x00005de8                PROVIDE (__preinit_array_start, .)
 *(.preinit_array*)
                0x00005de8                PROVIDE (__preinit_array_end, .)

.init_array     0x00005de8        0x4
                0x00005de8                PROVIDE (__init_array_start, .)
 *(SORT(.init_array.*))
 *(.init_array*)
 .init_array    0x00005de8        0x4 c:/freescale/kds_3.0.0/toolchain/bin/../lib/gcc/arm-none-eabi/4.8.4/armv7e-m/fpu/crtbegin.o
                0x00005dec                PROVIDE (__init_array_end, .)

.fini_array     0x00005dec        0x4
                0x00005dec                PROVIDE (__fini_array_start, .)
 *(SORT(.fini_array.*))
 *(.fini_array*)
 .fini_array    0x00005dec        0x4 c:/freescale/kds_3.0.0/toolchain/bin/../lib/gcc/arm-none-eabi/4.8.4/armv7e-m/fpu/crtbegin.o
                0x00005df0                PROVIDE (__fini_array_end, .)
                0x00005df0                __etext = .
                0x00005df0                __DATA_ROM = .

.data           0x1fff0400       0x70 load address 0x00005df0
                0x1fff0400                . = ALIGN (0x4)
                0x1fff0400                __DATA_RAM = .
                0x1fff0400                __data_start__ = .
 *(.data)
 *(.data*)
 .data.g_fastInternalRefClkFreq
                0x1fff0400        0x4 ./SDK/platform/hal/src/mcg/fsl_mcg_hal.o
                0x1fff0400                g_fastInternalRefClkFreq
 .data.g_slowInternalRefClkFreq
                0x1fff0404        0x4 ./SDK/platform/hal/src/mcg/fsl_mcg_hal.o
                0x1fff0404                g_slowInternalRefClkFreq
 .data.impure_data
                0x1fff0408       0x60 c:/freescale/kds_3.0.0/toolchain/bin/../lib/gcc/arm-none-eabi/4.8.4/../../../../arm-none-eabi/lib/armv7e-m/fpu\libg_s.a(lib_a-impure.o)
 .data._impure_ptr
                0x1fff0468        0x4 c:/freescale/kds_3.0.0/toolchain/bin/../lib/gcc/arm-none-eabi/4.8.4/../../../../arm-none-eabi/lib/armv7e-m/fpu\libg_s.a(lib_a-impure.o)
                0x1fff0468                _impure_ptr
 *(.jcr*)
 .jcr           0x1fff046c        0x0 c:/freescale/kds_3.0.0/toolchain/bin/../lib/gcc/arm-none-eabi/4.8.4/armv7e-m/fpu/crtbegin.o
 .jcr           0x1fff046c        0x4 c:/freescale/kds_3.0.0/toolchain/bin/../lib/gcc/arm-none-eabi/4.8.4/armv7e-m/fpu/crtend.o
                0x1fff0470                . = ALIGN (0x4)
                0x1fff0470                __data_end__ = .
                0x00005e60                __DATA_END = (__DATA_ROM + (__data_end__ - __data_start__))
                0x00005e60                __m_interrupts_ram_ROMStart = (__DATA_ROM + SIZEOF (.data))

.igot.plt       0x1fff0470        0x0 load address 0x00005e60
 .igot.plt      0x00000000        0x0 c:/freescale/kds_3.0.0/toolchain/bin/../lib/gcc/arm-none-eabi/4.8.4/armv7e-m/fpu/crtbegin.o

.m_interrupts_ram
                0x1fff0000      0x400 load address 0x00005e60
                0x1fff0000                . = ALIGN (0x4)
                0x1fff0000                __m_interrupts_ram_RAMStart = .
 *(.m_interrupts_ram)
                0x1fff0400                . = (. + 0x400)
 *fill*         0x1fff0000      0x400 
                0x1fff0400                __m_interrupts_ram_RAMEnd = .
                0x1fff0400                . = ALIGN (0x4)
                0x00000400                __m_interrupts_ram_ROMSize = (__m_interrupts_ram_RAMEnd - __m_interrupts_ram_RAMStart)
                0x00000400                __RAM_VECTOR_TABLE_SIZE_BYTES = (__m_interrupts_ram_RAMEnd - __m_interrupts_ram_RAMStart)
                0x00006260                __m_data_2_ROMStart = (__m_interrupts_ram_ROMStart + SIZEOF (.m_interrupts_ram))

.m_data_2       0x20000000        0x0 load address 0x00006260
                0x20000000                . = ALIGN (0x4)
                0x20000000                __m_data_2_RAMStart = .
 *(.m_data_2)
                0x20000000                __m_data_2_RAMEnd = .
                0x20000000                . = ALIGN (0x4)
                0x00000000                __m_data_2_ROMSize = (__m_data_2_RAMEnd - __m_data_2_RAMStart)

.bss            0x1fff0470       0xfc load address 0x00005e60
                0x1fff0470                . = ALIGN (0x4)
                0x1fff0470                __START_BSS = .
                0x1fff0470                __bss_start__ = .
 *(.bss)
 .bss           0x1fff0470       0x1c c:/freescale/kds_3.0.0/toolchain/bin/../lib/gcc/arm-none-eabi/4.8.4/armv7e-m/fpu/crtbegin.o
 *(.bss*)
 .bss.g_interruptDisableCount
                0x1fff048c        0x4 ./SDK/platform/system/src/interrupt/fsl_interrupt_manager.o
                0x1fff048c                g_interruptDisableCount
 .bss.g_taskControlBlockPool
                0x1fff0490       0x50 ./SDK/platform/osa/src/fsl_os_abstraction_bm.o
 .bss.g_freeTaskControlBlock
                0x1fff04e0        0x4 ./SDK/platform/osa/src/fsl_os_abstraction_bm.o
 .bss.g_taskListHead
                0x1fff04e4       0x10 ./SDK/platform/osa/src/fsl_os_abstraction_bm.o
 .bss.g_dspiStatePtr
                0x1fff04f4        0x8 ./SDK/platform/drivers/src/dspi/fsl_dspi_common.o
                0x1fff04f4                g_dspiStatePtr
 .bss.dspiCom1_calculatedBaudRate
                0x1fff04fc        0x4 ./Generated_Code/dspiCom1.o
                0x1fff04fc                dspiCom1_calculatedBaudRate
 .bss.SwTimerIsrCounter
                0x1fff0500        0x2 ./Generated_Code/osa1.o
 *fill*         0x1fff0502        0x2 
 .bss.__malloc_sbrk_start
                0x1fff0504        0x4 c:/freescale/kds_3.0.0/toolchain/bin/../lib/gcc/arm-none-eabi/4.8.4/../../../../arm-none-eabi/lib/armv7e-m/fpu\libg_s.a(lib_a-nano-mallocr.o)
                0x1fff0504                __malloc_sbrk_start
 .bss.__malloc_free_list
                0x1fff0508        0x4 c:/freescale/kds_3.0.0/toolchain/bin/../lib/gcc/arm-none-eabi/4.8.4/../../../../arm-none-eabi/lib/armv7e-m/fpu\libg_s.a(lib_a-nano-mallocr.o)
                0x1fff0508                __malloc_free_list
 .bss.heap_end.4246
                0x1fff050c        0x4 c:/freescale/kds_3.0.0/toolchain/bin/../lib/gcc/arm-none-eabi/4.8.4/../../../../arm-none-eabi/lib/armv7e-m/fpu\libnosys.a(sbrk.o)
 *(COMMON)
 COMMON         0x1fff0510        0x8 ./Static_Code/System/PE_low_level_init.o
                0x1fff0510                Counter
                0x1fff0514                DelayCounter
 COMMON         0x1fff0518        0x8 ./SDK/platform/hal/src/mcg/fsl_mcg_hal.o
                0x1fff0518                g_xtal0ClkFreq
                0x1fff051c                g_xtalRtcClkFreq
 COMMON         0x1fff0520       0x10 ./SDK/platform/drivers/src/pit/fsl_pit_driver.o
                0x1fff0520                g_pitUsInstance
                0x1fff0521                g_pitUsChannel
                0x1fff0528                g_pitSourceClock
 COMMON         0x1fff0530       0x38 ./Generated_Code/dspiCom1.o
                0x1fff0530                dspiCom1_MasterState
 COMMON         0x1fff0568        0x4 c:/freescale/kds_3.0.0/toolchain/bin/../lib/gcc/arm-none-eabi/4.8.4/../../../../arm-none-eabi/lib/armv7e-m/fpu\libg_s.a(lib_a-reent.o)
                0x1fff0568                errno
                0x1fff056c                . = ALIGN (0x4)
                0x1fff056c                __bss_end__ = .
                0x1fff056c                __END_BSS = .

.heap           0x20000000        0x0
                0x20000000                . = ALIGN (0x8)
                0x20000000                __end__ = .
                0x20000000                PROVIDE (end, .)
                0x20000000                __HeapBase = .
                0x20000000                . = (. + HEAP_SIZE)
                0x20000000                __HeapLimit = .

.stack          0x20000000      0x400
                0x20000000                . = ALIGN (0x8)
                0x20000400                . = (. + STACK_SIZE)
 *fill*         0x20000000      0x400 
                0x20010000                __StackTop = (ORIGIN (m_data_2) + 0x10000)
                0x2000fc00                __StackLimit = (__StackTop - STACK_SIZE)
                0x20010000                PROVIDE (__stack, __StackTop)

.ARM.attributes
                0x00000000       0x30
 *(.ARM.attributes)
 .ARM.attributes
                0x00000000       0x22 c:/freescale/kds_3.0.0/toolchain/bin/../lib/gcc/arm-none-eabi/4.8.4/armv7e-m/fpu/crti.o
 .ARM.attributes
                0x00000022       0x34 c:/freescale/kds_3.0.0/toolchain/bin/../lib/gcc/arm-none-eabi/4.8.4/armv7e-m/fpu/crtbegin.o
 .ARM.attributes
                0x00000056       0x20 c:/freescale/kds_3.0.0/toolchain/bin/../lib/gcc/arm-none-eabi/4.8.4/../../../../arm-none-eabi/lib/armv7e-m/fpu/crt0.o
 .ARM.attributes
                0x00000076       0x39 ./Static_Code/System/PE_low_level_init.o
 .ARM.attributes
                0x000000af       0x39 ./Sources/Events.o
 .ARM.attributes
                0x000000e8       0x39 ./Sources/NRF24L01_DRIVER.o
 .ARM.attributes
                0x00000121       0x39 ./Sources/main.o
 .ARM.attributes
                0x0000015a       0x39 ./SDK/platform/system/src/interrupt/fsl_interrupt_manager.o
 .ARM.attributes
                0x00000193       0x39 ./SDK/platform/system/src/clock/MK22F51212/fsl_clock_MK22F51212.o
 .ARM.attributes
                0x000001cc       0x39 ./SDK/platform/osa/src/fsl_os_abstraction_bm.o
 .ARM.attributes
                0x00000205       0x39 ./SDK/platform/hal/src/mcg/fsl_mcg_hal.o
 .ARM.attributes
                0x0000023e       0x39 ./SDK/platform/hal/src/gpio/fsl_gpio_hal.o
 .ARM.attributes
                0x00000277       0x39 ./SDK/platform/hal/src/dspi/fsl_dspi_hal.o
 .ARM.attributes
                0x000002b0       0x39 ./SDK/platform/drivers/src/pit/fsl_pit_common.o
 .ARM.attributes
                0x000002e9       0x39 ./SDK/platform/drivers/src/pit/fsl_pit_driver.o
 .ARM.attributes
                0x00000322       0x39 ./SDK/platform/drivers/src/gpio/fsl_gpio_common.o
 .ARM.attributes
                0x0000035b       0x39 ./SDK/platform/drivers/src/gpio/fsl_gpio_driver.o
 .ARM.attributes
                0x00000394       0x39 ./SDK/platform/drivers/src/dspi/fsl_dspi_common.o
 .ARM.attributes
                0x000003cd       0x39 ./SDK/platform/drivers/src/dspi/fsl_dspi_master_driver.o
 .ARM.attributes
                0x00000406       0x39 ./SDK/platform/drivers/src/dspi/fsl_dspi_shared_function.o
 .ARM.attributes
                0x0000043f       0x39 ./SDK/platform/drivers/src/dspi/fsl_dspi_slave_driver.o
 .ARM.attributes
                0x00000478       0x1f ./SDK/platform/devices/MK22F51212/startup/gcc/startup_MK22F51212.o
 .ARM.attributes
                0x00000497       0x39 ./SDK/platform/devices/MK22F51212/startup/system_MK22F51212.o
 .ARM.attributes
                0x000004d0       0x39 ./SDK/platform/devices/startup.o
 .ARM.attributes
                0x00000509       0x39 ./Generated_Code/Cpu.o
 .ARM.attributes
                0x00000542       0x39 ./Generated_Code/dspiCom1.o
 .ARM.attributes
                0x0000057b       0x39 ./Generated_Code/gpio1.o
 .ARM.attributes
                0x000005b4       0x39 ./Generated_Code/hardware_init.o
 .ARM.attributes
                0x000005ed       0x39 ./Generated_Code/osa1.o
 .ARM.attributes
                0x00000626       0x39 ./Generated_Code/pin_init.o
 .ARM.attributes
                0x0000065f       0x39 ./Generated_Code/pitTimer1.o
 .ARM.attributes
                0x00000698       0x22 c:/freescale/kds_3.0.0/toolchain/bin/../lib/gcc/arm-none-eabi/4.8.4/armv7e-m/fpu\libgcc.a(_aeabi_uldivmod.o)
 .ARM.attributes
                0x000006ba       0x34 c:/freescale/kds_3.0.0/toolchain/bin/../lib/gcc/arm-none-eabi/4.8.4/armv7e-m/fpu\libgcc.a(bpabi.o)
 .ARM.attributes
                0x000006ee       0x22 c:/freescale/kds_3.0.0/toolchain/bin/../lib/gcc/arm-none-eabi/4.8.4/armv7e-m/fpu\libgcc.a(_dvmd_tls.o)
 .ARM.attributes
                0x00000710       0x34 c:/freescale/kds_3.0.0/toolchain/bin/../lib/gcc/arm-none-eabi/4.8.4/armv7e-m/fpu\libgcc.a(_divdi3.o)
 .ARM.attributes
                0x00000744       0x34 c:/freescale/kds_3.0.0/toolchain/bin/../lib/gcc/arm-none-eabi/4.8.4/armv7e-m/fpu\libgcc.a(_udivdi3.o)
 .ARM.attributes
                0x00000778       0x34 c:/freescale/kds_3.0.0/toolchain/bin/../lib/gcc/arm-none-eabi/4.8.4/../../../../arm-none-eabi/lib/armv7e-m/fpu\libg_s.a(lib_a-assert.o)
 .ARM.attributes
                0x000007ac       0x34 c:/freescale/kds_3.0.0/toolchain/bin/../lib/gcc/arm-none-eabi/4.8.4/../../../../arm-none-eabi/lib/armv7e-m/fpu\libg_s.a(lib_a-exit.o)
 .ARM.attributes
                0x000007e0       0x34 c:/freescale/kds_3.0.0/toolchain/bin/../lib/gcc/arm-none-eabi/4.8.4/../../../../arm-none-eabi/lib/armv7e-m/fpu\libg_s.a(lib_a-fprintf.o)
 .ARM.attributes
                0x00000814       0x34 c:/freescale/kds_3.0.0/toolchain/bin/../lib/gcc/arm-none-eabi/4.8.4/../../../../arm-none-eabi/lib/armv7e-m/fpu\libg_s.a(lib_a-impure.o)
 .ARM.attributes
                0x00000848       0x34 c:/freescale/kds_3.0.0/toolchain/bin/../lib/gcc/arm-none-eabi/4.8.4/../../../../arm-none-eabi/lib/armv7e-m/fpu\libg_s.a(lib_a-init.o)
 .ARM.attributes
                0x0000087c       0x34 c:/freescale/kds_3.0.0/toolchain/bin/../lib/gcc/arm-none-eabi/4.8.4/../../../../arm-none-eabi/lib/armv7e-m/fpu\libg_s.a(lib_a-memset.o)
 .ARM.attributes
                0x000008b0       0x34 c:/freescale/kds_3.0.0/toolchain/bin/../lib/gcc/arm-none-eabi/4.8.4/../../../../arm-none-eabi/lib/armv7e-m/fpu\libg_s.a(lib_a-nano-freer.o)
 .ARM.attributes
                0x000008e4       0x34 c:/freescale/kds_3.0.0/toolchain/bin/../lib/gcc/arm-none-eabi/4.8.4/../../../../arm-none-eabi/lib/armv7e-m/fpu\libg_s.a(lib_a-nano-mallocr.o)
 .ARM.attributes
                0x00000918       0x34 c:/freescale/kds_3.0.0/toolchain/bin/../lib/gcc/arm-none-eabi/4.8.4/../../../../arm-none-eabi/lib/armv7e-m/fpu\libg_s.a(lib_a-sbrkr.o)
 .ARM.attributes
                0x0000094c       0x34 c:/freescale/kds_3.0.0/toolchain/bin/../lib/gcc/arm-none-eabi/4.8.4/../../../../arm-none-eabi/lib/armv7e-m/fpu\libg_s.a(lib_a-vfprintf.o)
 .ARM.attributes
                0x00000980       0x34 c:/freescale/kds_3.0.0/toolchain/bin/../lib/gcc/arm-none-eabi/4.8.4/../../../../arm-none-eabi/lib/armv7e-m/fpu\libg_s.a(lib_a-vfprintf_i.o)
 .ARM.attributes
                0x000009b4       0x34 c:/freescale/kds_3.0.0/toolchain/bin/../lib/gcc/arm-none-eabi/4.8.4/../../../../arm-none-eabi/lib/armv7e-m/fpu\libg_s.a(lib_a-wbuf.o)
 .ARM.attributes
                0x000009e8       0x34 c:/freescale/kds_3.0.0/toolchain/bin/../lib/gcc/arm-none-eabi/4.8.4/../../../../arm-none-eabi/lib/armv7e-m/fpu\libg_s.a(lib_a-wsetup.o)
 .ARM.attributes
                0x00000a1c       0x34 c:/freescale/kds_3.0.0/toolchain/bin/../lib/gcc/arm-none-eabi/4.8.4/../../../../arm-none-eabi/lib/armv7e-m/fpu\libg_s.a(lib_a-abort.o)
 .ARM.attributes
                0x00000a50       0x34 c:/freescale/kds_3.0.0/toolchain/bin/../lib/gcc/arm-none-eabi/4.8.4/../../../../arm-none-eabi/lib/armv7e-m/fpu\libg_s.a(lib_a-fflush.o)
 .ARM.attributes
                0x00000a84       0x34 c:/freescale/kds_3.0.0/toolchain/bin/../lib/gcc/arm-none-eabi/4.8.4/../../../../arm-none-eabi/lib/armv7e-m/fpu\libg_s.a(lib_a-findfp.o)
 .ARM.attributes
                0x00000ab8       0x34 c:/freescale/kds_3.0.0/toolchain/bin/../lib/gcc/arm-none-eabi/4.8.4/../../../../arm-none-eabi/lib/armv7e-m/fpu\libg_s.a(lib_a-makebuf.o)
 .ARM.attributes
                0x00000aec       0x34 c:/freescale/kds_3.0.0/toolchain/bin/../lib/gcc/arm-none-eabi/4.8.4/../../../../arm-none-eabi/lib/armv7e-m/fpu\libg_s.a(lib_a-memchr-stub.o)
 .ARM.attributes
                0x00000b20       0x34 c:/freescale/kds_3.0.0/toolchain/bin/../lib/gcc/arm-none-eabi/4.8.4/../../../../arm-none-eabi/lib/armv7e-m/fpu\libg_s.a(lib_a-reent.o)
 .ARM.attributes
                0x00000b54       0x34 c:/freescale/kds_3.0.0/toolchain/bin/../lib/gcc/arm-none-eabi/4.8.4/../../../../arm-none-eabi/lib/armv7e-m/fpu\libg_s.a(lib_a-signal.o)
 .ARM.attributes
                0x00000b88       0x34 c:/freescale/kds_3.0.0/toolchain/bin/../lib/gcc/arm-none-eabi/4.8.4/../../../../arm-none-eabi/lib/armv7e-m/fpu\libg_s.a(lib_a-signalr.o)
 .ARM.attributes
                0x00000bbc       0x34 c:/freescale/kds_3.0.0/toolchain/bin/../lib/gcc/arm-none-eabi/4.8.4/../../../../arm-none-eabi/lib/armv7e-m/fpu\libg_s.a(lib_a-stdio.o)
 .ARM.attributes
                0x00000bf0       0x34 c:/freescale/kds_3.0.0/toolchain/bin/../lib/gcc/arm-none-eabi/4.8.4/../../../../arm-none-eabi/lib/armv7e-m/fpu\libg_s.a(lib_a-strlen.o)
 .ARM.attributes
                0x00000c24       0x34 c:/freescale/kds_3.0.0/toolchain/bin/../lib/gcc/arm-none-eabi/4.8.4/../../../../arm-none-eabi/lib/armv7e-m/fpu\libg_s.a(lib_a-writer.o)
 .ARM.attributes
                0x00000c58       0x34 c:/freescale/kds_3.0.0/toolchain/bin/../lib/gcc/arm-none-eabi/4.8.4/../../../../arm-none-eabi/lib/armv7e-m/fpu\libg_s.a(lib_a-closer.o)
 .ARM.attributes
                0x00000c8c       0x34 c:/freescale/kds_3.0.0/toolchain/bin/../lib/gcc/arm-none-eabi/4.8.4/../../../../arm-none-eabi/lib/armv7e-m/fpu\libg_s.a(lib_a-fstatr.o)
 .ARM.attributes
                0x00000cc0       0x34 c:/freescale/kds_3.0.0/toolchain/bin/../lib/gcc/arm-none-eabi/4.8.4/../../../../arm-none-eabi/lib/armv7e-m/fpu\libg_s.a(lib_a-isattyr.o)
 .ARM.attributes
                0x00000cf4       0x34 c:/freescale/kds_3.0.0/toolchain/bin/../lib/gcc/arm-none-eabi/4.8.4/../../../../arm-none-eabi/lib/armv7e-m/fpu\libg_s.a(lib_a-lseekr.o)
 .ARM.attributes
                0x00000d28       0x34 c:/freescale/kds_3.0.0/toolchain/bin/../lib/gcc/arm-none-eabi/4.8.4/../../../../arm-none-eabi/lib/armv7e-m/fpu\libg_s.a(lib_a-readr.o)
 .ARM.attributes
                0x00000d5c       0x34 c:/freescale/kds_3.0.0/toolchain/bin/../lib/gcc/arm-none-eabi/4.8.4/../../../../arm-none-eabi/lib/armv7e-m/fpu\libnosys.a(close.o)
 .ARM.attributes
                0x00000d90       0x34 c:/freescale/kds_3.0.0/toolchain/bin/../lib/gcc/arm-none-eabi/4.8.4/../../../../arm-none-eabi/lib/armv7e-m/fpu\libnosys.a(fstat.o)
 .ARM.attributes
                0x00000dc4       0x34 c:/freescale/kds_3.0.0/toolchain/bin/../lib/gcc/arm-none-eabi/4.8.4/../../../../arm-none-eabi/lib/armv7e-m/fpu\libnosys.a(getpid.o)
 .ARM.attributes
                0x00000df8       0x34 c:/freescale/kds_3.0.0/toolchain/bin/../lib/gcc/arm-none-eabi/4.8.4/../../../../arm-none-eabi/lib/armv7e-m/fpu\libnosys.a(isatty.o)
 .ARM.attributes
                0x00000e2c       0x34 c:/freescale/kds_3.0.0/toolchain/bin/../lib/gcc/arm-none-eabi/4.8.4/../../../../arm-none-eabi/lib/armv7e-m/fpu\libnosys.a(kill.o)
 .ARM.attributes
                0x00000e60       0x34 c:/freescale/kds_3.0.0/toolchain/bin/../lib/gcc/arm-none-eabi/4.8.4/../../../../arm-none-eabi/lib/armv7e-m/fpu\libnosys.a(lseek.o)
 .ARM.attributes
                0x00000e94       0x34 c:/freescale/kds_3.0.0/toolchain/bin/../lib/gcc/arm-none-eabi/4.8.4/../../../../arm-none-eabi/lib/armv7e-m/fpu\libnosys.a(read.o)
 .ARM.attributes
                0x00000ec8       0x34 c:/freescale/kds_3.0.0/toolchain/bin/../lib/gcc/arm-none-eabi/4.8.4/../../../../arm-none-eabi/lib/armv7e-m/fpu\libnosys.a(sbrk.o)
 .ARM.attributes
                0x00000efc       0x34 c:/freescale/kds_3.0.0/toolchain/bin/../lib/gcc/arm-none-eabi/4.8.4/../../../../arm-none-eabi/lib/armv7e-m/fpu\libnosys.a(write.o)
 .ARM.attributes
                0x00000f30       0x34 c:/freescale/kds_3.0.0/toolchain/bin/../lib/gcc/arm-none-eabi/4.8.4/../../../../arm-none-eabi/lib/armv7e-m/fpu\libnosys.a(_exit.o)
 .ARM.attributes
                0x00000f64       0x34 c:/freescale/kds_3.0.0/toolchain/bin/../lib/gcc/arm-none-eabi/4.8.4/armv7e-m/fpu/crtend.o
 .ARM.attributes
                0x00000f98       0x22 c:/freescale/kds_3.0.0/toolchain/bin/../lib/gcc/arm-none-eabi/4.8.4/armv7e-m/fpu/crtn.o
OUTPUT(K22F-NRF24-Test.elf elf32-littlearm)

.debug_info     0x00000000     0xed6a
 .debug_info    0x00000000      0x1d5 ./Static_Code/System/PE_low_level_init.o
 .debug_info    0x000001d5      0x330 ./Sources/Events.o
 .debug_info    0x00000505      0x662 ./Sources/NRF24L01_DRIVER.o
 .debug_info    0x00000b67      0x255 ./Sources/main.o
 .debug_info    0x00000dbc      0x42a ./SDK/platform/system/src/interrupt/fsl_interrupt_manager.o
 .debug_info    0x000011e6     0x185f ./SDK/platform/system/src/clock/MK22F51212/fsl_clock_MK22F51212.o
 .debug_info    0x00002a45     0x10a7 ./SDK/platform/osa/src/fsl_os_abstraction_bm.o
 .debug_info    0x00003aec      0xbe3 ./SDK/platform/hal/src/mcg/fsl_mcg_hal.o
 .debug_info    0x000046cf      0x21b ./SDK/platform/hal/src/gpio/fsl_gpio_hal.o
 .debug_info    0x000048ea      0xc6d ./SDK/platform/hal/src/dspi/fsl_dspi_hal.o
 .debug_info    0x00005557      0x432 ./SDK/platform/drivers/src/pit/fsl_pit_common.o
 .debug_info    0x00005989     0x1496 ./SDK/platform/drivers/src/pit/fsl_pit_driver.o
 .debug_info    0x00006e1f      0x4e5 ./SDK/platform/drivers/src/gpio/fsl_gpio_common.o
 .debug_info    0x00007304     0x124e ./SDK/platform/drivers/src/gpio/fsl_gpio_driver.o
 .debug_info    0x00008552      0x55d ./SDK/platform/drivers/src/dspi/fsl_dspi_common.o
 .debug_info    0x00008aaf     0x1413 ./SDK/platform/drivers/src/dspi/fsl_dspi_master_driver.o
 .debug_info    0x00009ec2      0x38f ./SDK/platform/drivers/src/dspi/fsl_dspi_shared_function.o
 .debug_info    0x0000a251     0x1203 ./SDK/platform/drivers/src/dspi/fsl_dspi_slave_driver.o
 .debug_info    0x0000b454       0x9d ./SDK/platform/devices/MK22F51212/startup/gcc/startup_MK22F51212.o
 .debug_info    0x0000b4f1      0xb2e ./SDK/platform/devices/MK22F51212/startup/system_MK22F51212.o
 .debug_info    0x0000c01f      0x3a7 ./SDK/platform/devices/startup.o
 .debug_info    0x0000c3c6      0xc6f ./Generated_Code/Cpu.o
 .debug_info    0x0000d035      0x4f2 ./Generated_Code/dspiCom1.o
 .debug_info    0x0000d527      0x3b2 ./Generated_Code/gpio1.o
 .debug_info    0x0000d8d9      0x40d ./Generated_Code/hardware_init.o
 .debug_info    0x0000dce6      0x826 ./Generated_Code/osa1.o
 .debug_info    0x0000e50c      0x66d ./Generated_Code/pin_init.o
 .debug_info    0x0000eb79      0x1f1 ./Generated_Code/pitTimer1.o

.debug_abbrev   0x00000000     0x2902
 .debug_abbrev  0x00000000       0xb4 ./Static_Code/System/PE_low_level_init.o
 .debug_abbrev  0x000000b4      0x173 ./Sources/Events.o
 .debug_abbrev  0x00000227      0x127 ./Sources/NRF24L01_DRIVER.o
 .debug_abbrev  0x0000034e       0xd9 ./Sources/main.o
 .debug_abbrev  0x00000427      0x14d ./SDK/platform/system/src/interrupt/fsl_interrupt_manager.o
 .debug_abbrev  0x00000574      0x2e5 ./SDK/platform/system/src/clock/MK22F51212/fsl_clock_MK22F51212.o
 .debug_abbrev  0x00000859      0x23d ./SDK/platform/osa/src/fsl_os_abstraction_bm.o
 .debug_abbrev  0x00000a96      0x23d ./SDK/platform/hal/src/mcg/fsl_mcg_hal.o
 .debug_abbrev  0x00000cd3       0xfa ./SDK/platform/hal/src/gpio/fsl_gpio_hal.o
 .debug_abbrev  0x00000dcd      0x24b ./SDK/platform/hal/src/dspi/fsl_dspi_hal.o
 .debug_abbrev  0x00001018       0xed ./SDK/platform/drivers/src/pit/fsl_pit_common.o
 .debug_abbrev  0x00001105      0x2eb ./SDK/platform/drivers/src/pit/fsl_pit_driver.o
 .debug_abbrev  0x000013f0       0xd1 ./SDK/platform/drivers/src/gpio/fsl_gpio_common.o
 .debug_abbrev  0x000014c1      0x294 ./SDK/platform/drivers/src/gpio/fsl_gpio_driver.o
 .debug_abbrev  0x00001755       0xfb ./SDK/platform/drivers/src/dspi/fsl_dspi_common.o
 .debug_abbrev  0x00001850      0x298 ./SDK/platform/drivers/src/dspi/fsl_dspi_master_driver.o
 .debug_abbrev  0x00001ae8      0x14e ./SDK/platform/drivers/src/dspi/fsl_dspi_shared_function.o
 .debug_abbrev  0x00001c36      0x26f ./SDK/platform/drivers/src/dspi/fsl_dspi_slave_driver.o
 .debug_abbrev  0x00001ea5       0x14 ./SDK/platform/devices/MK22F51212/startup/gcc/startup_MK22F51212.o
 .debug_abbrev  0x00001eb9      0x141 ./SDK/platform/devices/MK22F51212/startup/system_MK22F51212.o
 .debug_abbrev  0x00001ffa       0xfa ./SDK/platform/devices/startup.o
 .debug_abbrev  0x000020f4      0x18b ./Generated_Code/Cpu.o
 .debug_abbrev  0x0000227f       0xd7 ./Generated_Code/dspiCom1.o
 .debug_abbrev  0x00002356       0xd7 ./Generated_Code/gpio1.o
 .debug_abbrev  0x0000242d      0x11d ./Generated_Code/hardware_init.o
 .debug_abbrev  0x0000254a      0x1d2 ./Generated_Code/osa1.o
 .debug_abbrev  0x0000271c      0x130 ./Generated_Code/pin_init.o
 .debug_abbrev  0x0000284c       0xb6 ./Generated_Code/pitTimer1.o

.debug_aranges  0x00000000      0xcf0
 .debug_aranges
                0x00000000       0x28 ./Static_Code/System/PE_low_level_init.o
 .debug_aranges
                0x00000028       0x38 ./Sources/Events.o
 .debug_aranges
                0x00000060       0x80 ./Sources/NRF24L01_DRIVER.o
 .debug_aranges
                0x000000e0       0x20 ./Sources/main.o
 .debug_aranges
                0x00000100       0x30 ./SDK/platform/system/src/interrupt/fsl_interrupt_manager.o
 .debug_aranges
                0x00000130      0x220 ./SDK/platform/system/src/clock/MK22F51212/fsl_clock_MK22F51212.o
 .debug_aranges
                0x00000350      0x148 ./SDK/platform/osa/src/fsl_os_abstraction_bm.o
 .debug_aranges
                0x00000498       0xe0 ./SDK/platform/hal/src/mcg/fsl_mcg_hal.o
 .debug_aranges
                0x00000578       0x28 ./SDK/platform/hal/src/gpio/fsl_gpio_hal.o
 .debug_aranges
                0x000005a0       0xb8 ./SDK/platform/hal/src/dspi/fsl_dspi_hal.o
 .debug_aranges
                0x00000658       0x18 ./SDK/platform/drivers/src/pit/fsl_pit_common.o
 .debug_aranges
                0x00000670      0x150 ./SDK/platform/drivers/src/pit/fsl_pit_driver.o
 .debug_aranges
                0x000007c0       0x18 ./SDK/platform/drivers/src/gpio/fsl_gpio_common.o
 .debug_aranges
                0x000007d8      0x110 ./SDK/platform/drivers/src/gpio/fsl_gpio_driver.o
 .debug_aranges
                0x000008e8       0x18 ./SDK/platform/drivers/src/dspi/fsl_dspi_common.o
 .debug_aranges
                0x00000900       0xf8 ./SDK/platform/drivers/src/dspi/fsl_dspi_master_driver.o
 .debug_aranges
                0x000009f8       0x28 ./SDK/platform/drivers/src/dspi/fsl_dspi_shared_function.o
 .debug_aranges
                0x00000a20       0xe0 ./SDK/platform/drivers/src/dspi/fsl_dspi_slave_driver.o
 .debug_aranges
                0x00000b00       0x20 ./SDK/platform/devices/MK22F51212/startup/gcc/startup_MK22F51212.o
 .debug_aranges
                0x00000b20       0x28 ./SDK/platform/devices/MK22F51212/startup/system_MK22F51212.o
 .debug_aranges
                0x00000b48       0x20 ./SDK/platform/devices/startup.o
 .debug_aranges
                0x00000b68       0x28 ./Generated_Code/Cpu.o
 .debug_aranges
                0x00000b90       0x18 ./Generated_Code/dspiCom1.o
 .debug_aranges
                0x00000ba8       0x18 ./Generated_Code/gpio1.o
 .debug_aranges
                0x00000bc0       0x28 ./Generated_Code/hardware_init.o
 .debug_aranges
                0x00000be8       0x48 ./Generated_Code/osa1.o
 .debug_aranges
                0x00000c30       0xa8 ./Generated_Code/pin_init.o
 .debug_aranges
                0x00000cd8       0x18 ./Generated_Code/pitTimer1.o

.debug_ranges   0x00000000      0xaf0
 .debug_ranges  0x00000000       0x18 ./Static_Code/System/PE_low_level_init.o
 .debug_ranges  0x00000018       0x28 ./Sources/Events.o
 .debug_ranges  0x00000040       0x70 ./Sources/NRF24L01_DRIVER.o
 .debug_ranges  0x000000b0       0x10 ./Sources/main.o
 .debug_ranges  0x000000c0       0x20 ./SDK/platform/system/src/interrupt/fsl_interrupt_manager.o
 .debug_ranges  0x000000e0      0x210 ./SDK/platform/system/src/clock/MK22F51212/fsl_clock_MK22F51212.o
 .debug_ranges  0x000002f0      0x138 ./SDK/platform/osa/src/fsl_os_abstraction_bm.o
 .debug_ranges  0x00000428       0xd0 ./SDK/platform/hal/src/mcg/fsl_mcg_hal.o
 .debug_ranges  0x000004f8       0x18 ./SDK/platform/hal/src/gpio/fsl_gpio_hal.o
 .debug_ranges  0x00000510       0xa8 ./SDK/platform/hal/src/dspi/fsl_dspi_hal.o
 .debug_ranges  0x000005b8      0x140 ./SDK/platform/drivers/src/pit/fsl_pit_driver.o
 .debug_ranges  0x000006f8      0x100 ./SDK/platform/drivers/src/gpio/fsl_gpio_driver.o
 .debug_ranges  0x000007f8       0xe8 ./SDK/platform/drivers/src/dspi/fsl_dspi_master_driver.o
 .debug_ranges  0x000008e0       0x18 ./SDK/platform/drivers/src/dspi/fsl_dspi_shared_function.o
 .debug_ranges  0x000008f8       0xd0 ./SDK/platform/drivers/src/dspi/fsl_dspi_slave_driver.o
 .debug_ranges  0x000009c8       0x18 ./SDK/platform/devices/MK22F51212/startup/system_MK22F51212.o
 .debug_ranges  0x000009e0       0x10 ./SDK/platform/devices/startup.o
 .debug_ranges  0x000009f0       0x18 ./Generated_Code/Cpu.o
 .debug_ranges  0x00000a08       0x18 ./Generated_Code/hardware_init.o
 .debug_ranges  0x00000a20       0x38 ./Generated_Code/osa1.o
 .debug_ranges  0x00000a58       0x98 ./Generated_Code/pin_init.o

.debug_macro    0x00000000    0x25018
 .debug_macro   0x00000000      0x337 ./Static_Code/System/PE_low_level_init.o
 .debug_macro   0x00000337      0x85c ./Static_Code/System/PE_low_level_init.o
 .debug_macro   0x00000b93       0x11 ./Static_Code/System/PE_low_level_init.o
 .debug_macro   0x00000ba4       0x16 ./Static_Code/System/PE_low_level_init.o
 .debug_macro   0x00000bba       0x16 ./Static_Code/System/PE_low_level_init.o
 .debug_macro   0x00000bd0       0x44 ./Static_Code/System/PE_low_level_init.o
 .debug_macro   0x00000c14      0x209 ./Static_Code/System/PE_low_level_init.o
 .debug_macro   0x00000e1d       0x55 ./Static_Code/System/PE_low_level_init.o
 .debug_macro   0x00000e72       0x3b ./Static_Code/System/PE_low_level_init.o
 .debug_macro   0x00000ead       0x2d ./Static_Code/System/PE_low_level_init.o
 .debug_macro   0x00000eda       0x26 ./Static_Code/System/PE_low_level_init.o
 .debug_macro   0x00000f00      0xc13 ./Static_Code/System/PE_low_level_init.o
 .debug_macro   0x00001b13       0xdb ./Static_Code/System/PE_low_level_init.o
 .debug_macro   0x00001bee     0xf0b9 ./Static_Code/System/PE_low_level_init.o
 .debug_macro   0x00010ca7       0x58 ./Static_Code/System/PE_low_level_init.o
 .debug_macro   0x00010cff       0x35 ./Static_Code/System/PE_low_level_init.o
 .debug_macro   0x00010d34       0xa3 ./Static_Code/System/PE_low_level_init.o
 .debug_macro   0x00010dd7       0x16 ./Static_Code/System/PE_low_level_init.o
 .debug_macro   0x00010ded      0x10e ./Static_Code/System/PE_low_level_init.o
 .debug_macro   0x00010efb       0x7f ./Static_Code/System/PE_low_level_init.o
 .debug_macro   0x00010f7a       0x52 ./Static_Code/System/PE_low_level_init.o
 .debug_macro   0x00010fcc       0x16 ./Static_Code/System/PE_low_level_init.o
 .debug_macro   0x00010fe2       0x43 ./Static_Code/System/PE_low_level_init.o
 .debug_macro   0x00011025      0x180 ./Static_Code/System/PE_low_level_init.o
 .debug_macro   0x000111a5       0x22 ./Static_Code/System/PE_low_level_init.o
 .debug_macro   0x000111c7       0x16 ./Static_Code/System/PE_low_level_init.o
 .debug_macro   0x000111dd     0xeb8a ./Static_Code/System/PE_low_level_init.o
 .debug_macro   0x0001fd67     0x113e ./Static_Code/System/PE_low_level_init.o
 .debug_macro   0x00020ea5       0x22 ./Static_Code/System/PE_low_level_init.o
 .debug_macro   0x00020ec7       0x16 ./Static_Code/System/PE_low_level_init.o
 .debug_macro   0x00020edd       0x10 ./Static_Code/System/PE_low_level_init.o
 .debug_macro   0x00020eed       0x11 ./Static_Code/System/PE_low_level_init.o
 .debug_macro   0x00020efe       0x10 ./Static_Code/System/PE_low_level_init.o
 .debug_macro   0x00020f0e       0x10 ./Static_Code/System/PE_low_level_init.o
 .debug_macro   0x00020f1e       0x10 ./Static_Code/System/PE_low_level_init.o
 .debug_macro   0x00020f2e       0x3e ./Static_Code/System/PE_low_level_init.o
 .debug_macro   0x00020f6c       0x19 ./Static_Code/System/PE_low_level_init.o
 .debug_macro   0x00020f85       0x10 ./Static_Code/System/PE_low_level_init.o
 .debug_macro   0x00020f95       0x28 ./Static_Code/System/PE_low_level_init.o
 .debug_macro   0x00020fbd       0x10 ./Static_Code/System/PE_low_level_init.o
 .debug_macro   0x00020fcd       0x22 ./Static_Code/System/PE_low_level_init.o
 .debug_macro   0x00020fef       0x16 ./Static_Code/System/PE_low_level_init.o
 .debug_macro   0x00021005       0x16 ./Static_Code/System/PE_low_level_init.o
 .debug_macro   0x0002101b      0x31d ./Sources/Events.o
 .debug_macro   0x00021338      0x331 ./Sources/NRF24L01_DRIVER.o
 .debug_macro   0x00021669       0x10 ./Sources/NRF24L01_DRIVER.o
 .debug_macro   0x00021679       0xd6 ./Sources/NRF24L01_DRIVER.o
 .debug_macro   0x0002174f      0x330 ./Sources/main.o
 .debug_macro   0x00021a7f      0x181 ./SDK/platform/system/src/interrupt/fsl_interrupt_manager.o
 .debug_macro   0x00021c00       0x4a ./SDK/platform/system/src/interrupt/fsl_interrupt_manager.o
 .debug_macro   0x00021c4a       0x67 ./SDK/platform/system/src/interrupt/fsl_interrupt_manager.o
 .debug_macro   0x00021cb1      0x1f6 ./SDK/platform/system/src/clock/MK22F51212/fsl_clock_MK22F51212.o
 .debug_macro   0x00021ea7       0x1c ./SDK/platform/system/src/clock/MK22F51212/fsl_clock_MK22F51212.o
 .debug_macro   0x00021ec3      0x222 ./SDK/platform/osa/src/fsl_os_abstraction_bm.o
 .debug_macro   0x000220e5      0x185 ./SDK/platform/hal/src/mcg/fsl_mcg_hal.o
 .debug_macro   0x0002226a      0x178 ./SDK/platform/hal/src/gpio/fsl_gpio_hal.o
 .debug_macro   0x000223e2      0x175 ./SDK/platform/hal/src/dspi/fsl_dspi_hal.o
 .debug_macro   0x00022557      0x167 ./SDK/platform/drivers/src/pit/fsl_pit_common.o
 .debug_macro   0x000226be      0x223 ./SDK/platform/drivers/src/pit/fsl_pit_driver.o
 .debug_macro   0x000228e1      0x167 ./SDK/platform/drivers/src/gpio/fsl_gpio_common.o
 .debug_macro   0x00022a48      0x235 ./SDK/platform/drivers/src/gpio/fsl_gpio_driver.o
 .debug_macro   0x00022c7d       0x22 ./SDK/platform/drivers/src/gpio/fsl_gpio_driver.o
 .debug_macro   0x00022c9f      0x167 ./SDK/platform/drivers/src/dspi/fsl_dspi_common.o
 .debug_macro   0x00022e06      0x250 ./SDK/platform/drivers/src/dspi/fsl_dspi_master_driver.o
 .debug_macro   0x00023056      0x166 ./SDK/platform/drivers/src/dspi/fsl_dspi_master_driver.o
 .debug_macro   0x000231bc      0x2a6 ./SDK/platform/drivers/src/dspi/fsl_dspi_master_driver.o
 .debug_macro   0x00023462       0x10 ./SDK/platform/drivers/src/dspi/fsl_dspi_master_driver.o
 .debug_macro   0x00023472       0x35 ./SDK/platform/drivers/src/dspi/fsl_dspi_master_driver.o
 .debug_macro   0x000234a7      0x20f ./SDK/platform/drivers/src/dspi/fsl_dspi_master_driver.o
 .debug_macro   0x000236b6      0x187 ./SDK/platform/drivers/src/dspi/fsl_dspi_shared_function.o
 .debug_macro   0x0002383d      0x25f ./SDK/platform/drivers/src/dspi/fsl_dspi_slave_driver.o
 .debug_macro   0x00023a9c      0x162 ./SDK/platform/devices/MK22F51212/startup/system_MK22F51212.o
 .debug_macro   0x00023bfe      0x171 ./SDK/platform/devices/startup.o
 .debug_macro   0x00023d6f      0x32f ./Generated_Code/Cpu.o
 .debug_macro   0x0002409e      0x31c ./Generated_Code/dspiCom1.o
 .debug_macro   0x000243ba      0x2ed ./Generated_Code/gpio1.o
 .debug_macro   0x000246a7      0x1c1 ./Generated_Code/hardware_init.o
 .debug_macro   0x00024868      0x2e6 ./Generated_Code/osa1.o
 .debug_macro   0x00024b4e      0x1ae ./Generated_Code/pin_init.o
 .debug_macro   0x00024cfc      0x31c ./Generated_Code/pitTimer1.o

.debug_line     0x00000000     0xcaaf
 .debug_line    0x00000000      0x897 ./Static_Code/System/PE_low_level_init.o
 .debug_line    0x00000897      0x863 ./Sources/Events.o
 .debug_line    0x000010fa      0x99b ./Sources/NRF24L01_DRIVER.o
 .debug_line    0x00001a95      0x86e ./Sources/main.o
 .debug_line    0x00002303      0x4ea ./SDK/platform/system/src/interrupt/fsl_interrupt_manager.o
 .debug_line    0x000027ed      0xc31 ./SDK/platform/system/src/clock/MK22F51212/fsl_clock_MK22F51212.o
 .debug_line    0x0000341e      0xa9c ./SDK/platform/osa/src/fsl_os_abstraction_bm.o
 .debug_line    0x00003eba      0x769 ./SDK/platform/hal/src/mcg/fsl_mcg_hal.o
 .debug_line    0x00004623      0x4a2 ./SDK/platform/hal/src/gpio/fsl_gpio_hal.o
 .debug_line    0x00004ac5      0x6ef ./SDK/platform/hal/src/dspi/fsl_dspi_hal.o
 .debug_line    0x000051b4      0x405 ./SDK/platform/drivers/src/pit/fsl_pit_common.o
 .debug_line    0x000055b9      0xaa5 ./SDK/platform/drivers/src/pit/fsl_pit_driver.o
 .debug_line    0x0000605e      0x407 ./SDK/platform/drivers/src/gpio/fsl_gpio_common.o
 .debug_line    0x00006465      0x9b1 ./SDK/platform/drivers/src/gpio/fsl_gpio_driver.o