Archive member included because of file (symbol)

c:/freescale/kds_3.0.0/toolchain/bin/../lib/gcc/arm-none-eabi/4.8.4/armv7e-m/fpu\libgcc.a(_aeabi_uldivmod.o)
                              ./SDK/platform/drivers/src/pit/fsl_pit_driver.o (__aeabi_uldivmod)
c:/freescale/kds_3.0.0/toolchain/bin/../lib/gcc/arm-none-eabi/4.8.4/armv7e-m/fpu\libgcc.a(bpabi.o)
                              c:/freescale/kds_3.0.0/toolchain/bin/../lib/gcc/arm-none-eabi/4.8.4/armv7e-m/fpu\libgcc.a(_aeabi_uldivmod.o) (__gnu_uldivmod_helper)
c:/freescale/kds_3.0.0/toolchain/bin/../lib/gcc/arm-none-eabi/4.8.4/armv7e-m/fpu\libgcc.a(_dvmd_tls.o)
                              c:/freescale/kds_3.0.0/toolchain/bin/../lib/gcc/arm-none-eabi/4.8.4/armv7e-m/fpu\libgcc.a(_aeabi_uldivmod.o) (__aeabi_ldiv0)
c:/freescale/kds_3.0.0/toolchain/bin/../lib/gcc/arm-none-eabi/4.8.4/armv7e-m/fpu\libgcc.a(_divdi3.o)
                              c:/freescale/kds_3.0.0/toolchain/bin/../lib/gcc/arm-none-eabi/4.8.4/armv7e-m/fpu\libgcc.a(bpabi.o) (__divdi3)
c:/freescale/kds_3.0.0/toolchain/bin/../lib/gcc/arm-none-eabi/4.8.4/armv7e-m/fpu\libgcc.a(_udivdi3.o)
                              c:/freescale/kds_3.0.0/toolchain/bin/../lib/gcc/arm-none-eabi/4.8.4/armv7e-m/fpu\libgcc.a(bpabi.o) (__udivdi3)
c:/freescale/kds_3.0.0/toolchain/bin/../lib/gcc/arm-none-eabi/4.8.4/../../../../arm-none-eabi/lib/armv7e-m/fpu\libg_s.a(lib_a-assert.o)
                              ./Sources/Events.o (__assert_func)
c:/freescale/kds_3.0.0/toolchain/bin/../lib/gcc/arm-none-eabi/4.8.4/../../../../arm-none-eabi/lib/armv7e-m/fpu\libg_s.a(lib_a-calloc.o)
                              ./SDK/platform/osa/src/fsl_os_abstraction_bm.o (calloc)
c:/freescale/kds_3.0.0/toolchain/bin/../lib/gcc/arm-none-eabi/4.8.4/../../../../arm-none-eabi/lib/armv7e-m/fpu\libg_s.a(lib_a-exit.o)
                              c:/freescale/kds_3.0.0/toolchain/bin/../lib/gcc/arm-none-eabi/4.8.4/../../../../arm-none-eabi/lib/armv7e-m/fpu/crt0.o (exit)
c:/freescale/kds_3.0.0/toolchain/bin/../lib/gcc/arm-none-eabi/4.8.4/../../../../arm-none-eabi/lib/armv7e-m/fpu\libg_s.a(lib_a-fprintf.o)
                              c:/freescale/kds_3.0.0/toolchain/bin/../lib/gcc/arm-none-eabi/4.8.4/../../../../arm-none-eabi/lib/armv7e-m/fpu\libg_s.a(lib_a-assert.o) (fiprintf)
c:/freescale/kds_3.0.0/toolchain/bin/../lib/gcc/arm-none-eabi/4.8.4/../../../../arm-none-eabi/lib/armv7e-m/fpu\libg_s.a(lib_a-impure.o)
                              c:/freescale/kds_3.0.0/toolchain/bin/../lib/gcc/arm-none-eabi/4.8.4/../../../../arm-none-eabi/lib/armv7e-m/fpu\libg_s.a(lib_a-exit.o) (_global_impure_ptr)
c:/freescale/kds_3.0.0/toolchain/bin/../lib/gcc/arm-none-eabi/4.8.4/../../../../arm-none-eabi/lib/armv7e-m/fpu\libg_s.a(lib_a-init.o)
                              c:/freescale/kds_3.0.0/toolchain/bin/../lib/gcc/arm-none-eabi/4.8.4/../../../../arm-none-eabi/lib/armv7e-m/fpu/crt0.o (__libc_init_array)
c:/freescale/kds_3.0.0/toolchain/bin/../lib/gcc/arm-none-eabi/4.8.4/../../../../arm-none-eabi/lib/armv7e-m/fpu\libg_s.a(lib_a-malloc.o)
                              ./SDK/platform/osa/src/fsl_os_abstraction_bm.o (malloc)
c:/freescale/kds_3.0.0/toolchain/bin/../lib/gcc/arm-none-eabi/4.8.4/../../../../arm-none-eabi/lib/armv7e-m/fpu\libg_s.a(lib_a-memset.o)
                              c:/freescale/kds_3.0.0/toolchain/bin/../lib/gcc/arm-none-eabi/4.8.4/../../../../arm-none-eabi/lib/armv7e-m/fpu/crt0.o (memset)
c:/freescale/kds_3.0.0/toolchain/bin/../lib/gcc/arm-none-eabi/4.8.4/../../../../arm-none-eabi/lib/armv7e-m/fpu\libg_s.a(lib_a-nano-callocr.o)
                              c:/freescale/kds_3.0.0/toolchain/bin/../lib/gcc/arm-none-eabi/4.8.4/../../../../arm-none-eabi/lib/armv7e-m/fpu\libg_s.a(lib_a-calloc.o) (_calloc_r)
c:/freescale/kds_3.0.0/toolchain/bin/../lib/gcc/arm-none-eabi/4.8.4/../../../../arm-none-eabi/lib/armv7e-m/fpu\libg_s.a(lib_a-nano-freer.o)
                              c:/freescale/kds_3.0.0/toolchain/bin/../lib/gcc/arm-none-eabi/4.8.4/../../../../arm-none-eabi/lib/armv7e-m/fpu\libg_s.a(lib_a-malloc.o) (_free_r)
c:/freescale/kds_3.0.0/toolchain/bin/../lib/gcc/arm-none-eabi/4.8.4/../../../../arm-none-eabi/lib/armv7e-m/fpu\libg_s.a(lib_a-nano-mallocr.o)
                              c:/freescale/kds_3.0.0/toolchain/bin/../lib/gcc/arm-none-eabi/4.8.4/../../../../arm-none-eabi/lib/armv7e-m/fpu\libg_s.a(lib_a-malloc.o) (_malloc_r)
c:/freescale/kds_3.0.0/toolchain/bin/../lib/gcc/arm-none-eabi/4.8.4/../../../../arm-none-eabi/lib/armv7e-m/fpu\libg_s.a(lib_a-sbrkr.o)
                              c:/freescale/kds_3.0.0/toolchain/bin/../lib/gcc/arm-none-eabi/4.8.4/../../../../arm-none-eabi/lib/armv7e-m/fpu\libg_s.a(lib_a-nano-mallocr.o) (_sbrk_r)
c:/freescale/kds_3.0.0/toolchain/bin/../lib/gcc/arm-none-eabi/4.8.4/../../../../arm-none-eabi/lib/armv7e-m/fpu\libg_s.a(lib_a-vfprintf.o)
[...]
Memory Configuration

Name             Origin             Length             Attributes
m_interrupts     0x00000000         0x00000400         xr
m_flash_config   0x00000400         0x00000010         xr
m_interrupts_ram 0x1fff0000         0x00000400         rw
m_text           0x00000410         0x0007fbf0         xr
m_data           0x1fff0400         0x0000fc00         rw
m_data_2         0x20000000         0x00010000         rw
*default*        0x00000000         0xffffffff

Linker script and memory map

LOAD c:/freescale/kds_3.0.0/toolchain/bin/../lib/gcc/arm-none-eabi/4.8.4/armv7e-m/fpu/crti.o
LOAD c:/freescale/kds_3.0.0/toolchain/bin/../lib/gcc/arm-none-eabi/4.8.4/armv7e-m/fpu/crtbegin.o
LOAD c:/freescale/kds_3.0.0/toolchain/bin/../lib/gcc/arm-none-eabi/4.8.4/../../../../arm-none-eabi/lib/armv7e-m/fpu/crt0.o
LOAD ./Static_Code/System/PE_low_level_init.o
LOAD ./Sources/Events.o
LOAD ./Sources/NRF24L01_DRIVER.o
LOAD ./Sources/main.o
LOAD ./SDK/platform/system/src/interrupt/fsl_interrupt_manager.o
LOAD ./SDK/platform/system/src/clock/MK22F51212/fsl_clock_MK22F51212.o
LOAD ./SDK/platform/system/src/clock/fsl_clock_manager.o
LOAD ./SDK/platform/system/src/clock/fsl_clock_manager_common.o
LOAD ./SDK/platform/osa/src/fsl_os_abstraction_bm.o
LOAD ./SDK/platform/hal/src/uart/fsl_uart_hal.o
LOAD ./SDK/platform/hal/src/sim/MK22F51212/fsl_sim_hal_MK22F51212.o
LOAD ./SDK/platform/hal/src/rtc/fsl_rtc_hal.o
LOAD ./SDK/platform/hal/src/port/fsl_port_hal.o
LOAD ./SDK/platform/hal/src/pit/fsl_pit_hal.o
LOAD ./SDK/platform/hal/src/osc/fsl_osc_hal.o
LOAD ./SDK/platform/hal/src/mcg/fsl_mcg_hal.o
LOAD ./SDK/platform/hal/src/mcg/fsl_mcg_hal_modes.o
LOAD ./SDK/platform/hal/src/gpio/fsl_gpio_hal.o
LOAD ./SDK/platform/hal/src/edma/fsl_edma_hal.o
LOAD ./SDK/platform/hal/src/dspi/fsl_dspi_hal.o
LOAD ./SDK/platform/hal/src/dmamux/fsl_dmamux_hal.o
LOAD ./SDK/platform/drivers/src/uart/fsl_uart_common.o
LOAD ./SDK/platform/drivers/src/uart/fsl_uart_driver.o
LOAD ./SDK/platform/drivers/src/rtc/fsl_rtc_common.o
LOAD ./SDK/platform/drivers/src/pit/fsl_pit_common.o
LOAD ./SDK/platform/drivers/src/pit/fsl_pit_driver.o
LOAD ./SDK/platform/drivers/src/gpio/fsl_gpio_common.o
LOAD ./SDK/platform/drivers/src/gpio/fsl_gpio_driver.o
LOAD ./SDK/platform/drivers/src/edma/fsl_edma_common.o
LOAD ./SDK/platform/drivers/src/edma/fsl_edma_driver.o
LOAD ./SDK/platform/drivers/src/dspi/fsl_dspi_common.o
LOAD ./SDK/platform/drivers/src/dspi/fsl_dspi_master_driver.o
LOAD ./SDK/platform/drivers/src/dspi/fsl_dspi_shared_function.o
LOAD ./SDK/platform/drivers/src/dspi/fsl_dspi_slave_driver.o
LOAD ./SDK/platform/devices/MK22F51212/startup/gcc/startup_MK22F51212.o
LOAD ./SDK/platform/devices/MK22F51212/startup/system_MK22F51212.o
LOAD ./SDK/platform/devices/startup.o
LOAD ./Generated_Code/Cpu.o
LOAD ./Generated_Code/clockMan1.o
LOAD ./Generated_Code/dmaController1.o
LOAD ./Generated_Code/dspiCom1.o
LOAD ./Generated_Code/gpio1.o
LOAD ./Generated_Code/hardware_init.o
LOAD ./Generated_Code/osa1.o
LOAD ./Generated_Code/pin_init.o
LOAD ./Generated_Code/pitTimer1.o
LOAD ./Generated_Code/uartCom1.o
LOAD c:/freescale/kds_3.0.0/toolchain/bin/../lib/gcc/arm-none-eabi/4.8.4/../../../../arm-none-eabi/lib/armv7e-m/fpu\libstdc++_s.a
LOAD c:/freescale/kds_3.0.0/toolchain/bin/../lib/gcc/arm-none-eabi/4.8.4/../../../../arm-none-eabi/lib/armv7e-m/fpu\libm.a
START GROUP
LOAD c:/freescale/kds_3.0.0/toolchain/bin/../lib/gcc/arm-none-eabi/4.8.4/armv7e-m/fpu\libgcc.a
LOAD c:/freescale/kds_3.0.0/toolchain/bin/../lib/gcc/arm-none-eabi/4.8.4/../../../../arm-none-eabi/lib/armv7e-m/fpu\libg_s.a
LOAD c:/freescale/kds_3.0.0/toolchain/bin/../lib/gcc/arm-none-eabi/4.8.4/../../../../arm-none-eabi/lib/armv7e-m/fpu\libc_s.a
END GROUP
START GROUP
LOAD c:/freescale/kds_3.0.0/toolchain/bin/../lib/gcc/arm-none-eabi/4.8.4/armv7e-m/fpu\libgcc.a
LOAD c:/freescale/kds_3.0.0/toolchain/bin/../lib/gcc/arm-none-eabi/4.8.4/../../../../arm-none-eabi/lib/armv7e-m/fpu\libc_s.a
LOAD c:/freescale/kds_3.0.0/toolchain/bin/../lib/gcc/arm-none-eabi/4.8.4/../../../../arm-none-eabi/lib/armv7e-m/fpu\libnosys.a
END GROUP
START GROUP
LOAD c:/freescale/kds_3.0.0/toolchain/bin/../lib/gcc/arm-none-eabi/4.8.4/armv7e-m/fpu\libgcc.a
LOAD c:/freescale/kds_3.0.0/toolchain/bin/../lib/gcc/arm-none-eabi/4.8.4/../../../../arm-none-eabi/lib/armv7e-m/fpu\libc_s.a
LOAD c:/freescale/kds_3.0.0/toolchain/bin/../lib/gcc/arm-none-eabi/4.8.4/../../../../arm-none-eabi/lib/armv7e-m/fpu\libnosys.a
END GROUP
LOAD c:/freescale/kds_3.0.0/toolchain/bin/../lib/gcc/arm-none-eabi/4.8.4/armv7e-m/fpu/crtend.o
LOAD c:/freescale/kds_3.0.0/toolchain/bin/../lib/gcc/arm-none-eabi/4.8.4/armv7e-m/fpu/crtn.o
                0x00000000                HEAP_SIZE = DEFINED (__heap_size__)?__heap_size__:0x0
                0x00000400                STACK_SIZE = DEFINED (__stack_size__)?__stack_size__:0x400

.interrupts     0x00000000      0x400
                0x00000000                __VECTOR_TABLE = .
                0x00000000                . = ALIGN (0x4)
 *(.isr_vector)
 .isr_vector    0x00000000      0x400 ./SDK/platform/devices/MK22F51212/startup/gcc/startup_MK22F51212.o
                0x00000000                __isr_vector
                0x00000400                . = ALIGN (0x4)
                0x1fff0000                __VECTOR_RAM = ORIGIN (m_interrupts_ram)

.flash_config   0x00000400       0x10
                0x00000400                . = ALIGN (0x4)
 *(.FlashConfig)
 .FlashConfig   0x00000400       0x10 ./SDK/platform/devices/MK22F51212/startup/gcc/startup_MK22F51212.o
                0x00000410                . = ALIGN (0x4)

.text           0x00000410     0x7064
                0x00000410                . = ALIGN (0x4)
 *(.text)
 .text          0x00000410       0x54 c:/freescale/kds_3.0.0/toolchain/bin/../lib/gcc/arm-none-eabi/4.8.4/armv7e-m/fpu/crtbegin.o
 .text          0x00000464       0x74 c:/freescale/kds_3.0.0/toolchain/bin/../lib/gcc/arm-none-eabi/4.8.4/../../../../arm-none-eabi/lib/armv7e-m/fpu/crt0.o
                0x00000464                _start
                0x00000464                _mainCRTStartup
 .text          0x000004d8       0x14 ./SDK/platform/devices/MK22F51212/startup/gcc/startup_MK22F51212.o
                0x000004d8                Reset_Handler
                0x000004e8                Reserved54_IRQHandler
                0x000004e8                DebugMon_Handler
                0x000004e8                I2C0_IRQHandler
                0x000004e8                HardFault_Handler
                0x000004e8                Reserved86_IRQHandler
                0x000004e8                Reserved85_IRQHandler
                0x000004e8                PendSV_Handler
                0x000004e8                NMI_Handler
                0x000004e8                I2C1_IRQHandler
                0x000004e8                Reserved99_IRQHandler
                0x000004e8                LLWU_IRQHandler
                0x000004e8                Reserved84_IRQHandler
                0x000004e8                Reserved92_IRQHandler
                0x000004e8                UART2_RX_TX_IRQHandler
                0x000004e8                SWI_IRQHandler
                0x000004e8                ADC0_IRQHandler
                0x000004e8                UsageFault_Handler
                0x000004e8                I2S0_Tx_IRQHandler
                0x000004e8                SPI1_IRQHandler
                0x000004e8                DefaultISR
                0x000004e8                Reserved82_IRQHandler
                0x000004e8                CMP1_IRQHandler
                0x000004e8                Reserved71_IRQHandler
                0x000004e8                PORTD_IRQHandler
                0x000004e8                PORTB_IRQHandler
                0x000004e8                Reserved70_IRQHandler
                0x000004e8                ADC1_IRQHandler
                0x000004e8                PIT2_IRQHandler
                0x000004e8                I2S0_Rx_IRQHandler
                0x000004e8                Reserved53_IRQHandler
                0x000004e8                RTC_IRQHandler
                0x000004e8                PDB0_IRQHandler
                0x000004e8                Reserved96_IRQHandler
                0x000004e8                FTM1_IRQHandler
                0x000004e8                Reserved61_IRQHandler
                0x000004e8                Reserved95_IRQHandler
                0x000004e8                PIT3_IRQHandler
                0x000004e8                RTC_Seconds_IRQHandler
                0x000004e8                MCG_IRQHandler
                0x000004e8                UART2_ERR_IRQHandler
                0x000004e8                Read_Collision_IRQHandler
                0x000004e8                Reserved98_IRQHandler
                0x000004e8                Reserved101_IRQHandler
                0x000004e8                USB0_IRQHandler
                0x000004e8                WDOG_EWM_IRQHandler
                0x000004e8                MemManage_Handler
                0x000004e8                Reserved90_IRQHandler
                0x000004e8                Reserved83_IRQHandler
                0x000004e8                SVC_Handler
                0x000004e8                Reserved100_IRQHandler
                0x000004e8                RNG_IRQHandler
                0x000004e8                Reserved97_IRQHandler
                0x000004e8                Reserved91_IRQHandler
                0x000004e8                LPUART0_IRQHandler
                0x000004e8                DAC0_IRQHandler
                0x000004e8                Reserved81_IRQHandler
                0x000004e8                Reserved94_IRQHandler
                0x000004e8                PIT1_IRQHandler
                0x000004e8                UART0_ERR_IRQHandler
                0x000004e8                DMA_Error_IRQHandler
                0x000004e8                LVD_LVW_IRQHandler
                0x000004e8                FTM0_IRQHandler
                0x000004e8                PORTA_IRQHandler
                0x000004e8                DAC1_IRQHandler
                0x000004e8                MCM_IRQHandler
                0x000004e8                FTM3_IRQHandler
                0x000004e8                PORTE_IRQHandler
                0x000004e8                FTM2_IRQHandler
                0x000004e8                LPTMR0_IRQHandler
                0x000004e8                BusFault_Handler
                0x000004e8                Reserved93_IRQHandler
                0x000004e8                UART1_ERR_IRQHandler
                0x000004e8                UART1_RX_TX_IRQHandler
                0x000004e8                CMP0_IRQHandler
                0x000004e8                PORTC_IRQHandler
                0x000004e8                FTF_IRQHandler
 .text          0x000004ec       0x2c c:/freescale/kds_3.0.0/toolchain/bin/../lib/gcc/arm-none-eabi/4.8.4/armv7e-m/fpu\libgcc.a(_aeabi_uldivmod.o)
                0x000004ec                __aeabi_uldivmod
 .text          0x00000518       0x60 c:/freescale/kds_3.0.0/toolchain/bin/../lib/gcc/arm-none-eabi/4.8.4/armv7e-m/fpu\libgcc.a(bpabi.o)
                0x00000518                __gnu_ldivmod_helper
                0x00000548                __gnu_uldivmod_helper
 .text          0x00000578        0x4 c:/freescale/kds_3.0.0/toolchain/bin/../lib/gcc/arm-none-eabi/4.8.4/armv7e-m/fpu\libgcc.a(_dvmd_tls.o)
                0x00000578                __aeabi_idiv0
                0x00000578                __aeabi_ldiv0
 .text          0x0000057c      0x298 c:/freescale/kds_3.0.0/toolchain/bin/../lib/gcc/arm-none-eabi/4.8.4/armv7e-m/fpu\libgcc.a(_divdi3.o)
                0x0000057c                __divdi3
 .text          0x00000814      0x284 c:/freescale/kds_3.0.0/toolchain/bin/../lib/gcc/arm-none-eabi/4.8.4/armv7e-m/fpu\libgcc.a(_udivdi3.o)
                0x00000814                __udivdi3
 *(.text*)
 .text.PEX_components_init
                0x00000a98        0xc ./Static_Code/System/PE_low_level_init.o
                0x00000a98                PEX_components_init
 .text.PE_low_level_init
                0x00000aa4       0x14 ./Static_Code/System/PE_low_level_init.o
                0x00000aa4                PE_low_level_init
 .text.PIT_HAL_ClearIntFlag
                0x00000ab8       0x40 ./Sources/Events.o
 .text.SPI0_IRQHandler
                0x00000af8        0xc ./Sources/Events.o
                0x00000af8                SPI0_IRQHandler
 .text.Delay_ms
                0x00000b04       0x28 ./Sources/Events.o
                0x00000b04                Delay_ms
 .text.PIT0_IRQHandler
                0x00000b2c       0x44 ./Sources/Events.o
                0x00000b2c                PIT0_IRQHandler
 .text.Clear_NRF_Int_Flags
                0x00000b70       0x40 ./Sources/NRF24L01_DRIVER.o
                0x00000b70                Clear_NRF_Int_Flags
 .text.Set_NRF24L_Rx_Mode
                0x00000bb0       0x64 ./Sources/NRF24L01_DRIVER.o
                0x00000bb0                Set_NRF24L_Rx_Mode
 .text.Set_NRF24L_Tx_Mode
                0x00000c14       0x5c ./Sources/NRF24L01_DRIVER.o
                0x00000c14                Set_NRF24L_Tx_Mode
 .text.Init_NRF24L
                0x00000c70      0x118 ./Sources/NRF24L01_DRIVER.o
                0x00000c70                Init_NRF24L
 .text.Write_Reg_Varified
                0x00000d88       0x5c ./Sources/NRF24L01_DRIVER.o
                0x00000d88                Write_Reg_Varified
 .text.Read_Register
                0x00000de4       0x84 ./Sources/NRF24L01_DRIVER.o
                0x00000de4                Read_Register
 .text.Write_Register
                0x00000e68       0xc0 ./Sources/NRF24L01_DRIVER.o
                0x00000e68                Write_Register
 .text.ReadPayload
                0x00000f28       0x7c ./Sources/NRF24L01_DRIVER.o
                0x00000f28                ReadPayload
 .text.Read_Status
                0x00000fa4       0x2c ./Sources/NRF24L01_DRIVER.o
                0x00000fa4                Read_Status
 .text.SendNewPayload
                0x00000fd0       0xb8 ./Sources/NRF24L01_DRIVER.o
                0x00000fd0                SendNewPayload
 .text.Flush_Tx
                0x00001088       0x40 ./Sources/NRF24L01_DRIVER.o
                0x00001088                Flush_Tx
 .text.Flush_Rx
                0x000010c8       0x40 ./Sources/NRF24L01_DRIVER.o
                0x000010c8                Flush_Rx
 .text.main     0x00001108      0x194 ./Sources/main.o
                0x00001108                main
 .text.INT_SYS_EnableIRQGlobal
                0x0000129c       0x30 ./SDK/platform/system/src/interrupt/fsl_interrupt_manager.o
                0x0000129c                INT_SYS_EnableIRQGlobal
 .text.INT_SYS_DisableIRQGlobal
                0x000012cc       0x1c ./SDK/platform/system/src/interrupt/fsl_interrupt_manager.o
                0x000012cc                INT_SYS_DisableIRQGlobal
 .text.SIM_HAL_EnableClock
                0x000012e8       0x44 ./SDK/platform/system/src/clock/MK22F51212/fsl_clock_MK22F51212.o
 .text.CLOCK_HAL_GetOutDiv1
                0x0000132c       0x24 ./SDK/platform/system/src/clock/MK22F51212/fsl_clock_MK22F51212.o
 .text.CLOCK_HAL_GetOutDiv2
                0x00001350       0x28 ./SDK/platform/system/src/clock/MK22F51212/fsl_clock_MK22F51212.o
 .text.CLOCK_SYS_GetCoreClockFreq
                0x00001378       0x28 ./SDK/platform/system/src/clock/MK22F51212/fsl_clock_MK22F51212.o
                0x00001378                CLOCK_SYS_GetCoreClockFreq
 .text.CLOCK_SYS_GetSystemClockFreq
                0x000013a0       0x28 ./SDK/platform/system/src/clock/MK22F51212/fsl_clock_MK22F51212.o
                0x000013a0                CLOCK_SYS_GetSystemClockFreq
 .text.CLOCK_SYS_GetBusClockFreq
                0x000013c8       0x28 ./SDK/platform/system/src/clock/MK22F51212/fsl_clock_MK22F51212.o
                0x000013c8                CLOCK_SYS_GetBusClockFreq
 .text.CLOCK_SYS_GetUartFreq
                0x000013f0       0x34 ./SDK/platform/system/src/clock/MK22F51212/fsl_clock_MK22F51212.o
                0x000013f0                CLOCK_SYS_GetUartFreq
 .text.CLOCK_SYS_EnablePortClock
                0x00001424       0x48 ./SDK/platform/system/src/clock/MK22F51212/fsl_clock_MK22F51212.o
                0x00001424                CLOCK_SYS_EnablePortClock
 .text.CLOCK_SYS_EnableSpiClock
                0x0000146c       0x48 ./SDK/platform/system/src/clock/MK22F51212/fsl_clock_MK22F51212.o
                0x0000146c                CLOCK_SYS_EnableSpiClock
 .text.CLOCK_SYS_EnableUartClock
                0x000014b4       0x48 ./SDK/platform/system/src/clock/MK22F51212/fsl_clock_MK22F51212.o
                0x000014b4                CLOCK_SYS_EnableUartClock
 .text.OSA_SemaCreate
                0x000014fc       0x4c ./SDK/platform/osa/src/fsl_os_abstraction_bm.o
                0x000014fc                OSA_SemaCreate
 .text.OSA_SemaWait
                0x00001548       0xc4 ./SDK/platform/osa/src/fsl_os_abstraction_bm.o
                0x00001548                OSA_SemaWait
 .text.OSA_SemaPost
                0x0000160c       0x54 ./SDK/platform/osa/src/fsl_os_abstraction_bm.o
                0x0000160c                OSA_SemaPost
 .text.OSA_EventSet
                0x00001660       0x48 ./SDK/platform/osa/src/fsl_os_abstraction_bm.o
                0x00001660                OSA_EventSet
 .text.task_init
                0x000016a8       0x64 ./SDK/platform/osa/src/fsl_os_abstraction_bm.o
                0x000016a8                task_init
 .text.OSA_Init
                0x0000170c       0x14 ./SDK/platform/osa/src/fsl_os_abstraction_bm.o
                0x0000170c                OSA_Init
 .text.UART_HAL_Init
                0x00001720       0x74 ./SDK/platform/hal/src/uart/fsl_uart_hal.o
                0x00001720                UART_HAL_Init
 .text.UART_HAL_SetBaudRate
                0x00001794       0xa0 ./SDK/platform/hal/src/uart/fsl_uart_hal.o
                0x00001794                UART_HAL_SetBaudRate
 .text.UART_HAL_SetParityMode
                0x00001834       0x40 ./SDK/platform/hal/src/uart/fsl_uart_hal.o
                0x00001834                UART_HAL_SetParityMode
 .text.UART_HAL_Putchar
                0x00001874       0x28 ./SDK/platform/hal/src/uart/fsl_uart_hal.o
                0x00001874                UART_HAL_Putchar
 .text.UART_HAL_Getchar
                0x0000189c       0x2c ./SDK/platform/hal/src/uart/fsl_uart_hal.o
                0x0000189c                UART_HAL_Getchar
 .text.UART_HAL_SetIntMode
                0x000018c8      0x114 ./SDK/platform/hal/src/uart/fsl_uart_hal.o
                0x000018c8                UART_HAL_SetIntMode
 .text.UART_HAL_GetStatusFlag
                0x000019dc       0xb8 ./SDK/platform/hal/src/uart/fsl_uart_hal.o
                0x000019dc                UART_HAL_GetStatusFlag
 .text.UART_HAL_ClearStatusFlag
                0x00001a94       0xb0 ./SDK/platform/hal/src/uart/fsl_uart_hal.o
                0x00001a94                UART_HAL_ClearStatusFlag
 .text.UART_HAL_SetTxFifoCmd
                0x00001b44       0x5c ./SDK/platform/hal/src/uart/fsl_uart_hal.o
                0x00001b44                UART_HAL_SetTxFifoCmd
 .text.UART_HAL_SetRxFifoCmd
                0x00001ba0       0x5c ./SDK/platform/hal/src/uart/fsl_uart_hal.o
                0x00001ba0                UART_HAL_SetRxFifoCmd
 .text.UART_HAL_FlushTxFifo
                0x00001bfc       0x40 ./SDK/platform/hal/src/uart/fsl_uart_hal.o
                0x00001bfc                UART_HAL_FlushTxFifo
 .text.UART_HAL_FlushRxFifo
                0x00001c3c       0x40 ./SDK/platform/hal/src/uart/fsl_uart_hal.o
                0x00001c3c                UART_HAL_FlushRxFifo
 .text.UART_HAL_SetTxFifoWatermark
                0x00001c7c       0x38 ./SDK/platform/hal/src/uart/fsl_uart_hal.o
                0x00001c7c                UART_HAL_SetTxFifoWatermark
 .text.UART_HAL_SetRxFifoWatermark
                0x00001cb4       0x38 ./SDK/platform/hal/src/uart/fsl_uart_hal.o
                0x00001cb4                UART_HAL_SetRxFifoWatermark
 .text.CLOCK_HAL_GetClkOutStat
                0x00001cec       0x24 ./SDK/platform/hal/src/mcg/fsl_mcg_hal.o
 .text.CLOCK_HAL_IsPllSelected
                0x00001d10       0x30 ./SDK/platform/hal/src/mcg/fsl_mcg_hal.o
 .text.CLOCK_HAL_TestOscFreq
                0x00001d40       0x50 ./SDK/platform/hal/src/mcg/fsl_mcg_hal.o
                0x00001d40                CLOCK_HAL_TestOscFreq
 .text.CLOCK_HAL_GetMcgExternalClkFreq
                0x00001d90       0x28 ./SDK/platform/hal/src/mcg/fsl_mcg_hal.o
 .text.CLOCK_HAL_TestFllExternalRefFreq
                0x00001db8       0x90 ./SDK/platform/hal/src/mcg/fsl_mcg_hal.o
                0x00001db8                CLOCK_HAL_TestFllExternalRefFreq
 .text.CLOCK_HAL_GetFllRefClk
                0x00001e48       0x74 ./SDK/platform/hal/src/mcg/fsl_mcg_hal.o
                0x00001e48                CLOCK_HAL_GetFllRefClk
 .text.CLOCK_HAL_TestFllFreq
                0x00001ebc       0x5c ./SDK/platform/hal/src/mcg/fsl_mcg_hal.o
                0x00001ebc                CLOCK_HAL_TestFllFreq
 .text.CLOCK_HAL_GetFllClk
                0x00001f18       0x60 ./SDK/platform/hal/src/mcg/fsl_mcg_hal.o
                0x00001f18                CLOCK_HAL_GetFllClk
 .text.CLOCK_HAL_GetPll0RefFreq
                0x00001f78       0x18 ./SDK/platform/hal/src/mcg/fsl_mcg_hal.o
                0x00001f78                CLOCK_HAL_GetPll0RefFreq
 .text.CLOCK_HAL_GetPll0Clk
                0x00001f90       0x7c ./SDK/platform/hal/src/mcg/fsl_mcg_hal.o
                0x00001f90                CLOCK_HAL_GetPll0Clk
 .text.CLOCK_HAL_GetInternalRefClk
                0x0000200c       0x64 ./SDK/platform/hal/src/mcg/fsl_mcg_hal.o
                0x0000200c                CLOCK_HAL_GetInternalRefClk
 .text.CLOCK_HAL_GetOutClk
                0x00002070       0x68 ./SDK/platform/hal/src/mcg/fsl_mcg_hal.o
                0x00002070                CLOCK_HAL_GetOutClk
 .text.GPIO_HAL_SetPinDir
                0x000020d8       0x60 ./SDK/platform/hal/src/gpio/fsl_gpio_hal.o
                0x000020d8                GPIO_HAL_SetPinDir
 .text.GPIO_HAL_WritePinOutput
                0x00002138       0x4c ./SDK/platform/hal/src/gpio/fsl_gpio_hal.o
                0x00002138                GPIO_HAL_WritePinOutput
 .text.EDMA_HAL_Init
                0x00002184       0x7c ./SDK/platform/hal/src/edma/fsl_edma_hal.o
                0x00002184                EDMA_HAL_Init
 .text.EDMA_HAL_HTCDClearReg
                0x00002200       0xd0 ./SDK/platform/hal/src/edma/fsl_edma_hal.o
                0x00002200                EDMA_HAL_HTCDClearReg
 .text.DSPI_HAL_Enable
                0x000022d0       0x20 ./SDK/platform/hal/src/dspi/fsl_dspi_hal.o
 .text.DSPI_HAL_Disable
                0x000022f0       0x20 ./SDK/platform/hal/src/dspi/fsl_dspi_hal.o
 .text.DSPI_HAL_IsMaster
                0x00002310       0x1c ./SDK/platform/hal/src/dspi/fsl_dspi_hal.o
 .text.DSPI_HAL_Init
                0x0000232c       0x7c ./SDK/platform/hal/src/dspi/fsl_dspi_hal.o
                0x0000232c                DSPI_HAL_Init
 .text.DSPI_HAL_SetBaudRate
                0x000023a8      0x14c ./SDK/platform/hal/src/dspi/fsl_dspi_hal.o
                0x000023a8                DSPI_HAL_SetBaudRate
 .text.DSPI_HAL_SetPcsPolarityMode
                0x000024f4       0x58 ./SDK/platform/hal/src/dspi/fsl_dspi_hal.o
                0x000024f4                DSPI_HAL_SetPcsPolarityMode
 .text.DSPI_HAL_SetFifoCmd
                0x0000254c       0x64 ./SDK/platform/hal/src/dspi/fsl_dspi_hal.o
                0x0000254c                DSPI_HAL_SetFifoCmd
 .text.DSPI_HAL_SetFlushFifoCmd
                0x000025b0       0x38 ./SDK/platform/hal/src/dspi/fsl_dspi_hal.o
                0x000025b0                DSPI_HAL_SetFlushFifoCmd
 .text.DSPI_HAL_SetDataFormat
                0x000025e8      0x128 ./SDK/platform/hal/src/dspi/fsl_dspi_hal.o
                0x000025e8                DSPI_HAL_SetDataFormat
 .text.DSPI_HAL_SetDelay
                0x00002710      0x114 ./SDK/platform/hal/src/dspi/fsl_dspi_hal.o
                0x00002710                DSPI_HAL_SetDelay
 .text.DSPI_HAL_SetTxFifoFillDmaIntMode
                0x00002824       0x3c ./SDK/platform/hal/src/dspi/fsl_dspi_hal.o
                0x00002824                DSPI_HAL_SetTxFifoFillDmaIntMode
 .text.DSPI_HAL_SetRxFifoDrainDmaIntMode
                0x00002860       0x3c ./SDK/platform/hal/src/dspi/fsl_dspi_hal.o
                0x00002860                DSPI_HAL_SetRxFifoDrainDmaIntMode
 .text.DSPI_HAL_SetIntMode
                0x0000289c       0x3c ./SDK/platform/hal/src/dspi/fsl_dspi_hal.o
                0x0000289c                DSPI_HAL_SetIntMode
 .text.DSPI_HAL_GetFormattedCommand
                0x000028d8       0x40 ./SDK/platform/hal/src/dspi/fsl_dspi_hal.o
                0x000028d8                DSPI_HAL_GetFormattedCommand
 .text.DMAMUX_HAL_Init
                0x00002918       0x50 ./SDK/platform/hal/src/dmamux/fsl_dmamux_hal.o
                0x00002918                DMAMUX_HAL_Init
 .text.NVIC_EnableIRQ
                0x00002968       0x30 ./SDK/platform/drivers/src/uart/fsl_uart_driver.o
 .text.UART_HAL_EnableTransmitter
                0x00002998       0x24 ./SDK/platform/drivers/src/uart/fsl_uart_driver.o
 .text.UART_HAL_EnableReceiver
                0x000029bc       0x24 ./SDK/platform/drivers/src/uart/fsl_uart_driver.o
 .text.UART_HAL_SetBitCountPerChar
                0x000029e0       0x28 ./SDK/platform/drivers/src/uart/fsl_uart_driver.o
 .text.UART_HAL_GetTxFifoSize
                0x00002a08       0x24 ./SDK/platform/drivers/src/uart/fsl_uart_driver.o
 .text.UART_HAL_GetTxDatawordCountInFifo
                0x00002a2c       0x1c ./SDK/platform/drivers/src/uart/fsl_uart_driver.o
 .text.UART_HAL_GetRxDatawordCountInFifo
                0x00002a48       0x1c ./SDK/platform/drivers/src/uart/fsl_uart_driver.o
 .text.INT_SYS_EnableIRQ
                0x00002a64       0x54 ./SDK/platform/drivers/src/uart/fsl_uart_driver.o
 .text.UART_DRV_Init
                0x00002ab8      0x180 ./SDK/platform/drivers/src/uart/fsl_uart_driver.o
                0x00002ab8                UART_DRV_Init
 .text.UART_DRV_SendDataBlocking
                0x00002c38       0xd0 ./SDK/platform/drivers/src/uart/fsl_uart_driver.o
                0x00002c38                UART_DRV_SendDataBlocking
 .text.UART_DRV_IRQHandler
                0x00002d08      0x170 ./SDK/platform/drivers/src/uart/fsl_uart_driver.o
                0x00002d08                UART_DRV_IRQHandler
 .text.UART_DRV_CompleteSendData
                0x00002e78       0x74 ./SDK/platform/drivers/src/uart/fsl_uart_driver.o
 .text.UART_DRV_StartSendData
                0x00002eec       0x8c ./SDK/platform/drivers/src/uart/fsl_uart_driver.o
 .text.UART_DRV_CompleteReceiveData
                0x00002f78       0x80 ./SDK/platform/drivers/src/uart/fsl_uart_driver.o
 .text.NVIC_EnableIRQ
                0x00002ff8       0x30 ./SDK/platform/drivers/src/pit/fsl_pit_driver.o
 .text.PIT_HAL_Enable
                0x00003028       0x20 ./SDK/platform/drivers/src/pit/fsl_pit_driver.o
 .text.PIT_HAL_SetTimerRunInDebugCmd
                0x00003048       0x28 ./SDK/platform/drivers/src/pit/fsl_pit_driver.o
 .text.PIT_HAL_StartTimer
                0x00003070       0x44 ./SDK/platform/drivers/src/pit/fsl_pit_driver.o
 .text.PIT_HAL_SetTimerPeriodByCount
                0x000030b4       0x40 ./SDK/platform/drivers/src/pit/fsl_pit_driver.o
 .text.PIT_HAL_SetIntCmd
                0x000030f4       0x4c ./SDK/platform/drivers/src/pit/fsl_pit_driver.o
 .text.SIM_HAL_EnableClock
                0x00003140       0x44 ./SDK/platform/drivers/src/pit/fsl_pit_driver.o
 .text.CLOCK_SYS_GetPitFreq
                0x00003184       0x18 ./SDK/platform/drivers/src/pit/fsl_pit_driver.o
 .text.CLOCK_SYS_EnablePitClock
                0x0000319c       0x1c ./SDK/platform/drivers/src/pit/fsl_pit_driver.o
 .text.INT_SYS_EnableIRQ
                0x000031b8       0x54 ./SDK/platform/drivers/src/pit/fsl_pit_driver.o
 .text.PIT_DRV_Init
                0x0000320c       0x70 ./SDK/platform/drivers/src/pit/fsl_pit_driver.o
                0x0000320c                PIT_DRV_Init
 .text.PIT_DRV_InitChannel
                0x0000327c       0x78 ./SDK/platform/drivers/src/pit/fsl_pit_driver.o
                0x0000327c                PIT_DRV_InitChannel
 .text.PIT_DRV_StartTimer
                0x000032f4       0x44 ./SDK/platform/drivers/src/pit/fsl_pit_driver.o
                0x000032f4                PIT_DRV_StartTimer
 .text.PIT_DRV_SetTimerPeriodByUs
                0x00003338       0x88 ./SDK/platform/drivers/src/pit/fsl_pit_driver.o
                0x00003338                PIT_DRV_SetTimerPeriodByUs
 .text.NVIC_EnableIRQ
                0x000033c0       0x30 ./SDK/platform/drivers/src/gpio/fsl_gpio_driver.o
 .text.PORT_HAL_SetPullMode
                0x000033f0       0x44 ./SDK/platform/drivers/src/gpio/fsl_gpio_driver.o
 .text.PORT_HAL_SetPullCmd
                0x00003434       0x48 ./SDK/platform/drivers/src/gpio/fsl_gpio_driver.o
 .text.PORT_HAL_SetSlewRateMode
                0x0000347c       0x48 ./SDK/platform/drivers/src/gpio/fsl_gpio_driver.o
 .text.PORT_HAL_SetPassiveFilterCmd
                0x000034c4       0x48 ./SDK/platform/drivers/src/gpio/fsl_gpio_driver.o
 .text.PORT_HAL_SetOpenDrainCmd
                0x0000350c       0x48 ./SDK/platform/drivers/src/gpio/fsl_gpio_driver.o
 .text.PORT_HAL_SetDriveStrengthMode
                0x00003554       0x48 ./SDK/platform/drivers/src/gpio/fsl_gpio_driver.o
 .text.PORT_HAL_SetMuxMode
                0x0000359c       0x58 ./SDK/platform/drivers/src/gpio/fsl_gpio_driver.o
 .text.PORT_HAL_SetDigitalFilterCmd
                0x000035f4       0x4c ./SDK/platform/drivers/src/gpio/fsl_gpio_driver.o
 .text.PORT_HAL_SetPinIntMode
                0x00003640       0x58 ./SDK/platform/drivers/src/gpio/fsl_gpio_driver.o
 .text.GPIO_HAL_SetPinOutput
                0x00003698       0x38 ./SDK/platform/drivers/src/gpio/fsl_gpio_driver.o
 .text.GPIO_HAL_ClearPinOutput
                0x000036d0       0x38 ./SDK/platform/drivers/src/gpio/fsl_gpio_driver.o
 .text.GPIO_HAL_ReadPinInput
                0x00003708       0x40 ./SDK/platform/drivers/src/gpio/fsl_gpio_driver.o
 .text.INT_SYS_EnableIRQ
                0x00003748       0x54 ./SDK/platform/drivers/src/gpio/fsl_gpio_driver.o
 .text.GPIO_DRV_Init
                0x0000379c       0x50 ./SDK/platform/drivers/src/gpio/fsl_gpio_driver.o
                0x0000379c                GPIO_DRV_Init
 .text.GPIO_DRV_InputPinInit
                0x000037ec       0xc4 ./SDK/platform/drivers/src/gpio/fsl_gpio_driver.o
                0x000037ec                GPIO_DRV_InputPinInit
 .text.GPIO_DRV_OutputPinInit
                0x000038b0       0x90 ./SDK/platform/drivers/src/gpio/fsl_gpio_driver.o
                0x000038b0                GPIO_DRV_OutputPinInit
 .text.GPIO_DRV_SetPinOutput
                0x00003940       0x30 ./SDK/platform/drivers/src/gpio/fsl_gpio_driver.o
                0x00003940                GPIO_DRV_SetPinOutput
 .text.GPIO_DRV_ClearPinOutput
                0x00003970       0x30 ./SDK/platform/drivers/src/gpio/fsl_gpio_driver.o
                0x00003970                GPIO_DRV_ClearPinOutput
 .text.GPIO_DRV_ReadPinInput
                0x000039a0       0x34 ./SDK/platform/drivers/src/gpio/fsl_gpio_driver.o
                0x000039a0                GPIO_DRV_ReadPinInput
 .text.NVIC_EnableIRQ
                0x000039d4       0x30 ./SDK/platform/drivers/src/edma/fsl_edma_driver.o
 .text.EDMA_HAL_SetHaltOnErrorCmd
                0x00003a04       0x24 ./SDK/platform/drivers/src/edma/fsl_edma_driver.o
 .text.EDMA_HAL_SetChannelArbitrationMode
                0x00003a28       0x24 ./SDK/platform/drivers/src/edma/fsl_edma_driver.o
 .text.EDMA_HAL_ClearDoneStatusFlag
                0x00003a4c       0x1c ./SDK/platform/drivers/src/edma/fsl_edma_driver.o
 .text.EDMA_HAL_ClearIntStatusFlag
                0x00003a68       0x1c ./SDK/platform/drivers/src/edma/fsl_edma_driver.o
 .text.SIM_HAL_EnableClock
                0x00003a84       0x44 ./SDK/platform/drivers/src/edma/fsl_edma_driver.o
 .text.CLOCK_SYS_EnableDmaClock
                0x00003ac8       0x1c ./SDK/platform/drivers/src/edma/fsl_edma_driver.o
 .text.CLOCK_SYS_EnableDmamuxClock
                0x00003ae4       0x1c ./SDK/platform/drivers/src/edma/fsl_edma_driver.o
 .text.INT_SYS_EnableIRQ
                0x00003b00       0x54 ./SDK/platform/drivers/src/edma/fsl_edma_driver.o
 .text.EDMA_DRV_Init
                0x00003b54      0x108 ./SDK/platform/drivers/src/edma/fsl_edma_driver.o
                0x00003b54                EDMA_DRV_Init
 .text.EDMA_DRV_ClearIntStatus
                0x00003c5c       0x44 ./SDK/platform/drivers/src/edma/fsl_edma_driver.o
 .text.EDMA_DRV_IRQHandler
                0x00003ca0       0x4c ./SDK/platform/drivers/src/edma/fsl_edma_driver.o
                0x00003ca0                EDMA_DRV_IRQHandler
 .text.NVIC_EnableIRQ
                0x00003cec       0x30 ./SDK/platform/drivers/src/dspi/fsl_dspi_master_driver.o
 .text.DSPI_HAL_Enable
                0x00003d1c       0x20 ./SDK/platform/drivers/src/dspi/fsl_dspi_master_driver.o
 .text.DSPI_HAL_SetMasterSlaveMode
                0x00003d3c       0x24 ./SDK/platform/drivers/src/dspi/fsl_dspi_master_driver.o
 .text.DSPI_HAL_SetContinuousSckCmd
                0x00003d60       0x24 ./SDK/platform/drivers/src/dspi/fsl_dspi_master_driver.o
 .text.DSPI_HAL_StartTransfer
                0x00003d84       0x20 ./SDK/platform/drivers/src/dspi/fsl_dspi_master_driver.o
 .text.DSPI_HAL_StopTransfer
                0x00003da4       0x20 ./SDK/platform/drivers/src/dspi/fsl_dspi_master_driver.o
 .text.DSPI_HAL_GetStatusFlag
                0x00003dc4       0x30 ./SDK/platform/drivers/src/dspi/fsl_dspi_master_driver.o
 .text.DSPI_HAL_ClearStatusFlag
                0x00003df4       0x20 ./SDK/platform/drivers/src/dspi/fsl_dspi_master_driver.o
 .text.DSPI_HAL_ReadData
                0x00003e14       0x18 ./SDK/platform/drivers/src/dspi/fsl_dspi_master_driver.o
 .text.DSPI_HAL_WriteCmdDataMastermode
                0x00003e2c       0x1c ./SDK/platform/drivers/src/dspi/fsl_dspi_master_driver.o
 .text.DSPI_HAL_PresetTransferCount
                0x00003e48       0x28 ./SDK/platform/drivers/src/dspi/fsl_dspi_master_driver.o
 .text.CLOCK_SYS_GetSpiFreq
                0x00003e70       0x18 ./SDK/platform/drivers/src/dspi/fsl_dspi_master_driver.o
 .text.INT_SYS_EnableIRQ
                0x00003e88       0x54 ./SDK/platform/drivers/src/dspi/fsl_dspi_master_driver.o
 .text.DSPI_DRV_MasterInit
                0x00003edc       0xe4 ./SDK/platform/drivers/src/dspi/fsl_dspi_master_driver.o
                0x00003edc                DSPI_DRV_MasterInit
 .text.DSPI_DRV_MasterConfigureBus
                0x00003fc0       0x8c ./SDK/platform/drivers/src/dspi/fsl_dspi_master_driver.o
                0x00003fc0                DSPI_DRV_MasterConfigureBus
 .text.DSPI_DRV_MasterTransferBlocking
                0x0000404c       0xb0 ./SDK/platform/drivers/src/dspi/fsl_dspi_master_driver.o
                0x0000404c                DSPI_DRV_MasterTransferBlocking
 .text.DSPI_DRV_MasterStartTransfer
                0x000040fc       0xf8 ./SDK/platform/drivers/src/dspi/fsl_dspi_master_driver.o
 .text.DSPI_DRV_MasterFillupTxFifo
                0x000041f4      0x1e4 ./SDK/platform/drivers/src/dspi/fsl_dspi_master_driver.o
 .text.DSPI_DRV_MasterCompleteTransfer
                0x000043d8       0x5c ./SDK/platform/drivers/src/dspi/fsl_dspi_master_driver.o
 .text.DSPI_DRV_MasterIRQHandler
                0x00004434      0x13c ./SDK/platform/drivers/src/dspi/fsl_dspi_master_driver.o
                0x00004434                DSPI_DRV_MasterIRQHandler
 .text.DSPI_HAL_IsMaster
                0x00004570       0x1c ./SDK/platform/drivers/src/dspi/fsl_dspi_shared_function.o
 .text.DSPI_DRV_IRQHandler
                0x0000458c       0x54 ./SDK/platform/drivers/src/dspi/fsl_dspi_shared_function.o
                0x0000458c                DSPI_DRV_IRQHandler
 .text.DSPI_HAL_GetIntMode
                0x000045e0       0x30 ./SDK/platform/drivers/src/dspi/fsl_dspi_slave_driver.o
 .text.DSPI_HAL_GetStatusFlag
                0x00004610       0x30 ./SDK/platform/drivers/src/dspi/fsl_dspi_slave_driver.o
 .text.DSPI_HAL_ClearStatusFlag
                0x00004640       0x20 ./SDK/platform/drivers/src/dspi/fsl_dspi_slave_driver.o
 .text.DSPI_HAL_ReadData
                0x00004660       0x18 ./SDK/platform/drivers/src/dspi/fsl_dspi_slave_driver.o
 .text.DSPI_HAL_WriteDataSlavemode
                0x00004678       0x1c ./SDK/platform/drivers/src/dspi/fsl_dspi_slave_driver.o
 .text.DSPI_DRV_SlaveIRQHandler
                0x00004694      0x1fc ./SDK/platform/drivers/src/dspi/fsl_dspi_slave_driver.o
                0x00004694                DSPI_DRV_SlaveIRQHandler
 .text.DSPI_DRV_SlaveCompleteTransfer
                0x00004890       0x84 ./SDK/platform/drivers/src/dspi/fsl_dspi_slave_driver.o
 .text.SystemInit
                0x00004914      0x214 ./SDK/platform/devices/MK22F51212/startup/system_MK22F51212.o
                0x00004914                SystemInit
 .text.init_data_bss
                0x00004b28       0xcc ./SDK/platform/devices/startup.o
                0x00004b28                init_data_bss
 .text.NVIC_SetPriority
                0x00004bf4       0x54 ./Generated_Code/Cpu.o
 .text.Components_Init
                0x00004c48       0x84 ./Generated_Code/Cpu.o
                0x00004c48                Components_Init
 .text.DMA0_IRQHandler
                0x00004ccc        0xc ./Generated_Code/dmaController1.o
                0x00004ccc                DMA0_IRQHandler
 .text.DMA1_IRQHandler
                0x00004cd8        0xc ./Generated_Code/dmaController1.o
                0x00004cd8                DMA1_IRQHandler
 .text.DMA2_IRQHandler
                0x00004ce4        0xc ./Generated_Code/dmaController1.o
                0x00004ce4                DMA2_IRQHandler
 .text.DMA3_IRQHandler
                0x00004cf0        0xc ./Generated_Code/dmaController1.o
                0x00004cf0                DMA3_IRQHandler
 .text.DMA4_IRQHandler
                0x00004cfc        0xc ./Generated_Code/dmaController1.o
                0x00004cfc                DMA4_IRQHandler
 .text.DMA5_IRQHandler
                0x00004d08        0xc ./Generated_Code/dmaController1.o
                0x00004d08                DMA5_IRQHandler
 .text.DMA6_IRQHandler
                0x00004d14        0xc ./Generated_Code/dmaController1.o
                0x00004d14                DMA6_IRQHandler
 .text.DMA7_IRQHandler
                0x00004d20        0xc ./Generated_Code/dmaController1.o
                0x00004d20                DMA7_IRQHandler
 .text.DMA8_IRQHandler
                0x00004d2c        0xc ./Generated_Code/dmaController1.o
                0x00004d2c                DMA8_IRQHandler
 .text.DMA9_IRQHandler
                0x00004d38        0xc ./Generated_Code/dmaController1.o
                0x00004d38                DMA9_IRQHandler
 .text.DMA10_IRQHandler
                0x00004d44        0xc ./Generated_Code/dmaController1.o
                0x00004d44                DMA10_IRQHandler
 .text.DMA11_IRQHandler
                0x00004d50        0xc ./Generated_Code/dmaController1.o
                0x00004d50                DMA11_IRQHandler
 .text.DMA12_IRQHandler
                0x00004d5c        0xc ./Generated_Code/dmaController1.o
                0x00004d5c                DMA12_IRQHandler
 .text.DMA13_IRQHandler
                0x00004d68        0xc ./Generated_Code/dmaController1.o
                0x00004d68                DMA13_IRQHandler
 .text.DMA14_IRQHandler
                0x00004d74        0xc ./Generated_Code/dmaController1.o
                0x00004d74                DMA14_IRQHandler
 .text.DMA15_IRQHandler
                0x00004d80        0xc ./Generated_Code/dmaController1.o
                0x00004d80                DMA15_IRQHandler
 .text.SIM_HAL_EnableClock
                0x00004d8c       0x44 ./Generated_Code/hardware_init.o
 .text.hardware_init
                0x00004dd0       0x7c ./Generated_Code/hardware_init.o
                0x00004dd0                hardware_init
 .text.NVIC_SetPriority
                0x00004e4c       0x54 ./Generated_Code/osa1.o
 .text.CLOCK_SYS_GetSystickFreq
                0x00004ea0       0x10 ./Generated_Code/osa1.o
 .text.SysTick_Handler
                0x00004eb0       0x20 ./Generated_Code/osa1.o
                0x00004eb0                SysTick_Handler
 .text.OSA_TimeInit
                0x00004ed0       0xbc ./Generated_Code/osa1.o
                0x00004ed0                OSA_TimeInit
 .text.OSA_TimeDiff
                0x00004f8c       0x30 ./Generated_Code/osa1.o
                0x00004f8c                OSA_TimeDiff
 .text.OSA_TimeGetMsec
                0x00004fbc       0x18 ./Generated_Code/osa1.o
                0x00004fbc                OSA_TimeGetMsec
 .text.PORT_HAL_SetPullMode
                0x00004fd4       0x44 ./Generated_Code/pin_init.o
 .text.PORT_HAL_SetPullCmd
                0x00005018       0x48 ./Generated_Code/pin_init.o
 .text.PORT_HAL_SetSlewRateMode
                0x00005060       0x48 ./Generated_Code/pin_init.o
 .text.PORT_HAL_SetOpenDrainCmd
                0x000050a8       0x48 ./Generated_Code/pin_init.o
 .text.PORT_HAL_SetDriveStrengthMode
                0x000050f0       0x48 ./Generated_Code/pin_init.o
 .text.PORT_HAL_SetMuxMode
                0x00005138       0x58 ./Generated_Code/pin_init.o
 .text.init_gpio_pins
                0x00005190      0x118 ./Generated_Code/pin_init.o
                0x00005190                init_gpio_pins
 .text.init_jtag_pins
                0x000052a8       0x3c ./Generated_Code/pin_init.o
                0x000052a8                init_jtag_pins
 .text.init_llwu_pins
                0x000052e4       0x90 ./Generated_Code/pin_init.o
                0x000052e4                init_llwu_pins
 .text.init_osc_pins
                0x00005374       0x28 ./Generated_Code/pin_init.o
                0x00005374                init_osc_pins
 .text.init_spi_pins
                0x0000539c       0x44 ./Generated_Code/pin_init.o
                0x0000539c                init_spi_pins
 .text.init_tpiu_pins
                0x000053e0       0x1c ./Generated_Code/pin_init.o
                0x000053e0                init_tpiu_pins
 .text.init_uart_pins
                0x000053fc       0x30 ./Generated_Code/pin_init.o
                0x000053fc                init_uart_pins
 .text.UART0_RX_TX_IRQHandler
                0x0000542c        0xc ./Generated_Code/uartCom1.o
                0x0000542c                UART0_RX_TX_IRQHandler
 .text.__assert_func
                0x00005438       0x38 c:/freescale/kds_3.0.0/toolchain/bin/../lib/gcc/arm-none-eabi/4.8.4/../../../../arm-none-eabi/lib/armv7e-m/fpu\libg_s.a(lib_a-assert.o)
                0x00005438                __assert_func
 .text.exit     0x00005470       0x28 c:/freescale/kds_3.0.0/toolchain/bin/../lib/gcc/arm-none-eabi/4.8.4/../../../../arm-none-eabi/lib/armv7e-m/fpu\libg_s.a(lib_a-exit.o)
                0x00005470                exit
 .text.fprintf  0x00005498       0x24 c:/freescale/kds_3.0.0/toolchain/bin/../lib/gcc/arm-none-eabi/4.8.4/../../../../arm-none-eabi/lib/armv7e-m/fpu\libg_s.a(lib_a-fprintf.o)
                0x00005498                fiprintf
                0x00005498                fprintf
 .text.__libc_init_array
                0x000054bc       0x4c c:/freescale/kds_3.0.0/toolchain/bin/../lib/gcc/arm-none-eabi/4.8.4/../../../../arm-none-eabi/lib/armv7e-m/fpu\libg_s.a(lib_a-init.o)
                0x000054bc                __libc_init_array
 .text.memset   0x00005508       0x10 c:/freescale/kds_3.0.0/toolchain/bin/../lib/gcc/arm-none-eabi/4.8.4/../../../../arm-none-eabi/lib/armv7e-m/fpu\libg_s.a(lib_a-memset.o)
                0x00005508                memset
 .text._free_r  0x00005518       0x88 c:/freescale/kds_3.0.0/toolchain/bin/../lib/gcc/arm-none-eabi/4.8.4/../../../../arm-none-eabi/lib/armv7e-m/fpu\libg_s.a(lib_a-nano-freer.o)
                0x00005518                _free_r
 .text._malloc_r
                0x000055a0       0xa8 c:/freescale/kds_3.0.0/toolchain/bin/../lib/gcc/arm-none-eabi/4.8.4/../../../../arm-none-eabi/lib/armv7e-m/fpu\libg_s.a(lib_a-nano-mallocr.o)
                0x000055a0                _malloc_r
 .text._sbrk_r  0x00005648       0x20 c:/freescale/kds_3.0.0/toolchain/bin/../lib/gcc/arm-none-eabi/4.8.4/../../../../arm-none-eabi/lib/armv7e-m/fpu\libg_s.a(lib_a-sbrkr.o)
                0x00005648                _sbrk_r
 .text.__sfputc_r
                0x00005668       0x2c c:/freescale/kds_3.0.0/toolchain/bin/../lib/gcc/arm-none-eabi/4.8.4/../../../../arm-none-eabi/lib/armv7e-m/fpu\libg_s.a(lib_a-vfprintf.o)
 .text.__sfputs_r
                0x00005694       0x24 c:/freescale/kds_3.0.0/toolchain/bin/../lib/gcc/arm-none-eabi/4.8.4/../../../../arm-none-eabi/lib/armv7e-m/fpu\libg_s.a(lib_a-vfprintf.o)
                0x00005694                __sfputs_r
 .text._vfprintf_r
                0x000056b8      0x208 c:/freescale/kds_3.0.0/toolchain/bin/../lib/gcc/arm-none-eabi/4.8.4/../../../../arm-none-eabi/lib/armv7e-m/fpu\libg_s.a(lib_a-vfprintf.o)
                0x000056b8                _vfprintf_r
                0x000056b8                _vfiprintf_r
 .text._printf_common
                0x000058c0       0xe4 c:/freescale/kds_3.0.0/toolchain/bin/../lib/gcc/arm-none-eabi/4.8.4/../../../../arm-none-eabi/lib/armv7e-m/fpu\libg_s.a(lib_a-vfprintf_i.o)
                0x000058c0                _printf_common
 .text._printf_i
                0x000059a4      0x228 c:/freescale/kds_3.0.0/toolchain/bin/../lib/gcc/arm-none-eabi/4.8.4/../../../../arm-none-eabi/lib/armv7e-m/fpu\libg_s.a(lib_a-vfprintf_i.o)
                0x000059a4                _printf_i
 .text.__swbuf_r
                0x00005bcc       0xa8 c:/freescale/kds_3.0.0/toolchain/bin/../lib/gcc/arm-none-eabi/4.8.4/../../../../arm-none-eabi/lib/armv7e-m/fpu\libg_s.a(lib_a-wbuf.o)
                0x00005bcc                __swbuf_r
 .text.__swsetup_r
                0x00005c74       0xdc c:/freescale/kds_3.0.0/toolchain/bin/../lib/gcc/arm-none-eabi/4.8.4/../../../../arm-none-eabi/lib/armv7e-m/fpu\libg_s.a(lib_a-wsetup.o)
                0x00005c74                __swsetup_r
 .text.abort    0x00005d50        0xe c:/freescale/kds_3.0.0/toolchain/bin/../lib/gcc/arm-none-eabi/4.8.4/../../../../arm-none-eabi/lib/armv7e-m/fpu\libg_s.a(lib_a-abort.o)
                0x00005d50                abort
 .text.__sflush_r
                0x00005d5e      0x106 c:/freescale/kds_3.0.0/toolchain/bin/../lib/gcc/arm-none-eabi/4.8.4/../../../../arm-none-eabi/lib/armv7e-m/fpu\libg_s.a(lib_a-fflush.o)
                0x00005d5e                __sflush_r
 .text._fflush_r
                0x00005e64       0x54 c:/freescale/kds_3.0.0/toolchain/bin/../lib/gcc/arm-none-eabi/4.8.4/../../../../arm-none-eabi/lib/armv7e-m/fpu\libg_s.a(lib_a-fflush.o)
                0x00005e64                _fflush_r
 .text._cleanup_r
                0x00005eb8       0x32 c:/freescale/kds_3.0.0/toolchain/bin/../lib/gcc/arm-none-eabi/4.8.4/../../../../arm-none-eabi/lib/armv7e-m/fpu\libg_s.a(lib_a-findfp.o)
                0x00005eb8                _cleanup_r
 *fill*         0x00005eea        0x2 
 .text.std.isra.0
                0x00005eec       0x48 c:/freescale/kds_3.0.0/toolchain/bin/../lib/gcc/arm-none-eabi/4.8.4/../../../../arm-none-eabi/lib/armv7e-m/fpu\libg_s.a(lib_a-findfp.o)
 .text.__sfmoreglue
                0x00005f34       0x2c c:/freescale/kds_3.0.0/toolchain/bin/../lib/gcc/arm-none-eabi/4.8.4/../../../../arm-none-eabi/lib/armv7e-m/fpu\libg_s.a(lib_a-findfp.o)
                0x00005f34                __sfmoreglue
 .text.__sinit  0x00005f60       0x60 c:/freescale/kds_3.0.0/toolchain/bin/../lib/gcc/arm-none-eabi/4.8.4/../../../../arm-none-eabi/lib/armv7e-m/fpu\libg_s.a(lib_a-findfp.o)
                0x00005f60                __sinit
 .text.__sfp    0x00005fc0       0x74 c:/freescale/kds_3.0.0/toolchain/bin/../lib/gcc/arm-none-eabi/4.8.4/../../../../arm-none-eabi/lib/armv7e-m/fpu\libg_s.a(lib_a-findfp.o)
                0x00005fc0                __sfp
 .text.__smakebuf_r
                0x00006034       0x9c c:/freescale/kds_3.0.0/toolchain/bin/../lib/gcc/arm-none-eabi/4.8.4/../../../../arm-none-eabi/lib/armv7e-m/fpu\libg_s.a(lib_a-makebuf.o)
                0x00006034                __smakebuf_r
 .text.memchr   0x000060d0       0x1e c:/freescale/kds_3.0.0/toolchain/bin/../lib/gcc/arm-none-eabi/4.8.4/../../../../arm-none-eabi/lib/armv7e-m/fpu\libg_s.a(lib_a-memchr-stub.o)
                0x000060d0                memchr
 .text._raise_r
                0x000060ee       0x50 c:/freescale/kds_3.0.0/toolchain/bin/../lib/gcc/arm-none-eabi/4.8.4/../../../../arm-none-eabi/lib/armv7e-m/fpu\libg_s.a(lib_a-signal.o)
                0x000060ee                _raise_r
 *fill*         0x0000613e        0x2 
 .text.raise    0x00006140       0x10 c:/freescale/kds_3.0.0/toolchain/bin/../lib/gcc/arm-none-eabi/4.8.4/../../../../arm-none-eabi/lib/armv7e-m/fpu\libg_s.a(lib_a-signal.o)
                0x00006140                raise
 .text._kill_r  0x00006150       0x24 c:/freescale/kds_3.0.0/toolchain/bin/../lib/gcc/arm-none-eabi/4.8.4/../../../../arm-none-eabi/lib/armv7e-m/fpu\libg_s.a(lib_a-signalr.o)
                0x00006150                _kill_r
 .text._getpid_r
                0x00006174        0x4 c:/freescale/kds_3.0.0/toolchain/bin/../lib/gcc/arm-none-eabi/4.8.4/../../../../arm-none-eabi/lib/armv7e-m/fpu\libg_s.a(lib_a-signalr.o)
                0x00006174                _getpid_r
 .text.__sread  0x00006178       0x22 c:/freescale/kds_3.0.0/toolchain/bin/../lib/gcc/arm-none-eabi/4.8.4/../../../../arm-none-eabi/lib/armv7e-m/fpu\libg_s.a(lib_a-stdio.o)
                0x00006178                __sread
 .text.__swrite
                0x0000619a       0x38 c:/freescale/kds_3.0.0/toolchain/bin/../lib/gcc/arm-none-eabi/4.8.4/../../../../arm-none-eabi/lib/armv7e-m/fpu\libg_s.a(lib_a-stdio.o)
                0x0000619a                __swrite
 .text.__sseek  0x000061d2       0x24 c:/freescale/kds_3.0.0/toolchain/bin/../lib/gcc/arm-none-eabi/4.8.4/../../../../arm-none-eabi/lib/armv7e-m/fpu\libg_s.a(lib_a-stdio.o)
                0x000061d2                __sseek
 .text.__sclose
                0x000061f6        0x8 c:/freescale/kds_3.0.0/toolchain/bin/../lib/gcc/arm-none-eabi/4.8.4/../../../../arm-none-eabi/lib/armv7e-m/fpu\libg_s.a(lib_a-stdio.o)
                0x000061f6                __sclose
 .text.strlen   0x000061fe       0x10 c:/freescale/kds_3.0.0/toolchain/bin/../lib/gcc/arm-none-eabi/4.8.4/../../../../arm-none-eabi/lib/armv7e-m/fpu\libg_s.a(lib_a-strlen.o)
                0x000061fe                strlen
 *fill*         0x0000620e        0x2 
 .text._write_r
                0x00006210       0x24 c:/freescale/kds_3.0.0/toolchain/bin/../lib/gcc/arm-none-eabi/4.8.4/../../../../arm-none-eabi/lib/armv7e-m/fpu\libg_s.a(lib_a-writer.o)
                0x00006210                _write_r
 .text._close_r
                0x00006234       0x20 c:/freescale/kds_3.0.0/toolchain/bin/../lib/gcc/arm-none-eabi/4.8.4/../../../../arm-none-eabi/lib/armv7e-m/fpu\libg_s.a(lib_a-closer.o)
                0x00006234                _close_r
 .text._fstat_r
                0x00006254       0x24 c:/freescale/kds_3.0.0/toolchain/bin/../lib/gcc/arm-none-eabi/4.8.4/../../../../arm-none-eabi/lib/armv7e-m/fpu\libg_s.a(lib_a-fstatr.o)
                0x00006254                _fstat_r
 .text._isatty_r
                0x00006278       0x20 c:/freescale/kds_3.0.0/toolchain/bin/../lib/gcc/arm-none-eabi/4.8.4/../../../../arm-none-eabi/lib/armv7e-m/fpu\libg_s.a(lib_a-isattyr.o)
                0x00006278                _isatty_r
 .text._lseek_r
                0x00006298       0x24 c:/freescale/kds_3.0.0/toolchain/bin/../lib/gcc/arm-none-eabi/4.8.4/../../../../arm-none-eabi/lib/armv7e-m/fpu\libg_s.a(lib_a-lseekr.o)
                0x00006298                _lseek_r
 .text._read_r  0x000062bc       0x24 c:/freescale/kds_3.0.0/toolchain/bin/../lib/gcc/arm-none-eabi/4.8.4/../../../../arm-none-eabi/lib/armv7e-m/fpu\libg_s.a(lib_a-readr.o)
                0x000062bc                _read_r
 .text._close   0x000062e0       0x10 c:/freescale/kds_3.0.0/toolchain/bin/../lib/gcc/arm-none-eabi/4.8.4/../../../../arm-none-eabi/lib/armv7e-m/fpu\libnosys.a(close.o)
                0x000062e0                _close
 .text._fstat   0x000062f0       0x10 c:/freescale/kds_3.0.0/toolchain/bin/../lib/gcc/arm-none-eabi/4.8.4/../../../../arm-none-eabi/lib/armv7e-m/fpu\libnosys.a(fstat.o)
                0x000062f0                _fstat
 .text._getpid  0x00006300       0x10 c:/freescale/kds_3.0.0/toolchain/bin/../lib/gcc/arm-none-eabi/4.8.4/../../../../arm-none-eabi/lib/armv7e-m/fpu\libnosys.a(getpid.o)
                0x00006300                _getpid
 .text._isatty  0x00006310       0x10 c:/freescale/kds_3.0.0/toolchain/bin/../lib/gcc/arm-none-eabi/4.8.4/../../../../arm-none-eabi/lib/armv7e-m/fpu\libnosys.a(isatty.o)
                0x00006310                _isatty
 .text._kill    0x00006320       0x10 c:/freescale/kds_3.0.0/toolchain/bin/../lib/gcc/arm-none-eabi/4.8.4/../../../../arm-none-eabi/lib/armv7e-m/fpu\libnosys.a(kill.o)
                0x00006320                _kill
 .text._lseek   0x00006330       0x10 c:/freescale/kds_3.0.0/toolchain/bin/../lib/gcc/arm-none-eabi/4.8.4/../../../../arm-none-eabi/lib/armv7e-m/fpu\libnosys.a(lseek.o)
                0x00006330                _lseek
 .text._read    0x00006340       0x10 c:/freescale/kds_3.0.0/toolchain/bin/../lib/gcc/arm-none-eabi/4.8.4/../../../../arm-none-eabi/lib/armv7e-m/fpu\libnosys.a(read.o)
                0x00006340                _read
 .text._sbrk    0x00006350       0x34 c:/freescale/kds_3.0.0/toolchain/bin/../lib/gcc/arm-none-eabi/4.8.4/../../../../arm-none-eabi/lib/armv7e-m/fpu\libnosys.a(sbrk.o)
                0x00006350                _sbrk
 .text._write   0x00006384       0x10 c:/freescale/kds_3.0.0/toolchain/bin/../lib/gcc/arm-none-eabi/4.8.4/../../../../arm-none-eabi/lib/armv7e-m/fpu\libnosys.a(write.o)
                0x00006384                _write
 .text._exit    0x00006394        0x4 c:/freescale/kds_3.0.0/toolchain/bin/../lib/gcc/arm-none-eabi/4.8.4/../../../../arm-none-eabi/lib/armv7e-m/fpu\libnosys.a(_exit.o)
                0x00006394                _exit
 *(.rodata)
 .rodata        0x00006398       0x78 ./Sources/Events.o
 .rodata        0x00006410        0x8 ./Sources/main.o
 .rodata        0x00006418      0x1e4 ./SDK/platform/system/src/clock/MK22F51212/fsl_clock_MK22F51212.o
 .rodata        0x000065fc       0x64 ./SDK/platform/osa/src/fsl_os_abstraction_bm.o
 .rodata        0x00006660       0x38 ./SDK/platform/hal/src/gpio/fsl_gpio_hal.o
 .rodata        0x00006698      0x134 ./SDK/platform/drivers/src/uart/fsl_uart_driver.o
 .rodata        0x000067cc      0x174 ./SDK/platform/drivers/src/pit/fsl_pit_driver.o
 .rodata        0x00006940      0x150 ./SDK/platform/drivers/src/gpio/fsl_gpio_driver.o
 .rodata        0x00006a90      0x154 ./SDK/platform/drivers/src/edma/fsl_edma_driver.o
 .rodata        0x00006be4       0xdc ./SDK/platform/drivers/src/dspi/fsl_dspi_master_driver.o
 .rodata        0x00006cc0       0x5c ./SDK/platform/drivers/src/dspi/fsl_dspi_shared_function.o
 .rodata        0x00006d1c       0x2c ./Generated_Code/osa1.o
 .rodata        0x00006d48       0x5c ./Generated_Code/pin_init.o
 *(.rodata*)
 .rodata.__func__.8426
                0x00006da4       0x18 ./Sources/Events.o
 .rodata.portGateTable
                0x00006dbc        0x8 ./SDK/platform/system/src/clock/MK22F51212/fsl_clock_MK22F51212.o
 .rodata.spiGateTable
                0x00006dc4        0x4 ./SDK/platform/system/src/clock/MK22F51212/fsl_clock_MK22F51212.o
 .rodata.uartGateTable
                0x00006dc8        0x4 ./SDK/platform/system/src/clock/MK22F51212/fsl_clock_MK22F51212.o
 .rodata.__func__.7510
                0x00006dcc       0x1c ./SDK/platform/system/src/clock/MK22F51212/fsl_clock_MK22F51212.o
 .rodata.__func__.7562
                0x00006de8       0x1c ./SDK/platform/system/src/clock/MK22F51212/fsl_clock_MK22F51212.o
 .rodata.__func__.7588
                0x00006e04       0x1c ./SDK/platform/system/src/clock/MK22F51212/fsl_clock_MK22F51212.o
 .rodata.__func__.7551
                0x00006e20       0x10 ./SDK/platform/osa/src/fsl_os_abstraction_bm.o
 .rodata.__func__.7557
                0x00006e30       0x10 ./SDK/platform/osa/src/fsl_os_abstraction_bm.o
 .rodata.__func__.7561
                0x00006e40       0x10 ./SDK/platform/osa/src/fsl_os_abstraction_bm.o
 .rodata.__func__.7607
                0x00006e50       0x10 ./SDK/platform/osa/src/fsl_os_abstraction_bm.o
 .rodata.fllFactorTable.6182
                0x00006e60       0x10 ./SDK/platform/hal/src/mcg/fsl_mcg_hal.o
 .rodata.__func__.5961
                0x00006e70       0x14 ./SDK/platform/hal/src/gpio/fsl_gpio_hal.o
 .rodata.__func__.5967
                0x00006e84       0x18 ./SDK/platform/hal/src/gpio/fsl_gpio_hal.o
 .rodata.s_baudratePrescaler
                0x00006e9c       0x10 ./SDK/platform/hal/src/dspi/fsl_dspi_hal.o
 .rodata.s_baudrateScaler
                0x00006eac       0x40 ./SDK/platform/hal/src/dspi/fsl_dspi_hal.o
 .rodata.g_uartBase
                0x00006eec        0xc ./SDK/platform/drivers/src/uart/fsl_uart_common.o
                0x00006eec                g_uartBase
 .rodata.__func__.8203
                0x00006ef8       0x10 ./SDK/platform/drivers/src/uart/fsl_uart_driver.o
 .rodata.__func__.8176
                0x00006f08       0x14 ./SDK/platform/drivers/src/uart/fsl_uart_driver.o
 .rodata.__func__.8245
                0x00006f1c       0x1c ./SDK/platform/drivers/src/uart/fsl_uart_driver.o
 .rodata.__func__.8326
                0x00006f38       0x1c ./SDK/platform/drivers/src/uart/fsl_uart_driver.o
 .rodata.__func__.8334
                0x00006f54       0x18 ./SDK/platform/drivers/src/uart/fsl_uart_driver.o
 .rodata.__func__.8340
                0x00006f6c       0x20 ./SDK/platform/drivers/src/uart/fsl_uart_driver.o
 .rodata.g_pitBase
                0x00006f8c        0x4 ./SDK/platform/drivers/src/pit/fsl_pit_common.o
                0x00006f8c                g_pitBase
 .rodata.g_pitIrqId
                0x00006f90        0x4 ./SDK/platform/drivers/src/pit/fsl_pit_common.o
                0x00006f90                g_pitIrqId
 .rodata.__func__.7520
                0x00006f94       0x10 ./SDK/platform/drivers/src/pit/fsl_pit_driver.o
 .rodata.__func__.7527
                0x00006fa4       0x14 ./SDK/platform/drivers/src/pit/fsl_pit_driver.o
 .rodata.__func__.5941
                0x00006fb8       0x14 ./SDK/platform/drivers/src/pit/fsl_pit_driver.o
 .rodata.__func__.7504
                0x00006fcc       0x14 ./SDK/platform/drivers/src/pit/fsl_pit_driver.o
 .rodata.__func__.7542
                0x00006fe0       0x14 ./SDK/platform/drivers/src/pit/fsl_pit_driver.o
 .rodata.__func__.5909
                0x00006ff4       0x14 ./SDK/platform/drivers/src/pit/fsl_pit_driver.o
 .rodata.__func__.7555
                0x00007008       0x1c ./SDK/platform/drivers/src/pit/fsl_pit_driver.o
 .rodata.__func__.5925
                0x00007024       0x20 ./SDK/platform/drivers/src/pit/fsl_pit_driver.o
 .rodata.g_gpioBase
                0x00007044       0x14 ./SDK/platform/drivers/src/gpio/fsl_gpio_common.o
                0x00007044                g_gpioBase
 .rodata.g_portBase
                0x00007058       0x14 ./SDK/platform/drivers/src/gpio/fsl_gpio_common.o
                0x00007058                g_portBase
 .rodata.g_portIrqId
                0x0000706c        0x8 ./SDK/platform/drivers/src/gpio/fsl_gpio_common.o
                0x0000706c                g_portIrqId
 .rodata.__func__.5963
                0x00007074       0x14 ./SDK/platform/drivers/src/gpio/fsl_gpio_driver.o
 .rodata.__func__.5933
                0x00007088       0x14 ./SDK/platform/drivers/src/gpio/fsl_gpio_driver.o
 .rodata.__func__.5927
                0x0000709c       0x18 ./SDK/platform/drivers/src/gpio/fsl_gpio_driver.o
 .rodata.__func__.5945
                0x000070b4       0x20 ./SDK/platform/drivers/src/gpio/fsl_gpio_driver.o
 .rodata.__func__.5975
                0x000070d4       0x20 ./SDK/platform/drivers/src/gpio/fsl_gpio_driver.o
 .rodata.__func__.5997
                0x000070f4       0x18 ./SDK/platform/drivers/src/gpio/fsl_gpio_driver.o
 .rodata.__func__.7646
                0x0000710c       0x14 ./SDK/platform/drivers/src/gpio/fsl_gpio_driver.o
 .rodata.__func__.5939
                0x00007120       0x1c ./SDK/platform/drivers/src/gpio/fsl_gpio_driver.o
 .rodata.__func__.5957
                0x0000713c       0x20 ./SDK/platform/drivers/src/gpio/fsl_gpio_driver.o
 .rodata.__func__.5951
                0x0000715c       0x1c ./SDK/platform/drivers/src/gpio/fsl_gpio_driver.o
 .rodata.__func__.6061
                0x00007178       0x18 ./SDK/platform/drivers/src/gpio/fsl_gpio_driver.o
 .rodata.__func__.6066
                0x00007190       0x18 ./SDK/platform/drivers/src/gpio/fsl_gpio_driver.o
 .rodata.__func__.6095
                0x000071a8       0x18 ./SDK/platform/drivers/src/gpio/fsl_gpio_driver.o
 .rodata.g_edmaBase
                0x000071c0        0x4 ./SDK/platform/drivers/src/edma/fsl_edma_common.o
                0x000071c0                g_edmaBase
 .rodata.g_dmamuxBase
                0x000071c4        0x4 ./SDK/platform/drivers/src/edma/fsl_edma_common.o
                0x000071c4                g_dmamuxBase
 .rodata.g_edmaIrqId
                0x000071c8       0x10 ./SDK/platform/drivers/src/edma/fsl_edma_common.o
                0x000071c8                g_edmaIrqId
 .rodata.g_edmaErrIrqId
                0x000071d8        0x4 ./SDK/platform/drivers/src/edma/fsl_edma_common.o
                0x000071d8                g_edmaErrIrqId
 .rodata.__func__.8261
                0x000071dc       0x14 ./SDK/platform/drivers/src/edma/fsl_edma_driver.o
 .rodata.g_dspiBase
                0x000071f0        0x8 ./SDK/platform/drivers/src/dspi/fsl_dspi_common.o
                0x000071f0                g_dspiBase
 .rodata.g_dspiFifoSize
                0x000071f8        0x8 ./SDK/platform/drivers/src/dspi/fsl_dspi_common.o
                0x000071f8                g_dspiFifoSize
 .rodata.g_dspiIrqId
                0x00007200        0x4 ./SDK/platform/drivers/src/dspi/fsl_dspi_common.o
                0x00007200                g_dspiIrqId
 .rodata.__func__.7894
                0x00007204       0x14 ./SDK/platform/drivers/src/dspi/fsl_dspi_master_driver.o
 .rodata.__func__.7939
                0x00007218       0x1c ./SDK/platform/drivers/src/dspi/fsl_dspi_master_driver.o
 .rodata.__func__.6132
                0x00007234       0x14 ./SDK/platform/drivers/src/dspi/fsl_dspi_shared_function.o
 .rodata.dmaController1_InitConfig0
                0x00007248        0x4 ./Generated_Code/dmaController1.o
                0x00007248                dmaController1_InitConfig0
 .rodata.dspiCom1_BusConfig0
                0x0000724c        0xc ./Generated_Code/dspiCom1.o
                0x0000724c                dspiCom1_BusConfig0
 .rodata.dspiCom1_MasterConfig0
                0x00007258        0x8 ./Generated_Code/dspiCom1.o
                0x00007258                dspiCom1_MasterConfig0
 .rodata.gpio1_InpConfig0
                0x00007260       0x3c ./Generated_Code/gpio1.o
                0x00007260                gpio1_InpConfig0
 .rodata.gpio1_OutConfig0
                0x0000729c       0x30 ./Generated_Code/gpio1.o
                0x0000729c                gpio1_OutConfig0
 .rodata.__func__.9745
                0x000072cc       0x10 ./Generated_Code/osa1.o
 .rodata.__func__.5927
                0x000072dc       0x18 ./Generated_Code/pin_init.o
 .rodata.__func__.5933
                0x000072f4       0x14 ./Generated_Code/pin_init.o
 .rodata.__func__.5957
                0x00007308       0x20 ./Generated_Code/pin_init.o
 .rodata.__func__.5963
                0x00007328       0x14 ./Generated_Code/pin_init.o
 .rodata.__func__.5939
                0x0000733c       0x1c ./Generated_Code/pin_init.o
 .rodata.__func__.5951
                0x00007358       0x1c ./Generated_Code/pin_init.o
 .rodata.pitTimer1_InitConfig0
                0x00007374        0x8 ./Generated_Code/pitTimer1.o
                0x00007374                pitTimer1_InitConfig0
 .rodata.uartCom1_InitConfig0
                0x0000737c        0x8 ./Generated_Code/uartCom1.o
                0x0000737c                uartCom1_InitConfig0
 .rodata.str1.1
                0x00007384       0x3c c:/freescale/kds_3.0.0/toolchain/bin/../lib/gcc/arm-none-eabi/4.8.4/../../../../arm-none-eabi/lib/armv7e-m/fpu\libg_s.a(lib_a-assert.o)
                                 0x3d (size before relaxing)
 .rodata.str1.1
                0x000073c0        0x2 c:/freescale/kds_3.0.0/toolchain/bin/../lib/gcc/arm-none-eabi/4.8.4/../../../../arm-none-eabi/lib/armv7e-m/fpu\libg_s.a(lib_a-impure.o)
 *fill*         0x000073c2        0x2 
 .rodata._global_impure_ptr
                0x000073c4        0x4 c:/freescale/kds_3.0.0/toolchain/bin/../lib/gcc/arm-none-eabi/4.8.4/../../../../arm-none-eabi/lib/armv7e-m/fpu\libg_s.a(lib_a-impure.o)
                0x000073c4                _global_impure_ptr
 .rodata.str1.1
                0x000073c8       0x11 c:/freescale/kds_3.0.0/toolchain/bin/../lib/gcc/arm-none-eabi/4.8.4/../../../../arm-none-eabi/lib/armv7e-m/fpu\libg_s.a(lib_a-vfprintf.o)
 .rodata.str1.1
                0x000073d9       0x22 c:/freescale/kds_3.0.0/toolchain/bin/../lib/gcc/arm-none-eabi/4.8.4/../../../../arm-none-eabi/lib/armv7e-m/fpu\libg_s.a(lib_a-vfprintf_i.o)
 *fill*         0x000073fb        0x1 
 .rodata.__sf_fake_stdin
                0x000073fc       0x20 c:/freescale/kds_3.0.0/toolchain/bin/../lib/gcc/arm-none-eabi/4.8.4/../../../../arm-none-eabi/lib/armv7e-m/fpu\libg_s.a(lib_a-findfp.o)
                0x000073fc                __sf_fake_stdin
 .rodata.__sf_fake_stdout
                0x0000741c       0x20 c:/freescale/kds_3.0.0/toolchain/bin/../lib/gcc/arm-none-eabi/4.8.4/../../../../arm-none-eabi/lib/armv7e-m/fpu\libg_s.a(lib_a-findfp.o)
                0x0000741c                __sf_fake_stdout
 .rodata.__sf_fake_stderr
                0x0000743c       0x20 c:/freescale/kds_3.0.0/toolchain/bin/../lib/gcc/arm-none-eabi/4.8.4/../../../../arm-none-eabi/lib/armv7e-m/fpu\libg_s.a(lib_a-findfp.o)
                0x0000743c                __sf_fake_stderr
 *(.glue_7)
 .glue_7        0x00000000        0x0 linker stubs
 *(.glue_7t)
 .glue_7t       0x00000000        0x0 linker stubs
 *(.eh_frame)
 .eh_frame      0x0000745c        0x0 c:/freescale/kds_3.0.0/toolchain/bin/../lib/gcc/arm-none-eabi/4.8.4/armv7e-m/fpu/crtbegin.o
 *(.init)
 .init          0x0000745c        0x4 c:/freescale/kds_3.0.0/toolchain/bin/../lib/gcc/arm-none-eabi/4.8.4/armv7e-m/fpu/crti.o
                0x0000745c                _init
 .init          0x00007460        0x8 c:/freescale/kds_3.0.0/toolchain/bin/../lib/gcc/arm-none-eabi/4.8.4/armv7e-m/fpu/crtn.o
 *(.fini)
 .fini          0x00007468        0x4 c:/freescale/kds_3.0.0/toolchain/bin/../lib/gcc/arm-none-eabi/4.8.4/armv7e-m/fpu/crti.o
                0x00007468                _fini
 .fini          0x0000746c        0x8 c:/freescale/kds_3.0.0/toolchain/bin/../lib/gcc/arm-none-eabi/4.8.4/armv7e-m/fpu/crtn.o
                0x00007474                . = ALIGN (0x4)

.vfp11_veneer   0x00007474        0x0
 .vfp11_veneer  0x00000000        0x0 linker stubs

.v4_bx          0x00007474        0x0
 .v4_bx         0x00000000        0x0 linker stubs

.iplt           0x00007474        0x0
 .iplt          0x00000000        0x0 c:/freescale/kds_3.0.0/toolchain/bin/../lib/gcc/arm-none-eabi/4.8.4/armv7e-m/fpu/crtbegin.o

.ARM.extab
 *(.ARM.extab* .gnu.linkonce.armextab.*)

.ARM            0x00007474        0x8
                0x00007474                __exidx_start = .
 *(.ARM.exidx*)
 .ARM.exidx     0x00007474        0x8 c:/freescale/kds_3.0.0/toolchain/bin/../lib/gcc/arm-none-eabi/4.8.4/../../../../arm-none-eabi/lib/armv7e-m/fpu/crt0.o
 .ARM.exidx     0x0000747c        0x0 c:/freescale/kds_3.0.0/toolchain/bin/../lib/gcc/arm-none-eabi/4.8.4/armv7e-m/fpu\libgcc.a(_divdi3.o)
                                  0x8 (size before relaxing)
 .ARM.exidx     0x0000747c        0x0 c:/freescale/kds_3.0.0/toolchain/bin/../lib/gcc/arm-none-eabi/4.8.4/armv7e-m/fpu\libgcc.a(_udivdi3.o)
                                  0x8 (size before relaxing)
                0x0000747c                __exidx_end = .

.rel.dyn        0x0000747c        0x0
 .rel.iplt      0x00000000        0x0 c:/freescale/kds_3.0.0/toolchain/bin/../lib/gcc/arm-none-eabi/4.8.4/armv7e-m/fpu/crtbegin.o

.ctors          0x0000747c        0x0
                0x0000747c                __CTOR_LIST__ = .
 *crtbegin.o(.ctors)
 *crtbegin?.o(.ctors)
 *(EXCLUDE_FILE(*crtend.o *crtend?.o) .ctors)
 *(SORT(.ctors.*))
 *(.ctors)
                0x0000747c                __CTOR_END__ = .

.dtors          0x0000747c        0x0
                0x0000747c                __DTOR_LIST__ = .
 *crtbegin.o(.dtors)
 *crtbegin?.o(.dtors)
 *(EXCLUDE_FILE(*crtend.o *crtend?.o) .dtors)
 *(SORT(.dtors.*))
 *(.dtors)
                0x0000747c                __DTOR_END__ = .

.preinit_array  0x0000747c        0x0
                0x0000747c                PROVIDE (__preinit_array_start, .)
 *(.preinit_array*)
                0x0000747c                PROVIDE (__preinit_array_end, .)

.init_array     0x0000747c        0x4
                0x0000747c                PROVIDE (__init_array_start, .)
 *(SORT(.init_array.*))
 *(.init_array*)
 .init_array    0x0000747c        0x4 c:/freescale/kds_3.0.0/toolchain/bin/../lib/gcc/arm-none-eabi/4.8.4/armv7e-m/fpu/crtbegin.o
                0x00007480                PROVIDE (__init_array_end, .)

.fini_array     0x00007480        0x4
                0x00007480                PROVIDE (__fini_array_start, .)
 *(SORT(.fini_array.*))
 *(.fini_array*)
 .fini_array    0x00007480        0x4 c:/freescale/kds_3.0.0/toolchain/bin/../lib/gcc/arm-none-eabi/4.8.4/armv7e-m/fpu/crtbegin.o
                0x00007484                PROVIDE (__fini_array_end, .)
                0x00007484                __etext = .
                0x00007484                __DATA_ROM = .

.data           0x1fff0400       0x74 load address 0x00007484
                0x1fff0400                . = ALIGN (0x4)
                0x1fff0400                __DATA_RAM = .
                0x1fff0400                __data_start__ = .
 *(.data)
 *(.data*)
 .data.g_fastInternalRefClkFreq
                0x1fff0400        0x4 ./SDK/platform/hal/src/mcg/fsl_mcg_hal.o
                0x1fff0400                g_fastInternalRefClkFreq
 .data.g_slowInternalRefClkFreq
                0x1fff0404        0x4 ./SDK/platform/hal/src/mcg/fsl_mcg_hal.o
                0x1fff0404                g_slowInternalRefClkFreq
 .data.g_uartRxTxIrqId
                0x1fff0408        0x4 ./SDK/platform/drivers/src/uart/fsl_uart_common.o
                0x1fff0408                g_uartRxTxIrqId
 .data.impure_data
                0x1fff040c       0x60 c:/freescale/kds_3.0.0/toolchain/bin/../lib/gcc/arm-none-eabi/4.8.4/../../../../arm-none-eabi/lib/armv7e-m/fpu\libg_s.a(lib_a-impure.o)
 .data._impure_ptr
                0x1fff046c        0x4 c:/freescale/kds_3.0.0/toolchain/bin/../lib/gcc/arm-none-eabi/4.8.4/../../../../arm-none-eabi/lib/armv7e-m/fpu\libg_s.a(lib_a-impure.o)
                0x1fff046c                _impure_ptr
 *(.jcr*)
 .jcr           0x1fff0470        0x0 c:/freescale/kds_3.0.0/toolchain/bin/../lib/gcc/arm-none-eabi/4.8.4/armv7e-m/fpu/crtbegin.o
 .jcr           0x1fff0470        0x4 c:/freescale/kds_3.0.0/toolchain/bin/../lib/gcc/arm-none-eabi/4.8.4/armv7e-m/fpu/crtend.o
                0x1fff0474                . = ALIGN (0x4)
                0x1fff0474                __data_end__ = .
                0x000074f8                __DATA_END = (__DATA_ROM + (__data_end__ - __data_start__))
                0x000074f8                __m_interrupts_ram_ROMStart = (__DATA_ROM + SIZEOF (.data))

.igot.plt       0x1fff0474        0x0 load address 0x000074f8
 .igot.plt      0x00000000        0x0 c:/freescale/kds_3.0.0/toolchain/bin/../lib/gcc/arm-none-eabi/4.8.4/armv7e-m/fpu/crtbegin.o

.m_interrupts_ram
                0x1fff0000      0x400 load address 0x000074f8
                0x1fff0000                . = ALIGN (0x4)
                0x1fff0000                __m_interrupts_ram_RAMStart = .
 *(.m_interrupts_ram)
                0x1fff0400                . = (. + 0x400)
 *fill*         0x1fff0000      0x400 
                0x1fff0400                __m_interrupts_ram_RAMEnd = .
                0x1fff0400                . = ALIGN (0x4)
                0x00000400                __m_interrupts_ram_ROMSize = (__m_interrupts_ram_RAMEnd - __m_interrupts_ram_RAMStart)
                0x00000400                __RAM_VECTOR_TABLE_SIZE_BYTES = (__m_interrupts_ram_RAMEnd - __m_interrupts_ram_RAMStart)
                0x000078f8                __m_data_2_ROMStart = (__m_interrupts_ram_ROMStart + SIZEOF (.m_interrupts_ram))

.m_data_2       0x20000000        0x0 load address 0x000078f8
                0x20000000                . = ALIGN (0x4)
                0x20000000                __m_data_2_RAMStart = .
 *(.m_data_2)
                0x20000000                __m_data_2_RAMEnd = .
                0x20000000                . = ALIGN (0x4)
                0x00000000                __m_data_2_ROMSize = (__m_data_2_RAMEnd - __m_data_2_RAMStart)

.bss            0x1fff0478      0x18c load address 0x00007500
                0x1fff0478                . = ALIGN (0x4)
                0x1fff0478                __START_BSS = .
                0x1fff0478                __bss_start__ = .
 *(.bss)
 .bss           0x1fff0478       0x1c c:/freescale/kds_3.0.0/toolchain/bin/../lib/gcc/arm-none-eabi/4.8.4/armv7e-m/fpu/crtbegin.o
 *(.bss*)
 .bss.g_interruptDisableCount
                0x1fff0494        0x4 ./SDK/platform/system/src/interrupt/fsl_interrupt_manager.o
                0x1fff0494                g_interruptDisableCount
 .bss.g_taskControlBlockPool
                0x1fff0498       0x50 ./SDK/platform/osa/src/fsl_os_abstraction_bm.o
 .bss.g_freeTaskControlBlock
                0x1fff04e8        0x4 ./SDK/platform/osa/src/fsl_os_abstraction_bm.o
 .bss.g_taskListHead
                0x1fff04ec       0x10 ./SDK/platform/osa/src/fsl_os_abstraction_bm.o
 .bss.g_uartStatePtr
                0x1fff04fc        0xc ./SDK/platform/drivers/src/uart/fsl_uart_common.o
                0x1fff04fc                g_uartStatePtr
 .bss.g_edma    0x1fff0508        0x4 ./SDK/platform/drivers/src/edma/fsl_edma_driver.o
                0x1fff0508                g_edma
 .bss.g_dspiStatePtr
                0x1fff050c        0x8 ./SDK/platform/drivers/src/dspi/fsl_dspi_common.o
                0x1fff050c                g_dspiStatePtr
 .bss.dspiCom1_calculatedBaudRate
                0x1fff0514        0x4 ./Generated_Code/dspiCom1.o
                0x1fff0514                dspiCom1_calculatedBaudRate
 .bss.SwTimerIsrCounter
                0x1fff0518        0x2 ./Generated_Code/osa1.o
 *fill*         0x1fff051a        0x2 
 .bss.__malloc_sbrk_start
                0x1fff051c        0x4 c:/freescale/kds_3.0.0/toolchain/bin/../lib/gcc/arm-none-eabi/4.8.4/../../../../arm-none-eabi/lib/armv7e-m/fpu\libg_s.a(lib_a-nano-mallocr.o)
                0x1fff051c                __malloc_sbrk_start
 .bss.__malloc_free_list
                0x1fff0520        0x4 c:/freescale/kds_3.0.0/toolchain/bin/../lib/gcc/arm-none-eabi/4.8.4/../../../../arm-none-eabi/lib/armv7e-m/fpu\libg_s.a(lib_a-nano-mallocr.o)
                0x1fff0520                __malloc_free_list
 .bss.heap_end.4246
                0x1fff0524        0x4 c:/freescale/kds_3.0.0/toolchain/bin/../lib/gcc/arm-none-eabi/4.8.4/../../../../arm-none-eabi/lib/armv7e-m/fpu\libnosys.a(sbrk.o)
 *(COMMON)
 COMMON         0x1fff0528        0x8 ./Static_Code/System/PE_low_level_init.o
                0x1fff0528                Counter
                0x1fff052c                DelayCounter
 COMMON         0x1fff0530        0x8 ./SDK/platform/hal/src/mcg/fsl_mcg_hal.o
                0x1fff0530                g_xtal0ClkFreq
                0x1fff0534                g_xtalRtcClkFreq
 COMMON         0x1fff0538       0x10 ./SDK/platform/drivers/src/pit/fsl_pit_driver.o
                0x1fff0538                g_pitUsInstance
                0x1fff0539                g_pitUsChannel
                0x1fff0540                g_pitSourceClock
 COMMON         0x1fff0548       0x40 ./Generated_Code/dmaController1.o
                0x1fff0548                dmaController1_State
 COMMON         0x1fff0588       0x38 ./Generated_Code/dspiCom1.o
                0x1fff0588                dspiCom1_MasterState
 COMMON         0x1fff05c0       0x40 ./Generated_Code/uartCom1.o
                0x1fff05c0                uartCom1_State
 COMMON         0x1fff0600        0x4 c:/freescale/kds_3.0.0/toolchain/bin/../lib/gcc/arm-none-eabi/4.8.4/../../../../arm-none-eabi/lib/armv7e-m/fpu\libg_s.a(lib_a-reent.o)
                0x1fff0600                errno
                0x1fff0604                . = ALIGN (0x4)
                0x1fff0604                __bss_end__ = .
                0x1fff0604                __END_BSS = .

.heap           0x20000000        0x0
                0x20000000                . = ALIGN (0x8)
                0x20000000                __end__ = .
                0x20000000                PROVIDE (end, .)
                0x20000000                __HeapBase = .
                0x20000000                . = (. + HEAP_SIZE)
                0x20000000                __HeapLimit = .

.stack          0x20000000      0x400
                0x20000000                . = ALIGN (0x8)
                0x20000400                . = (. + STACK_SIZE)
 *fill*         0x20000000      0x400 
                0x20010000                __StackTop = (ORIGIN (m_data_2) + 0x10000)
                0x2000fc00                __StackLimit = (__StackTop - STACK_SIZE)
                0x20010000                PROVIDE (__stack, __StackTop)

.ARM.attributes
                0x00000000       0x30
 *(.ARM.attributes)
 .ARM.attributes
                0x00000000       0x22 c:/freescale/kds_3.0.0/toolchain/bin/../lib/gcc/arm-none-eabi/4.8.4/armv7e-m/fpu/crti.o
 .ARM.attributes
                0x00000022       0x34 c:/freescale/kds_3.0.0/toolchain/bin/../lib/gcc/arm-none-eabi/4.8.4/armv7e-m/fpu/crtbegin.o
 .ARM.attributes
                0x00000056       0x20 c:/freescale/kds_3.0.0/toolchain/bin/../lib/gcc/arm-none-eabi/4.8.4/../../../../arm-none-eabi/lib/armv7e-m/fpu/crt0.o
 .ARM.attributes
                0x00000076       0x39 ./Static_Code/System/PE_low_level_init.o
 .ARM.attributes
                0x000000af       0x39 ./Sources/Events.o
 .ARM.attributes
                0x000000e8       0x39 ./Sources/NRF24L01_DRIVER.o
 .ARM.attributes
                0x00000121       0x39 ./Sources/main.o
 .ARM.attributes
                0x0000015a       0x39 ./SDK/platform/system/src/interrupt/fsl_interrupt_manager.o
 .ARM.attributes
                0x00000193       0x39 ./SDK/platform/system/src/clock/MK22F51212/fsl_clock_MK22F51212.o
 .ARM.attributes
                0x000001cc       0x39 ./SDK/platform/osa/src/fsl_os_abstraction_bm.o
 .ARM.attributes
                0x00000205       0x39 ./SDK/platform/hal/src/uart/fsl_uart_hal.o
 .ARM.attributes
                0x0000023e       0x39 ./SDK/platform/hal/src/mcg/fsl_mcg_hal.o
 .ARM.attributes
                0x00000277       0x39 ./SDK/platform/hal/src/gpio/fsl_gpio_hal.o
 .ARM.attributes
                0x000002b0       0x39 ./SDK/platform/hal/src/edma/fsl_edma_hal.o
 .ARM.attributes
                0x000002e9       0x39 ./SDK/platform/hal/src/dspi/fsl_dspi_hal.o
 .ARM.attributes
                0x00000322       0x39 ./SDK/platform/hal/src/dmamux/fsl_dmamux_hal.o
 .ARM.attributes
                0x0000035b       0x39 ./SDK/platform/drivers/src/uart/fsl_uart_common.o
 .ARM.attributes
                0x00000394       0x39 ./SDK/platform/drivers/src/uart/fsl_uart_driver.o
 .ARM.attributes
                0x000003cd       0x39 ./SDK/platform/drivers/src/pit/fsl_pit_common.o
 .ARM.attributes
                0x00000406       0x39 ./SDK/platform/drivers/src/pit/fsl_pit_driver.o
 .ARM.attributes
                0x0000043f       0x39 ./SDK/platform/drivers/src/gpio/fsl_gpio_common.o
 .ARM.attributes
                0x00000478       0x39 ./SDK/platform/drivers/src/gpio/fsl_gpio_driver.o
 .ARM.attributes
                0x000004b1       0x39 ./SDK/platform/drivers/src/edma/fsl_edma_common.o
 .ARM.attributes
                0x000004ea       0x39 ./SDK/platform/drivers/src/edma/fsl_edma_driver.o
 .ARM.attributes
                0x00000523       0x39 ./SDK/platform/drivers/src/dspi/fsl_dspi_common.o
 .ARM.attributes
                0x0000055c       0x39 ./SDK/platform/drivers/src/dspi/fsl_dspi_master_driver.o
 .ARM.attributes
                0x00000595       0x39 ./SDK/platform/drivers/src/dspi/fsl_dspi_shared_function.o
 .ARM.attributes
                0x000005ce       0x39 ./SDK/platform/drivers/src/dspi/fsl_dspi_slave_driver.o
 .ARM.attributes
                0x00000607       0x1f ./SDK/platform/devices/MK22F51212/startup/gcc/startup_MK22F51212.o
 .ARM.attributes
                0x00000626       0x39 ./SDK/platform/devices/MK22F51212/startup/system_MK22F51212.o
 .ARM.attributes
                0x0000065f       0x39 ./SDK/platform/devices/startup.o
 .ARM.attributes
                0x00000698       0x39 ./Generated_Code/Cpu.o
 .ARM.attributes
                0x000006d1       0x39 ./Generated_Code/dmaController1.o
 .ARM.attributes
                0x0000070a       0x39 ./Generated_Code/dspiCom1.o
 .ARM.attributes
                0x00000743       0x39 ./Generated_Code/gpio1.o
 .ARM.attributes
                0x0000077c       0x39 ./Generated_Code/hardware_init.o
 .ARM.attributes
                0x000007b5       0x39 ./Generated_Code/osa1.o
 .ARM.attributes
                0x000007ee       0x39 ./Generated_Code/pin_init.o
 .ARM.attributes
                0x00000827       0x39 ./Generated_Code/pitTimer1.o
 .ARM.attributes
                0x00000860       0x39 ./Generated_Code/uartCom1.o
 .ARM.attributes
                0x00000899       0x22 c:/freescale/kds_3.0.0/toolchain/bin/../lib/gcc/arm-none-eabi/4.8.4/armv7e-m/fpu\libgcc.a(_aeabi_uldivmod.o)
 .ARM.attributes
                0x000008bb       0x34 c:/freescale/kds_3.0.0/toolchain/bin/../lib/gcc/arm-none-eabi/4.8.4/armv7e-m/fpu\libgcc.a(bpabi.o)
 .ARM.attributes
                0x000008ef       0x22 c:/freescale/kds_3.0.0/toolchain/bin/../lib/gcc/arm-none-eabi/4.8.4/armv7e-m/fpu\libgcc.a(_dvmd_tls.o)
 .ARM.attributes
                0x00000911       0x34 c:/freescale/kds_3.0.0/toolchain/bin/../lib/gcc/arm-none-eabi/4.8.4/armv7e-m/fpu\libgcc.a(_divdi3.o)
 .ARM.attributes
                0x00000945       0x34 c:/freescale/kds_3.0.0/toolchain/bin/../lib/gcc/arm-none-eabi/4.8.4/armv7e-m/fpu\libgcc.a(_udivdi3.o)
 .ARM.attributes
                0x00000979       0x34 c:/freescale/kds_3.0.0/toolchain/bin/../lib/gcc/arm-none-eabi/4.8.4/../../../../arm-none-eabi/lib/armv7e-m/fpu\libg_s.a(lib_a-assert.o)
 .ARM.attributes
                0x000009ad       0x34 c:/freescale/kds_3.0.0/toolchain/bin/../lib/gcc/arm-none-eabi/4.8.4/../../../../arm-none-eabi/lib/armv7e-m/fpu\libg_s.a(lib_a-exit.o)
 .ARM.attributes
                0x000009e1       0x34 c:/freescale/kds_3.0.0/toolchain/bin/../lib/gcc/arm-none-eabi/4.8.4/../../../../arm-none-eabi/lib/armv7e-m/fpu\libg_s.a(lib_a-fprintf.o)
 .ARM.attributes
                0x00000a15       0x34 c:/freescale/kds_3.0.0/toolchain/bin/../lib/gcc/arm-none-eabi/4.8.4/../../../../arm-none-eabi/lib/armv7e-m/fpu\libg_s.a(lib_a-impure.o)
 .ARM.attributes
                0x00000a49       0x34 c:/freescale/kds_3.0.0/toolchain/bin/../lib/gcc/arm-none-eabi/4.8.4/../../../../arm-none-eabi/lib/armv7e-m/fpu\libg_s.a(lib_a-init.o)
 .ARM.attributes
                0x00000a7d       0x34 c:/freescale/kds_3.0.0/toolchain/bin/../lib/gcc/arm-none-eabi/4.8.4/../../../../arm-none-eabi/lib/armv7e-m/fpu\libg_s.a(lib_a-memset.o)
 .ARM.attributes
                0x00000ab1       0x34 c:/freescale/kds_3.0.0/toolchain/bin/../lib/gcc/arm-none-eabi/4.8.4/../../../../arm-none-eabi/lib/armv7e-m/fpu\libg_s.a(lib_a-nano-freer.o)
 .ARM.attributes
                0x00000ae5       0x34 c:/freescale/kds_3.0.0/toolchain/bin/../lib/gcc/arm-none-eabi/4.8.4/../../../../arm-none-eabi/lib/armv7e-m/fpu\libg_s.a(lib_a-nano-mallocr.o)
 .ARM.attributes
                0x00000b19       0x34 c:/freescale/kds_3.0.0/toolchain/bin/../lib/gcc/arm-none-eabi/4.8.4/../../../../arm-none-eabi/lib/armv7e-m/fpu\libg_s.a(lib_a-sbrkr.o)
 .ARM.attributes
                0x00000b4d       0x34 c:/freescale/kds_3.0.0/toolchain/bin/../lib/gcc/arm-none-eabi/4.8.4/../../../../arm-none-eabi/lib/armv7e-m/fpu\libg_s.a(lib_a-vfprintf.o)
 .ARM.attributes
                0x00000b81       0x34 c:/freescale/kds_3.0.0/toolchain/bin/../lib/gcc/arm-none-eabi/4.8.4/../../../../arm-none-eabi/lib/armv7e-m/fpu\libg_s.a(lib_a-vfprintf_i.o)
 .ARM.attributes
                0x00000bb5       0x34 c:/freescale/kds_3.0.0/toolchain/bin/../lib/gcc/arm-none-eabi/4.8.4/../../../../arm-none-eabi/lib/armv7e-m/fpu\libg_s.a(lib_a-wbuf.o)
 .ARM.attributes
                0x00000be9       0x34 c:/freescale/kds_3.0.0/toolchain/bin/../lib/gcc/arm-none-eabi/4.8.4/../../../../arm-none-eabi/lib/armv7e-m/fpu\libg_s.a(lib_a-wsetup.o)
 .ARM.attributes
                0x00000c1d       0x34 c:/freescale/kds_3.0.0/toolchain/bin/../lib/gcc/arm-none-eabi/4.8.4/../../../../arm-none-eabi/lib/armv7e-m/fpu\libg_s.a(lib_a-abort.o)
 .ARM.attributes
                0x00000c51       0x34 c:/freescale/kds_3.0.0/toolchain/bin/../lib/gcc/arm-none-eabi/4.8.4/../../../../arm-none-eabi/lib/armv7e-m/fpu\libg_s.a(lib_a-fflush.o)
 .ARM.attributes
                0x00000c85       0x34 c:/freescale/kds_3.0.0/toolchain/bin/../lib/gcc/arm-none-eabi/4.8.4/../../../../arm-none-eabi/lib/armv7e-m/fpu\libg_s.a(lib_a-findfp.o)
 .ARM.attributes
                0x00000cb9       0x34 c:/freescale/kds_3.0.0/toolchain/bin/../lib/gcc/arm-none-eabi/4.8.4/../../../../arm-none-eabi/lib/armv7e-m/fpu\libg_s.a(lib_a-makebuf.o)
 .ARM.attributes
                0x00000ced       0x34 c:/freescale/kds_3.0.0/toolchain/bin/../lib/gcc/arm-none-eabi/4.8.4/../../../../arm-none-eabi/lib/armv7e-m/fpu\libg_s.a(lib_a-memchr-stub.o)
 .ARM.attributes
                0x00000d21       0x34 c:/freescale/kds_3.0.0/toolchain/bin/../lib/gcc/arm-none-eabi/4.8.4/../../../../arm-none-eabi/lib/armv7e-m/fpu\libg_s.a(lib_a-reent.o)
 .ARM.attributes
                0x00000d55       0x34 c:/freescale/kds_3.0.0/toolchain/bin/../lib/gcc/arm-none-eabi/4.8.4/../../../../arm-none-eabi/lib/armv7e-m/fpu\libg_s.a(lib_a-signal.o)
 .ARM.attributes
                0x00000d89       0x34 c:/freescale/kds_3.0.0/toolchain/bin/../lib/gcc/arm-none-eabi/4.8.4/../../../../arm-none-eabi/lib/armv7e-m/fpu\libg_s.a(lib_a-signalr.o)
 .ARM.attributes
                0x00000dbd       0x34 c:/freescale/kds_3.0.0/toolchain/bin/../lib/gcc/arm-none-eabi/4.8.4/../../../../arm-none-eabi/lib/armv7e-m/fpu\libg_s.a(lib_a-stdio.o)
 .ARM.attributes
                0x00000df1       0x34 c:/freescale/kds_3.0.0/toolchain/bin/../lib/gcc/arm-none-eabi/4.8.4/../../../../arm-none-eabi/lib/armv7e-m/fpu\libg_s.a(lib_a-strlen.o)
 .ARM.attributes
                0x00000e25       0x34 c:/freescale/kds_3.0.0/toolchain/bin/../lib/gcc/arm-none-eabi/4.8.4/../../../../arm-none-eabi/lib/armv7e-m/fpu\libg_s.a(lib_a-writer.o)
 .ARM.attributes
                0x00000e59       0x34 c:/freescale/kds_3.0.0/toolchain/bin/../lib/gcc/arm-none-eabi/4.8.4/../../../../arm-none-eabi/lib/armv7e-m/fpu\libg_s.a(lib_a-closer.o)
 .ARM.attributes
                0x00000e8d       0x34 c:/freescale/kds_3.0.0/toolchain/bin/../lib/gcc/arm-none-eabi/4.8.4/../../../../arm-none-eabi/lib/armv7e-m/fpu\libg_s.a(lib_a-fstatr.o)
 .ARM.attributes
                0x00000ec1       0x34 c:/freescale/kds_3.0.0/toolchain/bin/../lib/gcc/arm-none-eabi/4.8.4/../../../../arm-none-eabi/lib/armv7e-m/fpu\libg_s.a(lib_a-isattyr.o)
 .ARM.attributes
                0x00000ef5       0x34 c:/freescale/kds_3.0.0/toolchain/bin/../lib/gcc/arm-none-eabi/4.8.4/../../../../arm-none-eabi/lib/armv7e-m/fpu\libg_s.a(lib_a-lseekr.o)
 .ARM.attributes
                0x00000f29       0x34 c:/freescale/kds_3.0.0/toolchain/bin/../lib/gcc/arm-none-eabi/4.8.4/../../../../arm-none-eabi/lib/armv7e-m/fpu\libg_s.a(lib_a-readr.o)
 .ARM.attributes
                0x00000f5d       0x34 c:/freescale/kds_3.0.0/toolchain/bin/../lib/gcc/arm-none-eabi/4.8.4/../../../../arm-none-eabi/lib/armv7e-m/fpu\libnosys.a(close.o)
 .ARM.attributes
                0x00000f91       0x34 c:/freescale/kds_3.0.0/toolchain/bin/../lib/gcc/arm-none-eabi/4.8.4/../../../../arm-none-eabi/lib/armv7e-m/fpu\libnosys.a(fstat.o)
 .ARM.attributes
                0x00000fc5       0x34 c:/freescale/kds_3.0.0/toolchain/bin/../lib/gcc/arm-none-eabi/4.8.4/../../../../arm-none-eabi/lib/armv7e-m/fpu\libnosys.a(getpid.o)
 .ARM.attributes
                0x00000ff9       0x34 c:/freescale/kds_3.0.0/toolchain/bin/../lib/gcc/arm-none-eabi/4.8.4/../../../../arm-none-eabi/lib/armv7e-m/fpu\libnosys.a(isatty.o)
 .ARM.attributes
                0x0000102d       0x34 c:/freescale/kds_3.0.0/toolchain/bin/../lib/gcc/arm-none-eabi/4.8.4/../../../../arm-none-eabi/lib/armv7e-m/fpu\libnosys.a(kill.o)
 .ARM.attributes
                0x00001061       0x34 c:/freescale/kds_3.0.0/toolchain/bin/../lib/gcc/arm-none-eabi/4.8.4/../../../../arm-none-eabi/lib/armv7e-m/fpu\libnosys.a(lseek.o)
 .ARM.attributes
                0x00001095       0x34 c:/freescale/kds_3.0.0/toolchain/bin/../lib/gcc/arm-none-eabi/4.8.4/../../../../arm-none-eabi/lib/armv7e-m/fpu\libnosys.a(read.o)
 .ARM.attributes
                0x000010c9       0x34 c:/freescale/kds_3.0.0/toolchain/bin/../lib/gcc/arm-none-eabi/4.8.4/../../../../arm-none-eabi/lib/armv7e-m/fpu\libnosys.a(sbrk.o)
 .ARM.attributes
                0x000010fd       0x34 c:/freescale/kds_3.0.0/toolchain/bin/../lib/gcc/arm-none-eabi/4.8.4/../../../../arm-none-eabi/lib/armv7e-m/fpu\libnosys.a(write.o)
 .ARM.attributes
                0x00001131       0x34 c:/freescale/kds_3.0.0/toolchain/bin/../lib/gcc/arm-none-eabi/4.8.4/../../../../arm-none-eabi/lib/armv7e-m/fpu\libnosys.a(_exit.o)
 .ARM.attributes
                0x00001165       0x34 c:/freescale/kds_3.0.0/toolchain/bin/../lib/gcc/arm-none-eabi/4.8.4/armv7e-m/fpu/crtend.o
 .ARM.attributes
                0x00001199       0x22 c:/freescale/kds_3.0.0/toolchain/bin/../lib/gcc/arm-none-eabi/4.8.4/armv7e-m/fpu/crtn.o
OUTPUT(K22F-NRF24-Test.elf elf32-littlearm)

.debug_info     0x00000000    0x18948
 .debug_info    0x00000000      0x5a3 ./Static_Code/System/PE_low_level_init.o
 .debug_info    0x000005a3      0x6de ./Sources/Events.o
 .debug_info    0x00000c81      0xa30 ./Sources/NRF24L01_DRIVER.o
 .debug_info    0x000016b1      0x623 ./Sources/main.o
 .debug_info    0x00001cd4      0x42a ./SDK/platform/system/src/interrupt/fsl_interrupt_manager.o
 .debug_info    0x000020fe     0x185f ./SDK/platform/system/src/clock/MK22F51212/fsl_clock_MK22F51212.o
 .debug_info    0x0000395d     0x10a7 ./SDK/platform/osa/src/fsl_os_abstraction_bm.o
 .debug_info    0x00004a04      0xfbf ./SDK/platform/hal/src/uart/fsl_uart_hal.o
 .debug_info    0x000059c3      0xbe3 ./SDK/platform/hal/src/mcg/fsl_mcg_hal.o
 .debug_info    0x000065a6      0x21b ./SDK/platform/hal/src/gpio/fsl_gpio_hal.o
 .debug_info    0x000067c1     0x14ac ./SDK/platform/hal/src/edma/fsl_edma_hal.o
 .debug_info    0x00007c6d      0xc6d ./SDK/platform/hal/src/dspi/fsl_dspi_hal.o
 .debug_info    0x000088da      0x13f ./SDK/platform/hal/src/dmamux/fsl_dmamux_hal.o
 .debug_info    0x00008a19      0x619 ./SDK/platform/drivers/src/uart/fsl_uart_common.o
 .debug_info    0x00009032     0x1608 ./SDK/platform/drivers/src/uart/fsl_uart_driver.o
 .debug_info    0x0000a63a      0x432 ./SDK/platform/drivers/src/pit/fsl_pit_common.o
 .debug_info    0x0000aa6c     0x1496 ./SDK/platform/drivers/src/pit/fsl_pit_driver.o
 .debug_info    0x0000bf02      0x4e5 ./SDK/platform/drivers/src/gpio/fsl_gpio_common.o
 .debug_info    0x0000c3e7     0x124e ./SDK/platform/drivers/src/gpio/fsl_gpio_driver.o
 .debug_info    0x0000d635      0x7c8 ./SDK/platform/drivers/src/edma/fsl_edma_common.o
 .debug_info    0x0000ddfd     0x1dbf ./SDK/platform/drivers/src/edma/fsl_edma_driver.o
 .debug_info    0x0000fbbc      0x55d ./SDK/platform/drivers/src/dspi/fsl_dspi_common.o
 .debug_info    0x00010119     0x1413 ./SDK/platform/drivers/src/dspi/fsl_dspi_master_driver.o
 .debug_info    0x0001152c      0x38f ./SDK/platform/drivers/src/dspi/fsl_dspi_shared_function.o
 .debug_info    0x000118bb     0x1203 ./SDK/platform/drivers/src/dspi/fsl_dspi_slave_driver.o
 .debug_info    0x00012abe       0x9d ./SDK/platform/devices/MK22F51212/startup/gcc/startup_MK22F51212.o
 .debug_info    0x00012b5b      0xb2e ./SDK/platform/devices/MK22F51212/startup/system_MK22F51212.o
 .debug_info    0x00013689      0x3a7 ./SDK/platform/devices/startup.o
 .debug_info    0x00013a30     0x131d ./Generated_Code/Cpu.o
 .debug_info    0x00014d4d      0x7c3 ./Generated_Code/dmaController1.o
 .debug_info    0x00015510      0x8a5 ./Generated_Code/dspiCom1.o
 .debug_info    0x00015db5      0x796 ./Generated_Code/gpio1.o
 .debug_info    0x0001654b      0x40d ./Generated_Code/hardware_init.o
 .debug_info    0x00016958      0xbbf ./Generated_Code/osa1.o
 .debug_info    0x00017517      0x6b9 ./Generated_Code/pin_init.o
 .debug_info    0x00017bd0      0x5bf ./Generated_Code/pitTimer1.o
 .debug_info    0x0001818f      0x7b9 ./Generated_Code/uartCom1.o

.debug_abbrev   0x00000000     0x3da1
 .debug_abbrev  0x00000000      0x151 ./Static_Code/System/PE_low_level_init.o
 .debug_abbrev  0x00000151      0x1ae ./Sources/Events.o
 .debug_abbrev  0x000002ff      0x1bb ./Sources/NRF24L01_DRIVER.o
 .debug_abbrev  0x000004ba      0x176 ./Sources/main.o
 .debug_abbrev  0x00000630      0x14d ./SDK/platform/system/src/interrupt/fsl_interrupt_manager.o
 .debug_abbrev  0x0000077d      0x2e5 ./SDK/platform/system/src/clock/MK22F51212/fsl_clock_MK22F51212.o
 .debug_abbrev  0x00000a62      0x23d ./SDK/platform/osa/src/fsl_os_abstraction_bm.o